
Discarded input sections

 .comment       0x0000000000000000       0x13 ./out/src/arch/x86/interupts/gdt.o
 .eh_frame      0x0000000000000000       0x38 ./out/src/arch/x86/interupts/gdt.o
 .comment       0x0000000000000000       0x13 ./out/src/arch/x86/interupts/idt.o
 .eh_frame      0x0000000000000000       0x78 ./out/src/arch/x86/interupts/idt.o
 .comment       0x0000000000000000       0x13 ./out/src/arch/x86/interupts/interupts.o
 .eh_frame      0x0000000000000000       0xe8 ./out/src/arch/x86/interupts/interupts.o
 .comment       0x0000000000000000       0x13 ./out/src/arch/x86/interupts/control/apic.o
 .comment       0x0000000000000000       0x13 ./out/src/arch/x86/interupts/control/pic.o
 .eh_frame      0x0000000000000000       0x90 ./out/src/arch/x86/interupts/control/pic.o
 .comment       0x0000000000000000       0x13 ./out/src/arch/x86/fs/vfs.o
 .comment       0x0000000000000000       0x13 ./out/src/arch/x86/dev/framebuffer/framebuffer.o
 .eh_frame      0x0000000000000000       0x78 ./out/src/arch/x86/dev/framebuffer/framebuffer.o
 .comment       0x0000000000000000       0x13 ./out/src/arch/x86/dev/debug/serial.o
 .eh_frame      0x0000000000000000       0xd8 ./out/src/arch/x86/dev/debug/serial.o
 .comment       0x0000000000000000       0x13 ./out/src/arch/x86/mem/kmalloc.o
 .eh_frame      0x0000000000000000      0x2a8 ./out/src/arch/x86/mem/kmalloc.o
 .comment       0x0000000000000000       0x13 ./out/src/arch/x86/mem/kmem_manager.o
 .eh_frame      0x0000000000000000      0x2a0 ./out/src/arch/x86/mem/kmem_manager.o
 .comment       0x0000000000000000       0x13 ./out/src/arch/x86/multiboot.o
 .eh_frame      0x0000000000000000       0x70 ./out/src/arch/x86/multiboot.o
 .comment       0x0000000000000000       0x13 ./out/src/arch/x86/kmain.o
 .eh_frame      0x0000000000000000       0x78 ./out/src/arch/x86/kmain.o
 .comment       0x0000000000000000       0x13 ./out/libraries/libc/linkedlist.o
 .eh_frame      0x0000000000000000       0x58 ./out/libraries/libc/linkedlist.o
 .comment       0x0000000000000000       0x13 ./out/libraries/libc/io.o
 .eh_frame      0x0000000000000000       0x80 ./out/libraries/libc/io.o
 .comment       0x0000000000000000       0x13 ./out/libraries/libc/string.o
 .eh_frame      0x0000000000000000       0xb8 ./out/libraries/libc/string.o

Memory Configuration

Name             Origin             Length             Attributes
*default*        0x0000000000000000 0xffffffffffffffff

Linker script and memory map

                0x0000000000100000                . = 0x100000
                0x0000000000100000                _kernel_start = .

.multiboot_header
                0x0000000000100000       0x30
 *(.multiboot_header)
 .multiboot_header
                0x0000000000100000       0x30 ./out/src/boot/multiboot.o

.text           0x0000000000101000     0x3258
 *(.pre_text)
 .pre_text      0x0000000000101000       0x80 ./out/src/boot/multiboot.o
                0x0000000000101000                start
 *(.text*)
 .text          0x0000000000101080       0x47 ./out/src/arch/x86/interupts/gdt.o
                0x0000000000101080                setup_gdt
 *fill*         0x00000000001010c7        0x9 
 .text          0x00000000001010d0       0x81 ./out/src/arch/x86/interupts/idt.o
                0x00000000001010d0                idt_set_gate
                0x00000000001010e0                setup_idt
                0x0000000000101140                handle_isr
                0x0000000000101150                handle_irq
 *fill*         0x0000000000101151        0xf 
 .text          0x0000000000101160      0x6f2 ./out/src/arch/x86/interupts/interupts.o
                0x0000000000101160                init_interupts
                0x0000000000101720                add_handler
                0x0000000000101790                remove_handler
                0x00000000001017b0                interupt_handler
                0x0000000000101840                disable_interupts
                0x0000000000101850                enable_interupts
 .text          0x0000000000101852        0x0 ./out/src/arch/x86/interupts/control/apic.o
 *fill*         0x0000000000101852        0xe 
 .text          0x0000000000101860      0x16e ./out/src/arch/x86/interupts/control/pic.o
                0x0000000000101860                init_pic
                0x0000000000101900                disable_pic
                0x0000000000101990                pic_eoi
 .text          0x00000000001019ce        0x0 ./out/src/arch/x86/fs/vfs.o
 *fill*         0x00000000001019ce        0x2 
 .text          0x00000000001019d0      0x1c4 ./out/src/arch/x86/dev/framebuffer/framebuffer.o
                0x00000000001019d0                init_fb
                0x0000000000101b00                draw_pixel
                0x0000000000101b50                get_data
 *fill*         0x0000000000101b94        0xc 
 .text          0x0000000000101ba0      0x1b9 ./out/src/arch/x86/dev/debug/serial.o
                0x0000000000101ba0                init_serial
                0x0000000000101c10                putch
                0x0000000000101ca0                print
                0x0000000000101ce0                println
 *fill*         0x0000000000101d59        0x7 
 .text          0x0000000000101d60      0x940 ./out/src/arch/x86/mem/kmalloc.o
                0x0000000000101d80                init_kheap
                0x0000000000101dd0                quick_print_node_sizes
                0x0000000000101eb0                split_node
                0x0000000000101f50                can_merge
                0x0000000000101fb0                merge_node_with_next
                0x0000000000102030                merge_node_with_prev
                0x00000000001020a0                merge_nodes
                0x0000000000102190                try_merge
                0x0000000000102300                kfree
                0x0000000000102420                kmalloc
                0x0000000000102570                try_heap_expand
                0x0000000000102690                verify_identity
 .text          0x00000000001026a0     0x130b ./out/src/arch/x86/mem/kmem_manager.o
                0x00000000001026a0                prep_mmap
                0x00000000001026d0                parse_memmap
                0x0000000000102890                kmem_from_phys
                0x00000000001028a0                kmem_to_phys
                0x00000000001029b0                kmem_mark_frame_used
                0x00000000001029f0                kmem_mark_frame_free
                0x0000000000102a40                init_kmem_manager
                0x0000000000102f10                kmem_mark_frame
                0x0000000000102f80                kmem_get_frame
                0x0000000000103010                kmem_nuke_page
                0x0000000000103030                kmem_get_krnl_dir
                0x0000000000103050                kmem_get_page
                0x0000000000103400                kmem_map_memory
                0x0000000000103570                kmem_set_page_flags
                0x0000000000103670                kmem_map_range
                0x0000000000103770                kmem_map_mem
                0x0000000000103820                kmem_alloc
 *fill*         0x00000000001039ab        0x5 
 .text          0x00000000001039b0      0x1d6 ./out/src/arch/x86/multiboot.o
                0x00000000001039b0                mb_initialize
                0x0000000000103b10                next_mb2_tag
                0x0000000000103b50                get_mb2_tag
 *fill*         0x0000000000103b86        0xa 
 .text          0x0000000000103b90      0x1a0 ./out/src/arch/x86/kmain.o
                0x0000000000103b90                thing
                0x0000000000103baa                _ret_from_preempt_source
                0x0000000000103bc0                _start
 .text.startup  0x0000000000103d30       0x16 ./out/src/arch/x86/kmain.o
                0x0000000000103d30                test
 *fill*         0x0000000000103d46        0xa 
 .text          0x0000000000103d50       0x60 ./out/libraries/libc/linkedlist.o
                0x0000000000103d50                init_list
                0x0000000000103d60                add_node
 .text          0x0000000000103db0       0x5c ./out/libraries/libc/io.o
                0x0000000000103db0                in8
                0x0000000000103dc0                in16
                0x0000000000103dd0                out8
                0x0000000000103de0                out16
                0x0000000000103df0                delay
 *fill*         0x0000000000103e0c        0x4 
 .text          0x0000000000103e10      0x203 ./out/libraries/libc/string.o
                0x0000000000103e10                strlen
                0x0000000000103e40                strcmp
                0x0000000000103e80                strcpy
                0x0000000000103eb0                memcpy
                0x0000000000103ec0                memcmp
                0x0000000000103ef0                memset
                0x0000000000103f20                memchr
                0x0000000000103f50                to_string
 *fill*         0x0000000000104013        0xd 
 .text          0x0000000000104020       0x1b ./out/src/arch/x86/asm/gdt.o
                0x0000000000104020                load_gdt
 *fill*         0x000000000010403b        0x5 
 .text          0x0000000000104040      0x1ef ./out/src/arch/x86/asm/irq.o
                0x0000000000104040                flush_idt
                0x0000000000104044                _isr0
                0x000000000010404e                _isr1
                0x0000000000104058                _isr2
                0x0000000000104062                _isr3
                0x000000000010406c                _isr4
                0x0000000000104076                _isr5
                0x0000000000104080                _isr6
                0x000000000010408d                _isr7
                0x0000000000104097                _isr8
                0x000000000010409f                _isr9
                0x00000000001040a9                _isr10
                0x00000000001040b1                _isr11
                0x00000000001040b9                _isr12
                0x00000000001040c1                _isr13
                0x00000000001040c6                _isr14
                0x00000000001040cb                _isr15
                0x00000000001040d2                _isr16
                0x00000000001040d9                _isr17
                0x00000000001040e0                _isr18
                0x00000000001040e7                _isr19
                0x00000000001040ee                _isr20
                0x00000000001040f5                _isr21
                0x00000000001040fc                _isr22
                0x0000000000104103                _isr23
                0x000000000010410a                _isr24
                0x0000000000104111                _isr25
                0x0000000000104118                _isr26
                0x000000000010411f                _isr27
                0x0000000000104126                _isr28
                0x000000000010412d                _isr29
                0x0000000000104134                _isr30
                0x000000000010413b                _isr31
                0x0000000000104180                irq0
                0x0000000000104187                irq1
                0x000000000010418e                irq2
                0x0000000000104195                irq3
                0x000000000010419c                irq4
                0x00000000001041a3                irq5
                0x00000000001041aa                irq6
                0x00000000001041b1                irq7
                0x00000000001041b8                irq8
                0x00000000001041bf                irq9
                0x00000000001041c6                irq10
                0x00000000001041cd                irq11
                0x00000000001041d4                irq12
                0x00000000001041db                irq13
                0x00000000001041e2                irq14
                0x00000000001041e9                irq15
 *fill*         0x000000000010422f        0x1 
 .text          0x0000000000104230       0x28 ./out/src/boot/multiboot.o

.iplt           0x0000000000104258        0x0
 .iplt          0x0000000000104258        0x0 ./out/src/arch/x86/interupts/gdt.o

.rela.dyn       0x0000000000104258        0x0
 .rela.got      0x0000000000104258        0x0 ./out/src/arch/x86/interupts/gdt.o
 .rela.iplt     0x0000000000104258        0x0 ./out/src/arch/x86/interupts/gdt.o
 .rela.text     0x0000000000104258        0x0 ./out/src/arch/x86/interupts/gdt.o
 .rela.data     0x0000000000104258        0x0 ./out/src/arch/x86/interupts/gdt.o

.rodata         0x0000000000105000      0x30e
                0x0000000000105000                start_ctors = .
 *(.ctors)
 .ctors         0x0000000000105000        0x8 ./out/src/arch/x86/kmain.o
 *(.init_array)
                0x0000000000105008                end_ctors = .
 *(.rodata*)
 .rodata.str1.1
                0x0000000000105008        0xa ./out/src/arch/x86/interupts/gdt.o
 .rodata.str1.1
                0x0000000000105012        0xa ./out/src/arch/x86/interupts/idt.o
 .rodata.str1.1
                0x000000000010501c       0x35 ./out/src/arch/x86/interupts/interupts.o
 .rodata.str1.1
                0x0000000000105051       0x1c ./out/src/arch/x86/dev/framebuffer/framebuffer.o
 .rodata.str1.1
                0x000000000010506d       0x69 ./out/src/arch/x86/mem/kmalloc.o
                                         0x6c (size before relaxing)
 *fill*         0x00000000001050d6        0x2 
 .rodata.str1.8
                0x00000000001050d8       0x61 ./out/src/arch/x86/mem/kmalloc.o
 .rodata.str1.1
                0x0000000000105139      0x10d ./out/src/arch/x86/mem/kmem_manager.o
 *fill*         0x0000000000105246        0x2 
 .rodata.str1.8
                0x0000000000105248       0x4a ./out/src/arch/x86/mem/kmem_manager.o
 .rodata.str1.1
                0x0000000000105292       0x1c ./out/src/arch/x86/multiboot.o
 .rodata.str1.1
                0x00000000001052ae       0x3d ./out/src/arch/x86/kmain.o
 *fill*         0x00000000001052eb        0x1 
 .rodata        0x00000000001052ec       0x22 ./out/src/boot/multiboot.o

.data           0x0000000000106000     0x1010
 *(.data*)
 .data          0x0000000000106000     0x1000 ./out/src/arch/x86/interupts/gdt.o
                0x0000000000106000                gdt
 .data          0x0000000000107000        0x0 ./out/src/arch/x86/interupts/idt.o
 .data          0x0000000000107000        0x0 ./out/src/arch/x86/interupts/interupts.o
 .data          0x0000000000107000        0x0 ./out/src/arch/x86/interupts/control/apic.o
 .data          0x0000000000107000        0x2 ./out/src/arch/x86/interupts/control/pic.o
                0x0000000000107000                _irq_mask_cache
 .data          0x0000000000107002        0x0 ./out/src/arch/x86/fs/vfs.o
 .data          0x0000000000107002        0x0 ./out/src/arch/x86/dev/framebuffer/framebuffer.o
 .data          0x0000000000107002        0x0 ./out/src/arch/x86/dev/debug/serial.o
 .data          0x0000000000107002        0x0 ./out/src/arch/x86/mem/kmalloc.o
 .data          0x0000000000107002        0x0 ./out/src/arch/x86/mem/kmem_manager.o
 .data          0x0000000000107002        0x0 ./out/src/arch/x86/multiboot.o
 *fill*         0x0000000000107002        0x6 
 .data          0x0000000000107008        0x8 ./out/src/arch/x86/kmain.o
 .data          0x0000000000107010        0x0 ./out/libraries/libc/linkedlist.o
 .data          0x0000000000107010        0x0 ./out/libraries/libc/io.o
 .data          0x0000000000107010        0x0 ./out/libraries/libc/string.o

.got            0x0000000000107010        0x0
 .got           0x0000000000107010        0x0 ./out/src/arch/x86/interupts/gdt.o

.got.plt        0x0000000000107010        0x0
 .got.plt       0x0000000000107010        0x0 ./out/src/arch/x86/interupts/gdt.o

.igot.plt       0x0000000000107010        0x0
 .igot.plt      0x0000000000107010        0x0 ./out/src/arch/x86/interupts/gdt.o

.bss            0x0000000000108000    0x75000
 *(COMMON)
 *(.bss*)
 .bss           0x0000000000108000        0x0 ./out/src/arch/x86/interupts/gdt.o
 .bss           0x0000000000108000        0xa ./out/src/arch/x86/interupts/idt.o
 *fill*         0x000000000010800a       0x16 
 .bss           0x0000000000108020       0x80 ./out/src/arch/x86/interupts/interupts.o
 .bss           0x00000000001080a0        0x0 ./out/src/arch/x86/interupts/control/apic.o
 .bss           0x00000000001080a0        0x0 ./out/src/arch/x86/interupts/control/pic.o
 .bss           0x00000000001080a0        0x0 ./out/src/arch/x86/fs/vfs.o
 .bss           0x00000000001080a0       0x38 ./out/src/arch/x86/dev/framebuffer/framebuffer.o
 .bss           0x00000000001080d8        0x4 ./out/src/arch/x86/dev/debug/serial.o
 *fill*         0x00000000001080dc        0x4 
 .bss           0x00000000001080e0        0x8 ./out/src/arch/x86/mem/kmalloc.o
 *fill*         0x00000000001080e8      0xf18 
 .bss           0x0000000000109000    0x6b048 ./out/src/arch/x86/mem/kmem_manager.o
                0x0000000000109000                twom_high_pds
                0x0000000000149000                low_base_pmls
                0x000000000016b000                heap_base_pt
                0x000000000016e000                heap_base_pd
                0x000000000016f000                heap_base_pml
                0x0000000000170000                high_base_pml
                0x0000000000171000                base_init_pml
 .bss           0x0000000000174048        0x0 ./out/src/arch/x86/multiboot.o
 .bss           0x0000000000174048        0x8 ./out/src/arch/x86/kmain.o
 .bss           0x0000000000174050        0x0 ./out/libraries/libc/linkedlist.o
 .bss           0x0000000000174050        0x0 ./out/libraries/libc/io.o
 *fill*         0x0000000000174050       0x10 
 .bss           0x0000000000174060      0x100 ./out/libraries/libc/string.o
 *fill*         0x0000000000174160      0xea0 
 .bss           0x0000000000175000     0x4009 ./out/src/boot/multiboot.o
                0x0000000000175000                end_of_mapped_memory
                0x0000000000179009                stack_top
                0x000000000017a000                . = ALIGN (0x1000)
 *fill*         0x0000000000179009      0xff7 
 *(.pts*)
 .pts           0x000000000017a000     0x3000 ./out/src/boot/multiboot.o
                0x000000000017b000                boot_pdpt
                0x000000000017c000                boot_pdt
 *(.heap)
                0x000000000017d000                _kernel_end = .
                0x000000000017d000                _kernel_physical_end = .

/DISCARD/
 *(.comment)
 *(.eh_frame)
 *(.note.gnu.build-id)
LOAD ./out/src/arch/x86/interupts/gdt.o
LOAD ./out/src/arch/x86/interupts/idt.o
LOAD ./out/src/arch/x86/interupts/interupts.o
LOAD ./out/src/arch/x86/interupts/control/apic.o
LOAD ./out/src/arch/x86/interupts/control/pic.o
LOAD ./out/src/arch/x86/fs/vfs.o
LOAD ./out/src/arch/x86/dev/framebuffer/framebuffer.o
LOAD ./out/src/arch/x86/dev/debug/serial.o
LOAD ./out/src/arch/x86/mem/kmalloc.o
LOAD ./out/src/arch/x86/mem/kmem_manager.o
LOAD ./out/src/arch/x86/multiboot.o
LOAD ./out/src/arch/x86/kmain.o
LOAD ./out/libraries/libc/linkedlist.o
LOAD ./out/libraries/libc/io.o
LOAD ./out/libraries/libc/string.o
LOAD ./out/src/arch/x86/asm/gdt.o
LOAD ./out/src/arch/x86/asm/irq.o
LOAD ./out/src/boot/multiboot.o
OUTPUT(lightos.elf elf64-x86-64)

.debug_aranges  0x0000000000000000       0x90
 .debug_aranges
                0x0000000000000000       0x30 ./out/src/arch/x86/asm/gdt.o
 .debug_aranges
                0x0000000000000030       0x30 ./out/src/arch/x86/asm/irq.o
 .debug_aranges
                0x0000000000000060       0x30 ./out/src/boot/multiboot.o

.debug_pubnames
                0x0000000000000000        0x0
 .debug_pubnames
                0x0000000000000000        0x0 ./out/src/arch/x86/asm/gdt.o
 .debug_pubnames
                0x0000000000000000        0x0 ./out/src/arch/x86/asm/irq.o
 .debug_pubnames
                0x0000000000000000        0x0 ./out/src/boot/multiboot.o

.debug_info     0x0000000000000000      0x10c
 .debug_info    0x0000000000000000       0x5a ./out/src/arch/x86/asm/gdt.o
 .debug_info    0x000000000000005a       0x5a ./out/src/arch/x86/asm/irq.o
 .debug_info    0x00000000000000b4       0x58 ./out/src/boot/multiboot.o

.debug_abbrev   0x0000000000000000       0x51
 .debug_abbrev  0x0000000000000000       0x1b ./out/src/arch/x86/asm/gdt.o
 .debug_abbrev  0x000000000000001b       0x1b ./out/src/arch/x86/asm/irq.o
 .debug_abbrev  0x0000000000000036       0x1b ./out/src/boot/multiboot.o

.debug_line     0x0000000000000000      0x22a
 .debug_line    0x0000000000000000       0x55 ./out/src/arch/x86/asm/gdt.o
 .debug_line    0x0000000000000055      0x17f ./out/src/arch/x86/asm/irq.o
 .debug_line    0x00000000000001d4       0x56 ./out/src/boot/multiboot.o

.debug_frame    0x0000000000000000        0x0
 .debug_frame   0x0000000000000000        0x0 ./out/src/arch/x86/asm/gdt.o
 .debug_frame   0x0000000000000000        0x0 ./out/src/arch/x86/asm/irq.o
 .debug_frame   0x0000000000000000        0x0 ./out/src/boot/multiboot.o

.debug_loc      0x0000000000000000        0x0
 .debug_loc     0x0000000000000000        0x0 ./out/src/arch/x86/asm/gdt.o
 .debug_loc     0x0000000000000000        0x0 ./out/src/arch/x86/asm/irq.o
 .debug_loc     0x0000000000000000        0x0 ./out/src/boot/multiboot.o
