
Discarded input sections

 .comment       0x0000000000000000       0x13 ./out/src/arch/x86/interupts/gdt.o
 .eh_frame      0x0000000000000000       0x50 ./out/src/arch/x86/interupts/gdt.o
 .comment       0x0000000000000000       0x13 ./out/src/arch/x86/interupts/idt.o
 .eh_frame      0x0000000000000000       0x90 ./out/src/arch/x86/interupts/idt.o
 .comment       0x0000000000000000       0x13 ./out/src/arch/x86/interupts/interupts.o
 .eh_frame      0x0000000000000000       0xf0 ./out/src/arch/x86/interupts/interupts.o
 .comment       0x0000000000000000       0x13 ./out/src/arch/x86/interupts/control/apic.o
 .comment       0x0000000000000000       0x13 ./out/src/arch/x86/interupts/control/pic.o
 .eh_frame      0x0000000000000000       0x90 ./out/src/arch/x86/interupts/control/pic.o
 .comment       0x0000000000000000       0x13 ./out/src/arch/x86/dev/debug/serial.o
 .eh_frame      0x0000000000000000       0xd8 ./out/src/arch/x86/dev/debug/serial.o
 .comment       0x0000000000000000       0x13 ./out/src/arch/x86/mem/kmalloc.o
 .eh_frame      0x0000000000000000      0x2a8 ./out/src/arch/x86/mem/kmalloc.o
 .comment       0x0000000000000000       0x13 ./out/src/arch/x86/mem/kmem_manager.o
 .eh_frame      0x0000000000000000      0x240 ./out/src/arch/x86/mem/kmem_manager.o
 .comment       0x0000000000000000       0x13 ./out/src/arch/x86/multiboot.o
 .eh_frame      0x0000000000000000       0x90 ./out/src/arch/x86/multiboot.o
 .comment       0x0000000000000000       0x13 ./out/src/arch/x86/kmain.o
 .eh_frame      0x0000000000000000       0x78 ./out/src/arch/x86/kmain.o
 .comment       0x0000000000000000       0x13 ./out/libraries/libc/linkedlist.o
 .eh_frame      0x0000000000000000       0x58 ./out/libraries/libc/linkedlist.o
 .comment       0x0000000000000000       0x13 ./out/libraries/libc/io.o
 .eh_frame      0x0000000000000000       0x80 ./out/libraries/libc/io.o
 .comment       0x0000000000000000       0x13 ./out/libraries/libc/string.o
 .eh_frame      0x0000000000000000       0xb8 ./out/libraries/libc/string.o

Memory Configuration

Name             Origin             Length             Attributes
*default*        0x0000000000000000 0xffffffffffffffff

Linker script and memory map

                0x0000000000100000                . = 0x100000
                0x0000000000100000                _kernel_start = .

.multiboot_header
                0x0000000000100000       0x18
 *(.multiboot_header)
 .multiboot_header
                0x0000000000100000       0x18 ./out/src/boot/multiboot.o

.text           0x0000000000101000     0x2ffa
 *(.pre_text)
 .pre_text      0x0000000000101000       0x80 ./out/src/boot/multiboot.o
                0x0000000000101000                start
 *(.text*)
 .text          0x0000000000101080       0xfe ./out/src/arch/x86/interupts/gdt.o
                0x0000000000101080                setup_gdt
 *fill*         0x000000000010117e        0x2 
 .text          0x0000000000101180      0x191 ./out/src/arch/x86/interupts/idt.o
                0x0000000000101180                simple_populate
                0x00000000001011d0                setup_idt
                0x0000000000101300                handle_isr
                0x0000000000101310                handle_irq
 *fill*         0x0000000000101311        0xf 
 .text          0x0000000000101320      0x4f2 ./out/src/arch/x86/interupts/interupts.o
                0x0000000000101320                init_interupts
                0x00000000001016e0                add_handler
                0x0000000000101750                remove_handler
                0x0000000000101770                interupt_handler
                0x0000000000101800                disable_interupts
                0x0000000000101810                enable_interupts
 .text          0x0000000000101812        0x0 ./out/src/arch/x86/interupts/control/apic.o
 *fill*         0x0000000000101812        0xe 
 .text          0x0000000000101820      0x14e ./out/src/arch/x86/interupts/control/pic.o
                0x0000000000101820                init_pic
                0x00000000001018a0                disable_pic
                0x0000000000101930                pic_eoi
 *fill*         0x000000000010196e        0x2 
 .text          0x0000000000101970      0x1b9 ./out/src/arch/x86/dev/debug/serial.o
                0x0000000000101970                init_serial
                0x00000000001019e0                putch
                0x0000000000101a70                print
                0x0000000000101ab0                println
 *fill*         0x0000000000101b29        0x7 
 .text          0x0000000000101b30      0x940 ./out/src/arch/x86/mem/kmalloc.o
                0x0000000000101b50                init_kheap
                0x0000000000101ba0                quick_print_node_sizes
                0x0000000000101c80                split_node
                0x0000000000101d20                can_merge
                0x0000000000101d80                merge_node_with_next
                0x0000000000101e00                merge_node_with_prev
                0x0000000000101e70                merge_nodes
                0x0000000000101f60                try_merge
                0x00000000001020d0                kfree
                0x00000000001021f0                kmalloc
                0x0000000000102340                try_heap_expand
                0x0000000000102460                verify_identity
 .text          0x0000000000102470     0x12ab ./out/src/arch/x86/mem/kmem_manager.o
                0x0000000000102470                prep_mmap
                0x00000000001024a0                parse_memmap
                0x0000000000102660                kmem_from_phys
                0x0000000000102670                kmem_to_phys
                0x0000000000102780                kmem_mark_frame_used
                0x00000000001027c0                kmem_mark_frame_free
                0x0000000000102810                init_kmem_manager
                0x0000000000102ce0                kmem_mark_frame
                0x0000000000102d50                kmem_get_frame
                0x0000000000102de0                kmem_nuke_page
                0x0000000000102e00                kmem_get_krnl_dir
                0x0000000000102e20                kmem_get_page
                0x00000000001031d0                kmem_set_page_flags
                0x00000000001032d0                kmem_map_memory
                0x0000000000103590                kmem_alloc
 *fill*         0x000000000010371b        0x5 
 .text          0x0000000000103720      0x246 ./out/src/arch/x86/multiboot.o
                0x0000000000103720                mb_initialize
                0x00000000001038f0                next_mb2_tag
                0x0000000000103930                get_mb2_tag
 *fill*         0x0000000000103966        0xa 
 .text          0x0000000000103970      0x150 ./out/src/arch/x86/kmain.o
                0x0000000000103970                thing
                0x00000000001039a0                _start
 .text.startup  0x0000000000103ac0       0x16 ./out/src/arch/x86/kmain.o
                0x0000000000103ac0                test
 *fill*         0x0000000000103ad6        0xa 
 .text          0x0000000000103ae0       0x60 ./out/libraries/libc/linkedlist.o
                0x0000000000103ae0                init_list
                0x0000000000103af0                add_node
 .text          0x0000000000103b40       0x5c ./out/libraries/libc/io.o
                0x0000000000103b40                in8
                0x0000000000103b50                in16
                0x0000000000103b60                out8
                0x0000000000103b70                out16
                0x0000000000103b80                delay
 *fill*         0x0000000000103b9c        0x4 
 .text          0x0000000000103ba0      0x203 ./out/libraries/libc/string.o
                0x0000000000103ba0                strlen
                0x0000000000103bd0                strcmp
                0x0000000000103c10                strcpy
                0x0000000000103c40                memcpy
                0x0000000000103c50                memcmp
                0x0000000000103c80                memset
                0x0000000000103cb0                memchr
                0x0000000000103ce0                to_string
 *fill*         0x0000000000103da3        0xd 
 .text          0x0000000000103db0       0x17 ./out/src/arch/x86/asm/gdt.o
                0x0000000000103db0                load_gdt
                0x0000000000103db6                gdt_flush
 *fill*         0x0000000000103dc7        0x9 
 .text          0x0000000000103dd0      0x1f0 ./out/src/arch/x86/asm/irq.o
                0x0000000000103dd0                flush_idt
                0x0000000000103dd4                _isr0
                0x0000000000103dde                _isr1
                0x0000000000103de8                _isr2
                0x0000000000103df2                _isr3
                0x0000000000103dfc                _isr4
                0x0000000000103e06                _isr5
                0x0000000000103e10                _isr6
                0x0000000000103e1d                _isr7
                0x0000000000103e27                _isr8
                0x0000000000103e2f                _isr9
                0x0000000000103e39                _isr10
                0x0000000000103e41                _isr11
                0x0000000000103e49                _isr12
                0x0000000000103e51                _isr13
                0x0000000000103e56                _isr14
                0x0000000000103e5b                _isr15
                0x0000000000103e62                _isr16
                0x0000000000103e69                _isr17
                0x0000000000103e70                _isr18
                0x0000000000103e77                _isr19
                0x0000000000103e7e                _isr20
                0x0000000000103e85                _isr21
                0x0000000000103e8c                _isr22
                0x0000000000103e93                _isr23
                0x0000000000103e9a                _isr24
                0x0000000000103ea1                _isr25
                0x0000000000103ea8                _isr26
                0x0000000000103eaf                _isr27
                0x0000000000103eb6                _isr28
                0x0000000000103ebd                _isr29
                0x0000000000103ec4                _isr30
                0x0000000000103ecb                _isr31
                0x0000000000103f10                irq0
                0x0000000000103f17                irq1
                0x0000000000103f1e                irq2
                0x0000000000103f25                irq3
                0x0000000000103f2c                irq4
                0x0000000000103f33                irq5
                0x0000000000103f3a                irq6
                0x0000000000103f41                irq7
                0x0000000000103f48                irq8
                0x0000000000103f4f                irq9
                0x0000000000103f56                irq10
                0x0000000000103f5d                irq11
                0x0000000000103f64                irq12
                0x0000000000103f6b                irq13
                0x0000000000103f72                irq14
                0x0000000000103f79                irq15
 .text          0x0000000000103fc0       0x3a ./out/src/boot/multiboot.o

.iplt           0x0000000000103ffa        0x0
 .iplt          0x0000000000103ffa        0x0 ./out/src/arch/x86/interupts/gdt.o

.rela.dyn       0x0000000000104000        0x0
 .rela.got      0x0000000000104000        0x0 ./out/src/arch/x86/interupts/gdt.o
 .rela.iplt     0x0000000000104000        0x0 ./out/src/arch/x86/interupts/gdt.o
 .rela.text     0x0000000000104000        0x0 ./out/src/arch/x86/interupts/gdt.o
 .rela.data     0x0000000000104000        0x0 ./out/src/arch/x86/interupts/gdt.o

.rodata         0x0000000000104000      0x396
                0x0000000000104000                start_ctors = .
 *(.ctors)
 .ctors         0x0000000000104000        0x8 ./out/src/arch/x86/kmain.o
 *(.init_array)
                0x0000000000104008                end_ctors = .
 *(.rodata*)
 .rodata.str1.1
                0x0000000000104008        0xa ./out/src/arch/x86/interupts/gdt.o
 .rodata.str1.1
                0x0000000000104012        0xa ./out/src/arch/x86/interupts/idt.o
 *fill*         0x000000000010401c        0x4 
 .rodata.str1.8
                0x0000000000104020       0x7b ./out/src/arch/x86/interupts/idt.o
 .rodata.str1.1
                0x000000000010409b       0x35 ./out/src/arch/x86/interupts/interupts.o
 .rodata.str1.1
                0x00000000001040d0       0x69 ./out/src/arch/x86/mem/kmalloc.o
                                         0x6c (size before relaxing)
 *fill*         0x0000000000104139        0x7 
 .rodata.str1.8
                0x0000000000104140       0x61 ./out/src/arch/x86/mem/kmalloc.o
 .rodata.str1.1
                0x00000000001041a1      0x12f ./out/src/arch/x86/mem/kmem_manager.o
 .rodata.str1.8
                0x00000000001042d0       0x4a ./out/src/arch/x86/mem/kmem_manager.o
 .rodata.str1.1
                0x000000000010431a       0x1c ./out/src/arch/x86/multiboot.o
 .rodata.str1.1
                0x0000000000104336       0x3d ./out/src/arch/x86/kmain.o
 *fill*         0x0000000000104373        0x1 
 .rodata        0x0000000000104374       0x22 ./out/src/boot/multiboot.o

.data           0x0000000000105000     0x1810
 *(.data*)
 .data          0x0000000000105000     0x1800 ./out/src/arch/x86/interupts/gdt.o
                0x0000000000105000                gdt
 .data          0x0000000000106800        0x0 ./out/src/arch/x86/interupts/idt.o
 .data          0x0000000000106800        0x0 ./out/src/arch/x86/interupts/interupts.o
 .data          0x0000000000106800        0x0 ./out/src/arch/x86/interupts/control/apic.o
 .data          0x0000000000106800        0x2 ./out/src/arch/x86/interupts/control/pic.o
                0x0000000000106800                _irq_mask_cache
 .data          0x0000000000106802        0x0 ./out/src/arch/x86/dev/debug/serial.o
 .data          0x0000000000106802        0x0 ./out/src/arch/x86/mem/kmalloc.o
 .data          0x0000000000106802        0x0 ./out/src/arch/x86/mem/kmem_manager.o
 .data          0x0000000000106802        0x0 ./out/src/arch/x86/multiboot.o
 *fill*         0x0000000000106802        0x6 
 .data          0x0000000000106808        0x8 ./out/src/arch/x86/kmain.o
 .data          0x0000000000106810        0x0 ./out/libraries/libc/linkedlist.o
 .data          0x0000000000106810        0x0 ./out/libraries/libc/io.o
 .data          0x0000000000106810        0x0 ./out/libraries/libc/string.o

.got            0x0000000000106810        0x0
 .got           0x0000000000106810        0x0 ./out/src/arch/x86/interupts/gdt.o

.got.plt        0x0000000000106810        0x0
 .got.plt       0x0000000000106810        0x0 ./out/src/arch/x86/interupts/gdt.o

.igot.plt       0x0000000000106810        0x0
 .igot.plt      0x0000000000106810        0x0 ./out/src/arch/x86/interupts/gdt.o

.bss            0x0000000000107000    0x76000
 *(COMMON)
 *(.bss*)
 .bss           0x0000000000107000        0x0 ./out/src/arch/x86/interupts/gdt.o
 .bss           0x0000000000107000     0x1800 ./out/src/arch/x86/interupts/idt.o
                0x0000000000107000                idt_entries
 .bss           0x0000000000108800       0x80 ./out/src/arch/x86/interupts/interupts.o
 .bss           0x0000000000108880        0x0 ./out/src/arch/x86/interupts/control/apic.o
 .bss           0x0000000000108880        0x0 ./out/src/arch/x86/interupts/control/pic.o
 .bss           0x0000000000108880        0x4 ./out/src/arch/x86/dev/debug/serial.o
 *fill*         0x0000000000108884        0x4 
 .bss           0x0000000000108888        0x8 ./out/src/arch/x86/mem/kmalloc.o
 *fill*         0x0000000000108890      0x770 
 .bss           0x0000000000109000    0x6b048 ./out/src/arch/x86/mem/kmem_manager.o
                0x0000000000109000                twom_high_pds
                0x0000000000149000                low_base_pmls
                0x000000000016b000                heap_base_pt
                0x000000000016e000                heap_base_pd
                0x000000000016f000                heap_base_pml
                0x0000000000170000                high_base_pml
                0x0000000000171000                base_init_pml
 .bss           0x0000000000174048        0x0 ./out/src/arch/x86/multiboot.o
 .bss           0x0000000000174048       0x10 ./out/src/arch/x86/kmain.o
                0x0000000000174048                mb_ptr
 .bss           0x0000000000174058        0x0 ./out/libraries/libc/linkedlist.o
 .bss           0x0000000000174058        0x0 ./out/libraries/libc/io.o
 *fill*         0x0000000000174058        0x8 
 .bss           0x0000000000174060      0x100 ./out/libraries/libc/string.o
 *fill*         0x0000000000174160      0xea0 
 .bss           0x0000000000175000     0x4009 ./out/src/boot/multiboot.o
                0x0000000000175000                end_of_mapped_memory
                0x0000000000179009                stack_top
                0x000000000017a000                . = ALIGN (0x1000)
 *fill*         0x0000000000179009      0xff7 
 *(.pts*)
 .pts           0x000000000017a000     0x3000 ./out/src/boot/multiboot.o
                0x000000000017b000                boot_pdpt
                0x000000000017c000                boot_pdt
 *(.heap)
                0x000000000017d000                _kernel_end = .
                0x000000000017d000                _kernel_physical_end = .

/DISCARD/
 *(.comment)
 *(.eh_frame)
 *(.note.gnu.build-id)
LOAD ./out/src/arch/x86/interupts/gdt.o
LOAD ./out/src/arch/x86/interupts/idt.o
LOAD ./out/src/arch/x86/interupts/interupts.o
LOAD ./out/src/arch/x86/interupts/control/apic.o
LOAD ./out/src/arch/x86/interupts/control/pic.o
LOAD ./out/src/arch/x86/dev/debug/serial.o
LOAD ./out/src/arch/x86/mem/kmalloc.o
LOAD ./out/src/arch/x86/mem/kmem_manager.o
LOAD ./out/src/arch/x86/multiboot.o
LOAD ./out/src/arch/x86/kmain.o
LOAD ./out/libraries/libc/linkedlist.o
LOAD ./out/libraries/libc/io.o
LOAD ./out/libraries/libc/string.o
LOAD ./out/src/arch/x86/asm/gdt.o
LOAD ./out/src/arch/x86/asm/irq.o
LOAD ./out/src/boot/multiboot.o
OUTPUT(lightos.elf elf64-x86-64)

.debug_aranges  0x0000000000000000       0x90
 .debug_aranges
                0x0000000000000000       0x30 ./out/src/arch/x86/asm/gdt.o
 .debug_aranges
                0x0000000000000030       0x30 ./out/src/arch/x86/asm/irq.o
 .debug_aranges
                0x0000000000000060       0x30 ./out/src/boot/multiboot.o

.debug_pubnames
                0x0000000000000000        0x0
 .debug_pubnames
                0x0000000000000000        0x0 ./out/src/arch/x86/asm/gdt.o
 .debug_pubnames
                0x0000000000000000        0x0 ./out/src/arch/x86/asm/irq.o
 .debug_pubnames
                0x0000000000000000        0x0 ./out/src/boot/multiboot.o

.debug_info     0x0000000000000000      0x10c
 .debug_info    0x0000000000000000       0x5a ./out/src/arch/x86/asm/gdt.o
 .debug_info    0x000000000000005a       0x5a ./out/src/arch/x86/asm/irq.o
 .debug_info    0x00000000000000b4       0x58 ./out/src/boot/multiboot.o

.debug_abbrev   0x0000000000000000       0x51
 .debug_abbrev  0x0000000000000000       0x1b ./out/src/arch/x86/asm/gdt.o
 .debug_abbrev  0x000000000000001b       0x1b ./out/src/arch/x86/asm/irq.o
 .debug_abbrev  0x0000000000000036       0x1b ./out/src/boot/multiboot.o

.debug_line     0x0000000000000000      0x22c
 .debug_line    0x0000000000000000       0x54 ./out/src/arch/x86/asm/gdt.o
 .debug_line    0x0000000000000054      0x180 ./out/src/arch/x86/asm/irq.o
 .debug_line    0x00000000000001d4       0x58 ./out/src/boot/multiboot.o

.debug_frame    0x0000000000000000        0x0
 .debug_frame   0x0000000000000000        0x0 ./out/src/arch/x86/asm/gdt.o
 .debug_frame   0x0000000000000000        0x0 ./out/src/arch/x86/asm/irq.o
 .debug_frame   0x0000000000000000        0x0 ./out/src/boot/multiboot.o

.debug_loc      0x0000000000000000        0x0
 .debug_loc     0x0000000000000000        0x0 ./out/src/arch/x86/asm/gdt.o
 .debug_loc     0x0000000000000000        0x0 ./out/src/arch/x86/asm/irq.o
 .debug_loc     0x0000000000000000        0x0 ./out/src/boot/multiboot.o
