
Discarded input sections

 .comment       0x0000000000000000       0x13 ./out/src/arch/x86/interupts/gdt.o
 .eh_frame      0x0000000000000000       0x50 ./out/src/arch/x86/interupts/gdt.o
 .comment       0x0000000000000000       0x13 ./out/src/arch/x86/interupts/idt.o
 .eh_frame      0x0000000000000000       0x90 ./out/src/arch/x86/interupts/idt.o
 .comment       0x0000000000000000       0x13 ./out/src/arch/x86/interupts/interupts.o
 .eh_frame      0x0000000000000000       0xe8 ./out/src/arch/x86/interupts/interupts.o
 .comment       0x0000000000000000       0x13 ./out/src/arch/x86/interupts/control/apic.o
 .comment       0x0000000000000000       0x13 ./out/src/arch/x86/interupts/control/pic.o
 .eh_frame      0x0000000000000000       0x88 ./out/src/arch/x86/interupts/control/pic.o
 .comment       0x0000000000000000       0x13 ./out/src/arch/x86/dev/debug/serial.o
 .eh_frame      0x0000000000000000       0xd8 ./out/src/arch/x86/dev/debug/serial.o
 .comment       0x0000000000000000       0x13 ./out/src/arch/x86/mem/kmalloc.o
 .eh_frame      0x0000000000000000      0x2a8 ./out/src/arch/x86/mem/kmalloc.o
 .comment       0x0000000000000000       0x13 ./out/src/arch/x86/mem/kmem_manager.o
 .eh_frame      0x0000000000000000      0x1e8 ./out/src/arch/x86/mem/kmem_manager.o
 .comment       0x0000000000000000       0x13 ./out/src/arch/x86/multiboot.o
 .eh_frame      0x0000000000000000       0x90 ./out/src/arch/x86/multiboot.o
 .comment       0x0000000000000000       0x13 ./out/src/arch/x86/kmain.o
 .eh_frame      0x0000000000000000       0x78 ./out/src/arch/x86/kmain.o
 .comment       0x0000000000000000       0x13 ./out/libraries/libc/linkedlist.o
 .eh_frame      0x0000000000000000       0x58 ./out/libraries/libc/linkedlist.o
 .comment       0x0000000000000000       0x13 ./out/libraries/libc/io.o
 .eh_frame      0x0000000000000000       0x80 ./out/libraries/libc/io.o
 .comment       0x0000000000000000       0x13 ./out/libraries/libc/string.o
 .eh_frame      0x0000000000000000       0xb8 ./out/libraries/libc/string.o

Memory Configuration

Name             Origin             Length             Attributes
*default*        0x0000000000000000 0xffffffffffffffff

Linker script and memory map

                0x0000000000100000                . = 0x100000
                0x0000000000100000                _kernel_start = .

.multiboot_header
                0x0000000000100000       0x18
 *(.multiboot_header)
 .multiboot_header
                0x0000000000100000       0x18 ./out/src/boot/multiboot.o

.text           0x0000000000101000     0x2caa
 *(.pre_text)
 .pre_text      0x0000000000101000       0x80 ./out/src/boot/multiboot.o
                0x0000000000101000                start
 *(.text*)
 .text          0x0000000000101080       0xfe ./out/src/arch/x86/interupts/gdt.o
                0x0000000000101080                setup_gdt
 *fill*         0x000000000010117e        0x2 
 .text          0x0000000000101180      0x151 ./out/src/arch/x86/interupts/idt.o
                0x0000000000101180                simple_populate
                0x00000000001011d0                setup_idt
                0x00000000001012c0                handle_isr
                0x00000000001012d0                handle_irq
 *fill*         0x00000000001012d1        0xf 
 .text          0x00000000001012e0      0x4e2 ./out/src/arch/x86/interupts/interupts.o
                0x00000000001012e0                init_interupts
                0x00000000001016a0                add_handler
                0x0000000000101710                remove_handler
                0x0000000000101730                interupt_handler
                0x00000000001017b0                disable_interupts
                0x00000000001017c0                enable_interupts
 .text          0x00000000001017c2        0x0 ./out/src/arch/x86/interupts/control/apic.o
 *fill*         0x00000000001017c2        0xe 
 .text          0x00000000001017d0      0x13e ./out/src/arch/x86/interupts/control/pic.o
                0x00000000001017d0                init_pic
                0x0000000000101890                disable_pic
                0x00000000001018d0                pic_eoi
 *fill*         0x000000000010190e        0x2 
 .text          0x0000000000101910      0x1b9 ./out/src/arch/x86/dev/debug/serial.o
                0x0000000000101910                init_serial
                0x0000000000101980                putch
                0x0000000000101a10                print
                0x0000000000101a50                println
 *fill*         0x0000000000101ac9        0x7 
 .text          0x0000000000101ad0      0x940 ./out/src/arch/x86/mem/kmalloc.o
                0x0000000000101af0                init_kheap
                0x0000000000101b40                quick_print_node_sizes
                0x0000000000101c20                split_node
                0x0000000000101cc0                can_merge
                0x0000000000101d20                merge_node_with_next
                0x0000000000101da0                merge_node_with_prev
                0x0000000000101e10                merge_nodes
                0x0000000000101f00                try_merge
                0x0000000000102070                kfree
                0x0000000000102190                kmalloc
                0x00000000001022e0                try_heap_expand
                0x0000000000102400                verify_identity
 .text          0x0000000000102410      0xfcb ./out/src/arch/x86/mem/kmem_manager.o
                0x0000000000102410                prep_mmap
                0x0000000000102440                parse_memmap
                0x0000000000102600                kmem_from_phys
                0x0000000000102610                kmem_to_phys
                0x0000000000102720                kmem_mark_frame_used
                0x0000000000102760                kmem_mark_frame_free
                0x00000000001027b0                init_kmem_manager
                0x0000000000102c80                kmem_mark_frame
                0x0000000000102cf0                kmem_get_frame
                0x0000000000102d80                kmem_get_krnl_dir
                0x0000000000102da0                kmem_get_page
                0x0000000000103150                kmem_set_page_flags
                0x0000000000103250                kmem_alloc
 *fill*         0x00000000001033db        0x5 
 .text          0x00000000001033e0      0x246 ./out/src/arch/x86/multiboot.o
                0x00000000001033e0                mb_initialize
                0x00000000001035b0                next_mb2_tag
                0x00000000001035f0                get_mb2_tag
 *fill*         0x0000000000103626        0xa 
 .text          0x0000000000103630      0x138 ./out/src/arch/x86/kmain.o
                0x0000000000103630                thing
                0x0000000000103660                _start
 *fill*         0x0000000000103768        0x8 
 .text.startup  0x0000000000103770       0x16 ./out/src/arch/x86/kmain.o
                0x0000000000103770                test
 *fill*         0x0000000000103786        0xa 
 .text          0x0000000000103790       0x60 ./out/libraries/libc/linkedlist.o
                0x0000000000103790                init_list
                0x00000000001037a0                add_node
 .text          0x00000000001037f0       0x5c ./out/libraries/libc/io.o
                0x00000000001037f0                in8
                0x0000000000103800                in16
                0x0000000000103810                out8
                0x0000000000103820                out16
                0x0000000000103830                delay
 *fill*         0x000000000010384c        0x4 
 .text          0x0000000000103850      0x203 ./out/libraries/libc/string.o
                0x0000000000103850                strlen
                0x0000000000103880                strcmp
                0x00000000001038c0                strcpy
                0x00000000001038f0                memcpy
                0x0000000000103900                memcmp
                0x0000000000103930                memset
                0x0000000000103960                memchr
                0x0000000000103990                to_string
 *fill*         0x0000000000103a53        0xd 
 .text          0x0000000000103a60       0x17 ./out/src/arch/x86/asm/gdt.o
                0x0000000000103a60                load_gdt
                0x0000000000103a66                gdt_flush
 *fill*         0x0000000000103a77        0x9 
 .text          0x0000000000103a80      0x1ef ./out/src/arch/x86/asm/irq.o
                0x0000000000103a80                flush_idt
                0x0000000000103a84                _isr0
                0x0000000000103a8e                _isr1
                0x0000000000103a98                _isr2
                0x0000000000103aa2                _isr3
                0x0000000000103aac                _isr4
                0x0000000000103ab6                _isr5
                0x0000000000103ac0                _isr6
                0x0000000000103acd                _isr7
                0x0000000000103ad7                _isr8
                0x0000000000103adf                _isr9
                0x0000000000103ae9                _isr10
                0x0000000000103af1                _isr11
                0x0000000000103af9                _isr12
                0x0000000000103b01                _isr13
                0x0000000000103b06                _isr14
                0x0000000000103b0b                _isr15
                0x0000000000103b12                _isr16
                0x0000000000103b19                _isr17
                0x0000000000103b20                _isr18
                0x0000000000103b27                _isr19
                0x0000000000103b2e                _isr20
                0x0000000000103b35                _isr21
                0x0000000000103b3c                _isr22
                0x0000000000103b43                _isr23
                0x0000000000103b4a                _isr24
                0x0000000000103b51                _isr25
                0x0000000000103b58                _isr26
                0x0000000000103b5f                _isr27
                0x0000000000103b66                _isr28
                0x0000000000103b6d                _isr29
                0x0000000000103b74                _isr30
                0x0000000000103b7b                _isr31
                0x0000000000103bc0                irq0
                0x0000000000103bc7                irq1
                0x0000000000103bce                irq2
                0x0000000000103bd5                irq3
                0x0000000000103bdc                irq4
                0x0000000000103be3                irq5
                0x0000000000103bea                irq6
                0x0000000000103bf1                irq7
                0x0000000000103bf8                irq8
                0x0000000000103bff                irq9
                0x0000000000103c06                irq10
                0x0000000000103c0d                irq11
                0x0000000000103c14                irq12
                0x0000000000103c1b                irq13
                0x0000000000103c22                irq14
                0x0000000000103c29                irq15
 *fill*         0x0000000000103c6f        0x1 
 .text          0x0000000000103c70       0x3a ./out/src/boot/multiboot.o

.iplt           0x0000000000103caa        0x0
 .iplt          0x0000000000103caa        0x0 ./out/src/arch/x86/interupts/gdt.o

.rela.dyn       0x0000000000103cb0        0x0
 .rela.got      0x0000000000103cb0        0x0 ./out/src/arch/x86/interupts/gdt.o
 .rela.iplt     0x0000000000103cb0        0x0 ./out/src/arch/x86/interupts/gdt.o
 .rela.text     0x0000000000103cb0        0x0 ./out/src/arch/x86/interupts/gdt.o
 .rela.data     0x0000000000103cb0        0x0 ./out/src/arch/x86/interupts/gdt.o

.rodata         0x0000000000104000      0x36e
                0x0000000000104000                start_ctors = .
 *(.ctors)
 .ctors         0x0000000000104000        0x8 ./out/src/arch/x86/kmain.o
 *(.init_array)
                0x0000000000104008                end_ctors = .
 *(.rodata*)
 .rodata.str1.1
                0x0000000000104008        0xa ./out/src/arch/x86/interupts/gdt.o
 .rodata.str1.1
                0x0000000000104012        0xa ./out/src/arch/x86/interupts/idt.o
 *fill*         0x000000000010401c        0x4 
 .rodata.str1.8
                0x0000000000104020       0x7b ./out/src/arch/x86/interupts/idt.o
 .rodata.str1.1
                0x000000000010409b       0x30 ./out/src/arch/x86/interupts/interupts.o
 .rodata.str1.1
                0x00000000001040cb       0x69 ./out/src/arch/x86/mem/kmalloc.o
                                         0x6c (size before relaxing)
 *fill*         0x0000000000104134        0x4 
 .rodata.str1.8
                0x0000000000104138       0x61 ./out/src/arch/x86/mem/kmalloc.o
 .rodata.str1.1
                0x0000000000104199      0x10d ./out/src/arch/x86/mem/kmem_manager.o
 *fill*         0x00000000001042a6        0x2 
 .rodata.str1.8
                0x00000000001042a8       0x4a ./out/src/arch/x86/mem/kmem_manager.o
 .rodata.str1.1
                0x00000000001042f2       0x1c ./out/src/arch/x86/multiboot.o
 .rodata.str1.1
                0x000000000010430e       0x3d ./out/src/arch/x86/kmain.o
 *fill*         0x000000000010434b        0x1 
 .rodata        0x000000000010434c       0x22 ./out/src/boot/multiboot.o

.data           0x0000000000105000     0x1808
 *(.data*)
 .data          0x0000000000105000     0x1800 ./out/src/arch/x86/interupts/gdt.o
                0x0000000000105000                gdt
 .data          0x0000000000106800        0x0 ./out/src/arch/x86/interupts/idt.o
 .data          0x0000000000106800        0x0 ./out/src/arch/x86/interupts/interupts.o
 .data          0x0000000000106800        0x0 ./out/src/arch/x86/interupts/control/apic.o
 .data          0x0000000000106800        0x0 ./out/src/arch/x86/interupts/control/pic.o
 .data          0x0000000000106800        0x0 ./out/src/arch/x86/dev/debug/serial.o
 .data          0x0000000000106800        0x0 ./out/src/arch/x86/mem/kmalloc.o
 .data          0x0000000000106800        0x0 ./out/src/arch/x86/mem/kmem_manager.o
 .data          0x0000000000106800        0x0 ./out/src/arch/x86/multiboot.o
 .data          0x0000000000106800        0x8 ./out/src/arch/x86/kmain.o
 .data          0x0000000000106808        0x0 ./out/libraries/libc/linkedlist.o
 .data          0x0000000000106808        0x0 ./out/libraries/libc/io.o
 .data          0x0000000000106808        0x0 ./out/libraries/libc/string.o

.got            0x0000000000106808        0x0
 .got           0x0000000000106808        0x0 ./out/src/arch/x86/interupts/gdt.o

.got.plt        0x0000000000106808        0x0
 .got.plt       0x0000000000106808        0x0 ./out/src/arch/x86/interupts/gdt.o

.igot.plt       0x0000000000106808        0x0
 .igot.plt      0x0000000000106808        0x0 ./out/src/arch/x86/interupts/gdt.o

.bss            0x0000000000107000    0x76000
 *(COMMON)
 *(.bss*)
 .bss           0x0000000000107000        0x0 ./out/src/arch/x86/interupts/gdt.o
 .bss           0x0000000000107000     0x1800 ./out/src/arch/x86/interupts/idt.o
                0x0000000000107000                idt_entries
 .bss           0x0000000000108800       0x80 ./out/src/arch/x86/interupts/interupts.o
 .bss           0x0000000000108880        0x0 ./out/src/arch/x86/interupts/control/apic.o
 .bss           0x0000000000108880        0x0 ./out/src/arch/x86/interupts/control/pic.o
 .bss           0x0000000000108880        0x4 ./out/src/arch/x86/dev/debug/serial.o
 *fill*         0x0000000000108884        0x4 
 .bss           0x0000000000108888        0x8 ./out/src/arch/x86/mem/kmalloc.o
 *fill*         0x0000000000108890      0x770 
 .bss           0x0000000000109000    0x6b048 ./out/src/arch/x86/mem/kmem_manager.o
                0x0000000000109000                twom_high_pds
                0x0000000000149000                low_base_pmls
                0x000000000016b000                heap_base_pt
                0x000000000016e000                heap_base_pd
                0x000000000016f000                heap_base_pml
                0x0000000000170000                high_base_pml
                0x0000000000171000                base_init_pml
 .bss           0x0000000000174048        0x0 ./out/src/arch/x86/multiboot.o
 .bss           0x0000000000174048       0x10 ./out/src/arch/x86/kmain.o
                0x0000000000174048                mb_ptr
 .bss           0x0000000000174058        0x0 ./out/libraries/libc/linkedlist.o
 .bss           0x0000000000174058        0x0 ./out/libraries/libc/io.o
 *fill*         0x0000000000174058        0x8 
 .bss           0x0000000000174060      0x100 ./out/libraries/libc/string.o
 *fill*         0x0000000000174160      0xea0 
 .bss           0x0000000000175000     0x4009 ./out/src/boot/multiboot.o
                0x0000000000175000                end_of_mapped_memory
                0x0000000000179009                stack_top
                0x000000000017a000                . = ALIGN (0x1000)
 *fill*         0x0000000000179009      0xff7 
 *(.pts*)
 .pts           0x000000000017a000     0x3000 ./out/src/boot/multiboot.o
                0x000000000017b000                boot_pdpt
                0x000000000017c000                boot_pdt
 *(.heap)
                0x000000000017d000                _kernel_end = .
                0x000000000017d000                _kernel_physical_end = .

/DISCARD/
 *(.comment)
 *(.eh_frame)
 *(.note.gnu.build-id)
LOAD ./out/src/arch/x86/interupts/gdt.o
LOAD ./out/src/arch/x86/interupts/idt.o
LOAD ./out/src/arch/x86/interupts/interupts.o
LOAD ./out/src/arch/x86/interupts/control/apic.o
LOAD ./out/src/arch/x86/interupts/control/pic.o
LOAD ./out/src/arch/x86/dev/debug/serial.o
LOAD ./out/src/arch/x86/mem/kmalloc.o
LOAD ./out/src/arch/x86/mem/kmem_manager.o
LOAD ./out/src/arch/x86/multiboot.o
LOAD ./out/src/arch/x86/kmain.o
LOAD ./out/libraries/libc/linkedlist.o
LOAD ./out/libraries/libc/io.o
LOAD ./out/libraries/libc/string.o
LOAD ./out/src/arch/x86/asm/gdt.o
LOAD ./out/src/arch/x86/asm/irq.o
LOAD ./out/src/boot/multiboot.o
OUTPUT(lightos.elf elf64-x86-64)

.debug_aranges  0x0000000000000000       0x90
 .debug_aranges
                0x0000000000000000       0x30 ./out/src/arch/x86/asm/gdt.o
 .debug_aranges
                0x0000000000000030       0x30 ./out/src/arch/x86/asm/irq.o
 .debug_aranges
                0x0000000000000060       0x30 ./out/src/boot/multiboot.o

.debug_pubnames
                0x0000000000000000        0x0
 .debug_pubnames
                0x0000000000000000        0x0 ./out/src/arch/x86/asm/gdt.o
 .debug_pubnames
                0x0000000000000000        0x0 ./out/src/arch/x86/asm/irq.o
 .debug_pubnames
                0x0000000000000000        0x0 ./out/src/boot/multiboot.o

.debug_info     0x0000000000000000      0x10c
 .debug_info    0x0000000000000000       0x5a ./out/src/arch/x86/asm/gdt.o
 .debug_info    0x000000000000005a       0x5a ./out/src/arch/x86/asm/irq.o
 .debug_info    0x00000000000000b4       0x58 ./out/src/boot/multiboot.o

.debug_abbrev   0x0000000000000000       0x51
 .debug_abbrev  0x0000000000000000       0x1b ./out/src/arch/x86/asm/gdt.o
 .debug_abbrev  0x000000000000001b       0x1b ./out/src/arch/x86/asm/irq.o
 .debug_abbrev  0x0000000000000036       0x1b ./out/src/boot/multiboot.o

.debug_line     0x0000000000000000      0x22b
 .debug_line    0x0000000000000000       0x54 ./out/src/arch/x86/asm/gdt.o
 .debug_line    0x0000000000000054      0x17f ./out/src/arch/x86/asm/irq.o
 .debug_line    0x00000000000001d3       0x58 ./out/src/boot/multiboot.o

.debug_frame    0x0000000000000000        0x0
 .debug_frame   0x0000000000000000        0x0 ./out/src/arch/x86/asm/gdt.o
 .debug_frame   0x0000000000000000        0x0 ./out/src/arch/x86/asm/irq.o
 .debug_frame   0x0000000000000000        0x0 ./out/src/boot/multiboot.o

.debug_loc      0x0000000000000000        0x0
 .debug_loc     0x0000000000000000        0x0 ./out/src/arch/x86/asm/gdt.o
 .debug_loc     0x0000000000000000        0x0 ./out/src/arch/x86/asm/irq.o
 .debug_loc     0x0000000000000000        0x0 ./out/src/boot/multiboot.o
