
Memory Configuration

Name             Origin             Length             Attributes
*default*        0x0000000000000000 0xffffffffffffffff

Linker script and memory map

                0x0000000000100000                . = 0x100000

.multiboot_header
                0x0000000000100000       0x30
 *(.multiboot_header)
 .multiboot_header
                0x0000000000100000       0x30 ./out/src/arch/x86/asm/multiboot.o

.text           0x0000000000101000      0x2b4
 *(.text*)
 .text          0x0000000000101000      0x134 ./out/src/arch/x86/dev/debug/serial.o
                0x0000000000101000                in8
                0x0000000000101009                in16
                0x0000000000101013                in32
                0x000000000010101c                out8
                0x0000000000101028                out16
                0x0000000000101035                out32
                0x0000000000101041                delay
                0x0000000000101052                init_serial
                0x0000000000101093                putch
                0x00000000001010d0                print
                0x00000000001010f3                println
 .text          0x0000000000101134       0x4f ./out/src/arch/x86/kmain.o
                0x0000000000101134                _start
 .text.startup  0x0000000000101183       0x1f ./out/src/arch/x86/kmain.o
                0x0000000000101183                test
 .text          0x00000000001011a2        0x0 ./out/libraries/libc/io.o
 .text          0x00000000001011a2       0xe3 ./out/libraries/libc/string.o
                0x00000000001011a2                strlen
                0x00000000001011b5                strcmp
                0x00000000001011d5                strcpy
                0x00000000001011f1                memcpy
                0x0000000000101216                memcmp
                0x0000000000101241                memset
                0x0000000000101261                memchr
 *fill*         0x0000000000101285        0xb 
 .text          0x0000000000101290       0x24 ./out/src/arch/x86/asm/multiboot.o
                0x0000000000101290                start

.iplt           0x00000000001012b4        0x0
 .iplt          0x00000000001012b4        0x0 ./out/src/arch/x86/dev/debug/serial.o

.rel.dyn        0x00000000001012b4        0x0
 .rel.got       0x00000000001012b4        0x0 ./out/src/arch/x86/dev/debug/serial.o
 .rel.iplt      0x00000000001012b4        0x0 ./out/src/arch/x86/dev/debug/serial.o
 .rel.text      0x00000000001012b4        0x0 ./out/src/arch/x86/dev/debug/serial.o

.rodata         0x0000000000102000        0xd
                0x0000000000102000                start_ctors = .
 *(.ctors)
 .ctors         0x0000000000102000        0x4 ./out/src/arch/x86/kmain.o
 *(.init_array)
                0x0000000000102004                end_ctors = .
 *(.rodata*)
 .rodata.str1.1
                0x0000000000102004        0x9 ./out/src/arch/x86/kmain.o

.data           0x0000000000103000        0x4
 *(.data*)
 .data          0x0000000000103000        0x0 ./out/src/arch/x86/dev/debug/serial.o
 .data          0x0000000000103000        0x0 ./out/src/arch/x86/kmain.o
 .data          0x0000000000103000        0x0 ./out/libraries/libc/io.o
 .data          0x0000000000103000        0x0 ./out/libraries/libc/string.o
 .data          0x0000000000103000        0x4 ./out/src/arch/x86/asm/multiboot.o

.got            0x0000000000103004        0x0
 .got           0x0000000000103004        0x0 ./out/src/arch/x86/dev/debug/serial.o

.got.plt        0x0000000000103004        0x0
 .got.plt       0x0000000000103004        0x0 ./out/src/arch/x86/dev/debug/serial.o

.igot.plt       0x0000000000103004        0x0
 .igot.plt      0x0000000000103004        0x0 ./out/src/arch/x86/dev/debug/serial.o

.bss            0x0000000000104000     0x1008
 *(COMMON)
 *(.bss*)
 .bss           0x0000000000104000        0x4 ./out/src/arch/x86/dev/debug/serial.o
 .bss           0x0000000000104004        0x4 ./out/src/arch/x86/kmain.o
                0x0000000000104004                test_var
 .bss           0x0000000000104008        0x0 ./out/libraries/libc/io.o
 .bss           0x0000000000104008        0x0 ./out/libraries/libc/string.o
 .bss           0x0000000000104008     0x1000 ./out/src/arch/x86/asm/multiboot.o
LOAD ./out/src/arch/x86/dev/debug/serial.o
LOAD ./out/src/arch/x86/kmain.o
LOAD ./out/libraries/libc/io.o
LOAD ./out/libraries/libc/string.o
LOAD ./out/src/arch/x86/asm/multiboot.o
OUTPUT(lightos.elf elf32-i386)

.comment        0x0000000000000000       0x12
 .comment       0x0000000000000000       0x12 ./out/src/arch/x86/dev/debug/serial.o
                                         0x13 (size before relaxing)
 .comment       0x0000000000000012       0x13 ./out/src/arch/x86/kmain.o
 .comment       0x0000000000000012       0x13 ./out/libraries/libc/io.o
 .comment       0x0000000000000012       0x13 ./out/libraries/libc/string.o
