
Memory Configuration

Name             Origin             Length             Attributes
*default*        0x0000000000000000 0xffffffffffffffff

Linker script and memory map

                0x0000000000100000                . = 0x100000
                0x0000000000100000                _kernel_start = .
                0xffffffff80000000                _kern_virtual_offset = 0xffffffff80000000

.multiboot_header
                0x0000000000100000       0x18
 *(.multiboot_header)
 .multiboot_header
                0x0000000000100000       0x18 ./out/src/boot/multiboot.o

.pre_text       0x0000000000100018       0xa8
 *(.pre_text)
 .pre_text      0x0000000000100018       0xa8 ./out/src/boot/multiboot.o
                0x0000000000100018                start
                0xffffffff801000c0                . = (. + _kern_virtual_offset)

.text           0xffffffff80101000      0x788 load address 0x0000000000101000
 *(.text*)
 .text          0xffffffff80101000      0x22e ./out/src/arch/x86/dev/debug/serial.o
                0xffffffff80101000                in8
                0xffffffff80101010                in16
                0xffffffff80101020                out8
                0xffffffff80101030                out16
                0xffffffff80101040                delay
                0xffffffff80101060                init_serial
                0xffffffff801010b0                putch
                0xffffffff80101100                print
                0xffffffff80101170                println
 *fill*         0xffffffff8010122e        0x2 
 .text          0xffffffff80101230       0x49 ./out/src/arch/x86/kmain.o
                0xffffffff80101230                _start
 *fill*         0xffffffff80101279        0x7 
 .text.startup  0xffffffff80101280       0x17 ./out/src/arch/x86/kmain.o
                0xffffffff80101280                test
 *fill*         0xffffffff80101297        0x9 
 .text          0xffffffff801012a0      0x4ab ./out/libraries/libc/string.o
                0xffffffff801012a0                strlen
                0xffffffff801012d0                strcmp
                0xffffffff80101310                strcpy
                0xffffffff80101340                memcpy
                0xffffffff80101560                memcmp
                0xffffffff80101590                memset
                0xffffffff80101720                memchr
 *fill*         0xffffffff8010174b        0x5 
 .text          0xffffffff80101750       0x38 ./out/src/boot/multiboot.o

.iplt           0xffffffff80101788        0x0 load address 0x0000000000101788
 .iplt          0xffffffff80101788        0x0 ./out/src/arch/x86/dev/debug/serial.o

.rodata         0xffffffff80102000       0x60 load address 0x0000000000102000
                0xffffffff80102000                start_ctors = .
 *(.ctors)
 .ctors         0xffffffff80102000        0x8 ./out/src/arch/x86/kmain.o
 *(.init_array)
                0xffffffff80102008                end_ctors = .
 *(.rodata*)
 .rodata.str1.1
                0xffffffff80102008       0x2c ./out/src/arch/x86/kmain.o
 .rodata        0xffffffff80102034       0x2c ./out/src/boot/multiboot.o

.eh_frame       0xffffffff80102060      0x194 load address 0x0000000000102060
 .eh_frame      0xffffffff80102060       0xd0 ./out/src/arch/x86/dev/debug/serial.o
 .eh_frame      0xffffffff80102130       0x38 ./out/src/arch/x86/kmain.o
                                         0x50 (size before relaxing)
 .eh_frame      0xffffffff80102168       0x8c ./out/libraries/libc/string.o
                                         0xa8 (size before relaxing)

.rela.dyn       0xffffffff801021f8        0x0 load address 0x00000000001021f8
 .rela.got      0xffffffff801021f8        0x0 ./out/src/arch/x86/dev/debug/serial.o
 .rela.iplt     0xffffffff801021f8        0x0 ./out/src/arch/x86/dev/debug/serial.o
 .rela.text     0xffffffff801021f8        0x0 ./out/src/arch/x86/dev/debug/serial.o

.data           0xffffffff80103000        0x0 load address 0x0000000000103000
 *(.data*)
 .data          0xffffffff80103000        0x0 ./out/src/arch/x86/dev/debug/serial.o
 .data          0xffffffff80103000        0x0 ./out/src/arch/x86/kmain.o
 .data          0xffffffff80103000        0x0 ./out/libraries/libc/string.o

.got            0xffffffff801021f8        0x0 load address 0x00000000001021f8
 .got           0xffffffff801021f8        0x0 ./out/src/arch/x86/dev/debug/serial.o

.got.plt        0xffffffff801021f8        0x0 load address 0x00000000001021f8
 .got.plt       0xffffffff801021f8        0x0 ./out/src/arch/x86/dev/debug/serial.o

.igot.plt       0xffffffff801021f8        0x0 load address 0x00000000001021f8
 .igot.plt      0xffffffff801021f8        0x0 ./out/src/arch/x86/dev/debug/serial.o

.bss            0xffffffff80103000     0x9009 load address 0x0000000000103000
 *(COMMON)
 *(.bss*)
 .bss           0xffffffff80103000        0x4 ./out/src/arch/x86/dev/debug/serial.o
 *fill*         0xffffffff80103004        0x4 
 .bss           0xffffffff80103008        0x8 ./out/src/arch/x86/kmain.o
                0xffffffff80103008                test_var
 .bss           0xffffffff80103010        0x0 ./out/libraries/libc/string.o
 *fill*         0xffffffff80103010      0xff0 
 .bss           0xffffffff80104000     0x8009 ./out/src/boot/multiboot.o
                0xffffffff80108000                end_of_mapped_memory
                0xffffffff8010c009                _kernel_end = .
                0x000000000010c009                _kernel_physical_end = (. - _kern_virtual_offset)
LOAD ./out/src/arch/x86/dev/debug/serial.o
LOAD ./out/src/arch/x86/kmain.o
LOAD ./out/libraries/libc/string.o
LOAD ./out/src/boot/multiboot.o
OUTPUT(lightos.elf elf64-x86-64)

.debug_info     0x0000000000000000      0xdcb
 .debug_info    0x0000000000000000      0x819 ./out/src/arch/x86/dev/debug/serial.o
 .debug_info    0x0000000000000819      0x18b ./out/src/arch/x86/kmain.o
 .debug_info    0x00000000000009a4      0x3cf ./out/libraries/libc/string.o
 .debug_info    0x0000000000000d73       0x58 ./out/src/boot/multiboot.o

.debug_abbrev   0x0000000000000000      0x457
 .debug_abbrev  0x0000000000000000      0x22b ./out/src/arch/x86/dev/debug/serial.o
 .debug_abbrev  0x000000000000022b      0x100 ./out/src/arch/x86/kmain.o
 .debug_abbrev  0x000000000000032b      0x111 ./out/libraries/libc/string.o
 .debug_abbrev  0x000000000000043c       0x1b ./out/src/boot/multiboot.o

.debug_loc      0x0000000000000000     0x11d4
 .debug_loc     0x0000000000000000      0x74e ./out/src/arch/x86/dev/debug/serial.o
 .debug_loc     0x000000000000074e       0x25 ./out/src/arch/x86/kmain.o
 .debug_loc     0x0000000000000773      0xa61 ./out/libraries/libc/string.o
 .debug_loc     0x00000000000011d4        0x0 ./out/src/boot/multiboot.o

.debug_aranges  0x0000000000000000       0xd0
 .debug_aranges
                0x0000000000000000       0x30 ./out/src/arch/x86/dev/debug/serial.o
 .debug_aranges
                0x0000000000000030       0x40 ./out/src/arch/x86/kmain.o
 .debug_aranges
                0x0000000000000070       0x30 ./out/libraries/libc/string.o
 .debug_aranges
                0x00000000000000a0       0x30 ./out/src/boot/multiboot.o

.debug_ranges   0x0000000000000000      0x2c0
 .debug_ranges  0x0000000000000000      0x1a0 ./out/src/arch/x86/dev/debug/serial.o
 .debug_ranges  0x00000000000001a0       0x70 ./out/src/arch/x86/kmain.o
 .debug_ranges  0x0000000000000210       0xb0 ./out/libraries/libc/string.o

.debug_line     0x0000000000000000      0xa2d
 .debug_line    0x0000000000000000      0x379 ./out/src/arch/x86/dev/debug/serial.o
 .debug_line    0x0000000000000379      0x10b ./out/src/arch/x86/kmain.o
 .debug_line    0x0000000000000484      0x553 ./out/libraries/libc/string.o
 .debug_line    0x00000000000009d7       0x56 ./out/src/boot/multiboot.o

.debug_str      0x0000000000000000      0x2eb
 .debug_str     0x0000000000000000      0x218 ./out/src/arch/x86/dev/debug/serial.o
                                        0x244 (size before relaxing)
 .debug_str     0x0000000000000218       0x58 ./out/src/arch/x86/kmain.o
                                        0x230 (size before relaxing)
 .debug_str     0x0000000000000270       0x7b ./out/libraries/libc/string.o
                                        0x24c (size before relaxing)

.comment        0x0000000000000000       0x12
 .comment       0x0000000000000000       0x12 ./out/src/arch/x86/dev/debug/serial.o
                                         0x13 (size before relaxing)
 .comment       0x0000000000000012       0x13 ./out/src/arch/x86/kmain.o
 .comment       0x0000000000000012       0x13 ./out/libraries/libc/string.o

.debug_pubnames
                0x0000000000000000        0x0
 .debug_pubnames
                0x0000000000000000        0x0 ./out/src/boot/multiboot.o

.debug_frame    0x0000000000000000        0x0
 .debug_frame   0x0000000000000000        0x0 ./out/src/boot/multiboot.o
