
Memory Configuration

Name             Origin             Length             Attributes
*default*        0x0000000000000000 0xffffffffffffffff

Linker script and memory map

                0x0000000000100000                . = 0x100000

.multiboot_header
                0x0000000000100000       0x30
 *(.multiboot_header)
 .multiboot_header
                0x0000000000100000       0x30 ./out/src/arch/x86/asm/multiboot.o

.text           0x0000000000101000      0x164
 *(.text*)
 .text          0x0000000000101000       0x4a ./out/src/arch/x86/kmain.o
                0x0000000000101000                _start
 .text.startup  0x000000000010104a        0xb ./out/src/arch/x86/kmain.o
                0x000000000010104a                test
 .text          0x0000000000101055       0xe3 ./out/libraries/libc/string.o
                0x0000000000101055                strlen
                0x0000000000101068                strcmp
                0x0000000000101088                strcpy
                0x00000000001010a4                memcpy
                0x00000000001010c9                memcmp
                0x00000000001010f4                memset
                0x0000000000101114                memchr
 *fill*         0x0000000000101138        0x8 
 .text          0x0000000000101140       0x24 ./out/src/arch/x86/asm/multiboot.o
                0x0000000000101140                start

.iplt           0x0000000000101164        0x0
 .iplt          0x0000000000101164        0x0 ./out/src/arch/x86/kmain.o

.rel.dyn        0x0000000000101164        0x0
 .rel.got       0x0000000000101164        0x0 ./out/src/arch/x86/kmain.o
 .rel.iplt      0x0000000000101164        0x0 ./out/src/arch/x86/kmain.o
 .rel.text      0x0000000000101164        0x0 ./out/src/arch/x86/kmain.o

.rodata         0x0000000000102000        0xf
                0x0000000000102000                start_ctors = .
 *(.ctors)
 .ctors         0x0000000000102000        0x4 ./out/src/arch/x86/kmain.o
 *(.init_array)
                0x0000000000102004                end_ctors = .
 *(.rodata*)
 .rodata.str1.1
                0x0000000000102004        0xb ./out/src/arch/x86/kmain.o

.data           0x0000000000103000        0x4
 *(.data*)
 .data          0x0000000000103000        0x0 ./out/src/arch/x86/kmain.o
 .data          0x0000000000103000        0x0 ./out/libraries/libc/string.o
 .data          0x0000000000103000        0x4 ./out/src/arch/x86/asm/multiboot.o

.got            0x0000000000103004        0x0
 .got           0x0000000000103004        0x0 ./out/src/arch/x86/kmain.o

.got.plt        0x0000000000103004        0x0
 .got.plt       0x0000000000103004        0x0 ./out/src/arch/x86/kmain.o

.igot.plt       0x0000000000103004        0x0
 .igot.plt      0x0000000000103004        0x0 ./out/src/arch/x86/kmain.o

.bss            0x0000000000104000     0x1004
 *(COMMON)
 *(.bss*)
 .bss           0x0000000000104000        0x4 ./out/src/arch/x86/kmain.o
                0x0000000000104000                test_var
 .bss           0x0000000000104004        0x0 ./out/libraries/libc/string.o
 .bss           0x0000000000104004     0x1000 ./out/src/arch/x86/asm/multiboot.o
LOAD ./out/src/arch/x86/kmain.o
LOAD ./out/libraries/libc/string.o
LOAD ./out/src/arch/x86/asm/multiboot.o
OUTPUT(lightos.elf elf32-i386)

.comment        0x0000000000000000       0x12
 .comment       0x0000000000000000       0x12 ./out/src/arch/x86/kmain.o
                                         0x13 (size before relaxing)
 .comment       0x0000000000000012       0x13 ./out/libraries/libc/string.o
