
Memory Configuration

Name             Origin             Length             Attributes
*default*        0x0000000000000000 0xffffffffffffffff

Linker script and memory map

                0x0000000000100000                . = 0x100000
                0x0000000000100000                _kernel_start = .

.multiboot_header
                0x0000000000100000       0x18
 *(.multiboot_header)
 .multiboot_header
                0x0000000000100000       0x18 ./out/src/boot/multiboot.o

.pre_text       0x0000000000100018       0x80
 *(.pre_text)
 .pre_text      0x0000000000100018       0x80 ./out/src/boot/multiboot.o
                0x0000000000100018                start

.text           0x0000000000101000     0x1702
 *(.text*)
 .text          0x0000000000101000       0x27 ./out/src/arch/x86/interupts/gdt.o
                0x0000000000101000                setup_gdt
 *fill*         0x0000000000101027        0x9 
 .text          0x0000000000101030      0x181 ./out/src/arch/x86/interupts/idt.o
                0x0000000000101030                populate_gate
                0x00000000001010a0                setup_idt
                0x00000000001011a0                handle_isr
                0x00000000001011b0                handle_irq
 *fill*         0x00000000001011b1        0xf 
 .text          0x00000000001011c0      0x122 ./out/src/arch/x86/interupts/interupts.o
                0x00000000001011c0                add_handler
                0x0000000000101230                remove_handler
                0x0000000000101250                interupt_handler
                0x00000000001012d0                disable_interupts
                0x00000000001012e0                enable_interupts
 .text          0x00000000001012e2        0x0 ./out/src/arch/x86/interupts/control/apic.o
 *fill*         0x00000000001012e2        0xe 
 .text          0x00000000001012f0      0x14e ./out/src/arch/x86/interupts/control/pic.o
                0x00000000001012f0                init_pic
                0x00000000001013c0                disable_pic
                0x0000000000101400                pic_eoi
 *fill*         0x000000000010143e        0x2 
 .text          0x0000000000101440      0x31d ./out/src/arch/x86/dev/debug/serial.o
                0x0000000000101440                init_serial
                0x00000000001014b0                putch
                0x0000000000101540                print
                0x00000000001015f0                println
 *fill*         0x000000000010175d        0x3 
 .text          0x0000000000101760      0x3b6 ./out/src/arch/x86/mem/kmem_bitmap.o
                0x0000000000101760                init_bitmap
                0x0000000000101770                bm_find
                0x00000000001019a0                bm_allocate
                0x0000000000101a60                bm_mark_block_used
                0x0000000000101ac0                bm_mark_block_free
                0x0000000000101ad0                bm_is_in_range
                0x0000000000101ae0                find_kernel_entries
                0x0000000000101b00                bm_get_region
 *fill*         0x0000000000101b16        0xa 
 .text          0x0000000000101b20       0x38 ./out/src/arch/x86/mem/virtual_range.o
                0x0000000000101b20                new_vrange
                0x0000000000101b30                vrange_contains
                0x0000000000101b50                end
 *fill*         0x0000000000101b58        0x8 
 .text          0x0000000000101b60      0x143 ./out/src/arch/x86/mem/kmalloc.o
                0x0000000000101b60                init_kmalloc
                0x0000000000101bb0                kmalloc
                0x0000000000101ca0                kfree
 *fill*         0x0000000000101ca3        0xd 
 .text          0x0000000000101cb0      0x23e ./out/src/arch/x86/mem/kmem_manager.o
                0x0000000000101cb0                prep_mmap
                0x0000000000101ce0                init_kmem_manager
                0x0000000000101d40                parse_memmap
                0x0000000000101ee0                kmem_from_phys
 *fill*         0x0000000000101eee        0x2 
 .text          0x0000000000101ef0      0x1d6 ./out/src/arch/x86/multiboot.o
                0x0000000000101ef0                mb_initialize
                0x0000000000102050                next_mb2_tag
                0x0000000000102090                get_mb2_tag
 *fill*         0x00000000001020c6        0xa 
 .text          0x00000000001020d0      0x150 ./out/src/arch/x86/kmain.o
                0x00000000001020d0                thing
                0x0000000000102100                _start
 .text.startup  0x0000000000102220       0x16 ./out/src/arch/x86/kmain.o
                0x0000000000102220                test
 *fill*         0x0000000000102236        0xa 
 .text          0x0000000000102240       0x41 ./out/libraries/libc/linkedlist.o
                0x0000000000102240                init_list
                0x0000000000102250                add_node
 *fill*         0x0000000000102281        0xf 
 .text          0x0000000000102290       0x5c ./out/libraries/libc/io.o
                0x0000000000102290                in8
                0x00000000001022a0                in16
                0x00000000001022b0                out8
                0x00000000001022c0                out16
                0x00000000001022d0                delay
 *fill*         0x00000000001022ec        0x4 
 .text          0x00000000001022f0      0x1e3 ./out/libraries/libc/string.o
                0x00000000001022f0                strlen
                0x0000000000102320                strcmp
                0x0000000000102360                strcpy
                0x0000000000102390                memcpy
                0x00000000001023a0                memcmp
                0x00000000001023d0                memset
                0x00000000001023e0                memchr
                0x0000000000102410                to_string
 *fill*         0x00000000001024d3        0xd 
 .text          0x00000000001024e0       0x17 ./out/src/arch/x86/asm/gdt.o
                0x00000000001024e0                load_gdt
                0x00000000001024e6                gdt_flush
 *fill*         0x00000000001024f7        0x9 
 .text          0x0000000000102500      0x1cd ./out/src/arch/x86/asm/irq.o
                0x0000000000102500                flush_idt
                0x0000000000102545                _isr0
                0x000000000010254b                _isr1
                0x0000000000102551                _isr2
                0x0000000000102557                _isr3
                0x000000000010255d                _isr4
                0x0000000000102563                _isr5
                0x0000000000102569                _isr6
                0x000000000010256f                _isr7
                0x0000000000102575                _isr8
                0x0000000000102579                _isr9
                0x000000000010257f                _isr10
                0x0000000000102583                _isr11
                0x000000000010258a                _isr12
                0x0000000000102591                _isr13
                0x0000000000102598                _isr14
                0x000000000010259f                _isr15
                0x00000000001025a8                _isr16
                0x00000000001025b1                _isr17
                0x00000000001025b8                _isr18
                0x00000000001025c1                _isr19
                0x00000000001025ca                _isr20
                0x00000000001025d3                _isr21
                0x00000000001025dc                _isr22
                0x00000000001025e5                _isr23
                0x00000000001025ee                _isr24
                0x00000000001025f7                _isr25
                0x0000000000102600                _isr26
                0x0000000000102609                _isr27
                0x0000000000102612                _isr28
                0x000000000010261b                _isr29
                0x0000000000102624                _isr30
                0x000000000010262b                _isr31
                0x0000000000102634                _isr32
                0x000000000010263d                _isr33
                0x0000000000102646                _isr34
                0x000000000010264f                _isr35
                0x0000000000102658                _isr36
                0x0000000000102661                _isr37
                0x000000000010266a                _isr38
                0x0000000000102673                _isr39
                0x000000000010267c                _isr40
                0x0000000000102685                _isr41
                0x000000000010268e                _isr42
                0x0000000000102697                _isr43
                0x00000000001026a0                _isr44
                0x00000000001026a9                _isr45
                0x00000000001026b2                _isr46
                0x00000000001026bb                _isr47
                0x00000000001026c4                _isr50
 *fill*         0x00000000001026cd        0x3 
 .text          0x00000000001026d0       0x32 ./out/src/boot/multiboot.o

.iplt           0x0000000000102702        0x0
 .iplt          0x0000000000102702        0x0 ./out/src/arch/x86/interupts/gdt.o

.rodata         0x0000000000103000      0x68a
                0x0000000000103000                start_ctors = .
 *(.ctors)
 .ctors         0x0000000000103000        0x8 ./out/src/arch/x86/kmain.o
 *(.init_array)
                0x0000000000103008                end_ctors = .
 *(.rodata*)
 .rodata.str1.1
                0x0000000000103008        0xa ./out/src/arch/x86/interupts/idt.o
 *fill*         0x0000000000103012        0xe 
 .rodata        0x0000000000103020      0x400 ./out/src/arch/x86/interupts/idt.o
 .rodata.str1.1
                0x0000000000103420       0x2d ./out/src/arch/x86/interupts/interupts.o
 .rodata.str1.1
                0x000000000010344d       0x10 ./out/src/arch/x86/interupts/control/pic.o
 .rodata.str1.1
                0x000000000010345d       0x9e ./out/src/arch/x86/mem/kmem_bitmap.o
 *fill*         0x00000000001034fb        0x5 
 .rodata.str1.8
                0x0000000000103500       0x54 ./out/src/arch/x86/mem/kmem_bitmap.o
 .rodata.str1.1
                0x0000000000103554       0x14 ./out/src/arch/x86/mem/kmalloc.o
                                         0x1a (size before relaxing)
 .rodata.str1.1
                0x0000000000103568       0x54 ./out/src/arch/x86/mem/kmem_manager.o
 *fill*         0x00000000001035bc        0x4 
 .rodata.str1.8
                0x00000000001035c0       0x4a ./out/src/arch/x86/mem/kmem_manager.o
 .rodata.str1.1
                0x000000000010360a       0x1c ./out/src/arch/x86/multiboot.o
 .rodata.str1.1
                0x0000000000103626       0x41 ./out/src/arch/x86/kmain.o
                                         0x49 (size before relaxing)
 *fill*         0x0000000000103667        0x1 
 .rodata        0x0000000000103668       0x22 ./out/src/boot/multiboot.o

.eh_frame       0x0000000000103690      0x6a8
 .eh_frame      0x0000000000103690       0x30 ./out/src/arch/x86/interupts/gdt.o
 .eh_frame      0x00000000001036c0       0x70 ./out/src/arch/x86/interupts/idt.o
                                         0x88 (size before relaxing)
 .eh_frame      0x0000000000103730       0xa8 ./out/src/arch/x86/interupts/interupts.o
                                         0xc0 (size before relaxing)
 .eh_frame      0x00000000001037d8       0x70 ./out/src/arch/x86/interupts/control/pic.o
                                         0x88 (size before relaxing)
 .eh_frame      0x0000000000103848       0xd8 ./out/src/arch/x86/dev/debug/serial.o
                                         0xf0 (size before relaxing)
 .eh_frame      0x0000000000103920      0x108 ./out/src/arch/x86/mem/kmem_bitmap.o
                                        0x120 (size before relaxing)
 .eh_frame      0x0000000000103a28       0x40 ./out/src/arch/x86/mem/virtual_range.o
                                         0x58 (size before relaxing)
 .eh_frame      0x0000000000103a68       0x68 ./out/src/arch/x86/mem/kmalloc.o
                                         0x80 (size before relaxing)
 .eh_frame      0x0000000000103ad0       0x80 ./out/src/arch/x86/mem/kmem_manager.o
                                         0x98 (size before relaxing)
 .eh_frame      0x0000000000103b50       0x58 ./out/src/arch/x86/multiboot.o
                                         0x70 (size before relaxing)
 .eh_frame      0x0000000000103ba8       0x60 ./out/src/arch/x86/kmain.o
                                         0x78 (size before relaxing)
 .eh_frame      0x0000000000103c08       0x28 ./out/libraries/libc/linkedlist.o
                                         0x40 (size before relaxing)
 .eh_frame      0x0000000000103c30       0x68 ./out/libraries/libc/io.o
                                         0x80 (size before relaxing)
 .eh_frame      0x0000000000103c98       0xa0 ./out/libraries/libc/string.o
                                         0xb8 (size before relaxing)

.rela.dyn       0x0000000000103d38        0x0
 .rela.got      0x0000000000103d38        0x0 ./out/src/arch/x86/interupts/gdt.o
 .rela.iplt     0x0000000000103d38        0x0 ./out/src/arch/x86/interupts/gdt.o
 .rela.text     0x0000000000103d38        0x0 ./out/src/arch/x86/interupts/gdt.o
 .rela.data     0x0000000000103d38        0x0 ./out/src/arch/x86/interupts/gdt.o

.data           0x0000000000104000       0x48
 *(.data*)
 .data          0x0000000000104000       0x3a ./out/src/arch/x86/interupts/gdt.o
 .data          0x000000000010403a        0x0 ./out/src/arch/x86/interupts/idt.o
 .data          0x000000000010403a        0x0 ./out/src/arch/x86/interupts/interupts.o
 .data          0x000000000010403a        0x0 ./out/src/arch/x86/interupts/control/apic.o
 .data          0x000000000010403a        0x0 ./out/src/arch/x86/interupts/control/pic.o
 .data          0x000000000010403a        0x0 ./out/src/arch/x86/dev/debug/serial.o
 .data          0x000000000010403a        0x0 ./out/src/arch/x86/mem/kmem_bitmap.o
 .data          0x000000000010403a        0x0 ./out/src/arch/x86/mem/virtual_range.o
 .data          0x000000000010403a        0x0 ./out/src/arch/x86/mem/kmalloc.o
 .data          0x000000000010403a        0x0 ./out/src/arch/x86/mem/kmem_manager.o
 .data          0x000000000010403a        0x0 ./out/src/arch/x86/multiboot.o
 *fill*         0x000000000010403a        0x6 
 .data          0x0000000000104040        0x8 ./out/src/arch/x86/kmain.o
 .data          0x0000000000104048        0x0 ./out/libraries/libc/linkedlist.o
 .data          0x0000000000104048        0x0 ./out/libraries/libc/io.o
 .data          0x0000000000104048        0x0 ./out/libraries/libc/string.o

.got            0x0000000000104048        0x0
 .got           0x0000000000104048        0x0 ./out/src/arch/x86/interupts/gdt.o

.got.plt        0x0000000000104048        0x0
 .got.plt       0x0000000000104048        0x0 ./out/src/arch/x86/interupts/gdt.o

.igot.plt       0x0000000000104048        0x0
 .igot.plt      0x0000000000104048        0x0 ./out/src/arch/x86/interupts/gdt.o

.bss            0x0000000000105000   0xd04000
 *(.pts*)
 .pts           0x0000000000105000     0xc000 ./out/src/boot/multiboot.o
                0x0000000000105000                boot_pml4t
                0x0000000000109000                boot_pdpt
                0x000000000010d000                boot_pdt
 *(COMMON)
 *(.bss*)
 .bss           0x0000000000111000        0x0 ./out/src/arch/x86/interupts/gdt.o
 .bss           0x0000000000111000     0x180a ./out/src/arch/x86/interupts/idt.o
                0x0000000000111000                idt_entries
                0x0000000000112800                idt_ptr
 *fill*         0x000000000011280a       0x16 
 .bss           0x0000000000112820       0x80 ./out/src/arch/x86/interupts/interupts.o
 .bss           0x00000000001128a0        0x0 ./out/src/arch/x86/interupts/control/apic.o
 .bss           0x00000000001128a0        0x0 ./out/src/arch/x86/interupts/control/pic.o
 .bss           0x00000000001128a0        0x4 ./out/src/arch/x86/dev/debug/serial.o
 .bss           0x00000000001128a4        0x0 ./out/src/arch/x86/mem/kmem_bitmap.o
 .bss           0x00000000001128a4        0x0 ./out/src/arch/x86/mem/virtual_range.o
 *fill*         0x00000000001128a4        0xc 
 .bss           0x00000000001128b0       0x28 ./out/src/arch/x86/mem/kmalloc.o
 *fill*         0x00000000001128d8    0xed728 
 .bss           0x0000000000200000   0xc03018 ./out/src/arch/x86/mem/kmem_manager.o
                0x0000000000200000                twom_high_pds
                0x0000000000400000                low_base_pmls
                0x0000000000600000                heap_base_pt
                0x0000000000800000                heap_base_pd
                0x0000000000a00000                heap_base_pml
                0x0000000000c00000                high_base_pml
                0x0000000000e00000                init_page_maps
 .bss           0x0000000000e03018        0x0 ./out/src/arch/x86/multiboot.o
 .bss           0x0000000000e03018        0x8 ./out/src/arch/x86/kmain.o
 .bss           0x0000000000e03020        0x0 ./out/libraries/libc/linkedlist.o
 .bss           0x0000000000e03020        0x0 ./out/libraries/libc/io.o
 .bss           0x0000000000e03020      0x100 ./out/libraries/libc/string.o
 *fill*         0x0000000000e03120      0xee0 
 .bss           0x0000000000e04000     0x4009 ./out/src/boot/multiboot.o
                0x0000000000e04000                end_of_mapped_memory
                0x0000000000e08009                stack_top
                0x0000000000e09000                . = ALIGN (0x1000)
 *fill*         0x0000000000e08009      0xff7 
 *(.heap)
                0x0000000000e09000                _kernel_end = .
                0x0000000000e09000                _kernel_physical_end = .
LOAD ./out/src/arch/x86/interupts/gdt.o
LOAD ./out/src/arch/x86/interupts/idt.o
LOAD ./out/src/arch/x86/interupts/interupts.o
LOAD ./out/src/arch/x86/interupts/control/apic.o
LOAD ./out/src/arch/x86/interupts/control/pic.o
LOAD ./out/src/arch/x86/dev/debug/serial.o
LOAD ./out/src/arch/x86/mem/kmem_bitmap.o
LOAD ./out/src/arch/x86/mem/virtual_range.o
LOAD ./out/src/arch/x86/mem/kmalloc.o
LOAD ./out/src/arch/x86/mem/kmem_manager.o
LOAD ./out/src/arch/x86/multiboot.o
LOAD ./out/src/arch/x86/kmain.o
LOAD ./out/libraries/libc/linkedlist.o
LOAD ./out/libraries/libc/io.o
LOAD ./out/libraries/libc/string.o
LOAD ./out/src/arch/x86/asm/gdt.o
LOAD ./out/src/arch/x86/asm/irq.o
LOAD ./out/src/boot/multiboot.o
OUTPUT(lightos.elf elf64-x86-64)

.debug_info     0x0000000000000000     0x3bde
 .debug_info    0x0000000000000000      0x1e4 ./out/src/arch/x86/interupts/gdt.o
 .debug_info    0x00000000000001e4      0x612 ./out/src/arch/x86/interupts/idt.o
 .debug_info    0x00000000000007f6      0x41b ./out/src/arch/x86/interupts/interupts.o
 .debug_info    0x0000000000000c11      0x2ba ./out/src/arch/x86/interupts/control/pic.o
 .debug_info    0x0000000000000ecb      0x438 ./out/src/arch/x86/dev/debug/serial.o
 .debug_info    0x0000000000001303      0x842 ./out/src/arch/x86/mem/kmem_bitmap.o
 .debug_info    0x0000000000001b45      0x1bc ./out/src/arch/x86/mem/virtual_range.o
 .debug_info    0x0000000000001d01      0x3b7 ./out/src/arch/x86/mem/kmalloc.o
 .debug_info    0x00000000000020b8      0x7b0 ./out/src/arch/x86/mem/kmem_manager.o
 .debug_info    0x0000000000002868      0x5d0 ./out/src/arch/x86/multiboot.o
 .debug_info    0x0000000000002e38      0x4d3 ./out/src/arch/x86/kmain.o
 .debug_info    0x000000000000330b      0x16a ./out/libraries/libc/linkedlist.o
 .debug_info    0x0000000000003475      0x23a ./out/libraries/libc/io.o
 .debug_info    0x00000000000036af      0x423 ./out/libraries/libc/string.o
 .debug_info    0x0000000000003ad2       0x5a ./out/src/arch/x86/asm/gdt.o
 .debug_info    0x0000000000003b2c       0x5a ./out/src/arch/x86/asm/irq.o
 .debug_info    0x0000000000003b86       0x58 ./out/src/boot/multiboot.o

.debug_abbrev   0x0000000000000000     0x160d
 .debug_abbrev  0x0000000000000000       0xd4 ./out/src/arch/x86/interupts/gdt.o
 .debug_abbrev  0x00000000000000d4      0x1fd ./out/src/arch/x86/interupts/idt.o
 .debug_abbrev  0x00000000000002d1      0x1fa ./out/src/arch/x86/interupts/interupts.o
 .debug_abbrev  0x00000000000004cb       0xd8 ./out/src/arch/x86/interupts/control/pic.o
 .debug_abbrev  0x00000000000005a3      0x185 ./out/src/arch/x86/dev/debug/serial.o
 .debug_abbrev  0x0000000000000728      0x229 ./out/src/arch/x86/mem/kmem_bitmap.o
 .debug_abbrev  0x0000000000000951       0xf4 ./out/src/arch/x86/mem/virtual_range.o
 .debug_abbrev  0x0000000000000a45      0x1bf ./out/src/arch/x86/mem/kmalloc.o
 .debug_abbrev  0x0000000000000c04      0x29b ./out/src/arch/x86/mem/kmem_manager.o
 .debug_abbrev  0x0000000000000e9f      0x226 ./out/src/arch/x86/multiboot.o
 .debug_abbrev  0x00000000000010c5      0x1ad ./out/src/arch/x86/kmain.o
 .debug_abbrev  0x0000000000001272       0xd7 ./out/libraries/libc/linkedlist.o
 .debug_abbrev  0x0000000000001349      0x138 ./out/libraries/libc/io.o
 .debug_abbrev  0x0000000000001481      0x13b ./out/libraries/libc/string.o
 .debug_abbrev  0x00000000000015bc       0x1b ./out/src/arch/x86/asm/gdt.o
 .debug_abbrev  0x00000000000015d7       0x1b ./out/src/arch/x86/asm/irq.o
 .debug_abbrev  0x00000000000015f2       0x1b ./out/src/boot/multiboot.o

.debug_aranges  0x0000000000000000      0x340
 .debug_aranges
                0x0000000000000000       0x30 ./out/src/arch/x86/interupts/gdt.o
 .debug_aranges
                0x0000000000000030       0x30 ./out/src/arch/x86/interupts/idt.o
 .debug_aranges
                0x0000000000000060       0x30 ./out/src/arch/x86/interupts/interupts.o
 .debug_aranges
                0x0000000000000090       0x30 ./out/src/arch/x86/interupts/control/pic.o
 .debug_aranges
                0x00000000000000c0       0x30 ./out/src/arch/x86/dev/debug/serial.o
 .debug_aranges
                0x00000000000000f0       0x30 ./out/src/arch/x86/mem/kmem_bitmap.o
 .debug_aranges
                0x0000000000000120       0x30 ./out/src/arch/x86/mem/virtual_range.o
 .debug_aranges
                0x0000000000000150       0x30 ./out/src/arch/x86/mem/kmalloc.o
 .debug_aranges
                0x0000000000000180       0x30 ./out/src/arch/x86/mem/kmem_manager.o
 .debug_aranges
                0x00000000000001b0       0x30 ./out/src/arch/x86/multiboot.o
 .debug_aranges
                0x00000000000001e0       0x40 ./out/src/arch/x86/kmain.o
 .debug_aranges
                0x0000000000000220       0x30 ./out/libraries/libc/linkedlist.o
 .debug_aranges
                0x0000000000000250       0x30 ./out/libraries/libc/io.o
 .debug_aranges
                0x0000000000000280       0x30 ./out/libraries/libc/string.o
 .debug_aranges
                0x00000000000002b0       0x30 ./out/src/arch/x86/asm/gdt.o
 .debug_aranges
                0x00000000000002e0       0x30 ./out/src/arch/x86/asm/irq.o
 .debug_aranges
                0x0000000000000310       0x30 ./out/src/boot/multiboot.o

.debug_line     0x0000000000000000     0x1b69
 .debug_line    0x0000000000000000       0x92 ./out/src/arch/x86/interupts/gdt.o
 .debug_line    0x0000000000000092      0x227 ./out/src/arch/x86/interupts/idt.o
 .debug_line    0x00000000000002b9      0x1b1 ./out/src/arch/x86/interupts/interupts.o
 .debug_line    0x000000000000046a        0x0 ./out/src/arch/x86/interupts/control/apic.o
 .debug_line    0x000000000000046a      0x154 ./out/src/arch/x86/interupts/control/pic.o
 .debug_line    0x00000000000005be      0x1f2 ./out/src/arch/x86/dev/debug/serial.o
 .debug_line    0x00000000000007b0      0x3c9 ./out/src/arch/x86/mem/kmem_bitmap.o
 .debug_line    0x0000000000000b79       0xb8 ./out/src/arch/x86/mem/virtual_range.o
 .debug_line    0x0000000000000c31      0x1a9 ./out/src/arch/x86/mem/kmalloc.o
 .debug_line    0x0000000000000dda      0x2a9 ./out/src/arch/x86/mem/kmem_manager.o
 .debug_line    0x0000000000001083      0x34c ./out/src/arch/x86/multiboot.o
 .debug_line    0x00000000000013cf      0x205 ./out/src/arch/x86/kmain.o
 .debug_line    0x00000000000015d4       0xa9 ./out/libraries/libc/linkedlist.o
 .debug_line    0x000000000000167d       0xbf ./out/libraries/libc/io.o
 .debug_line    0x000000000000173c      0x25c ./out/libraries/libc/string.o
 .debug_line    0x0000000000001998       0x54 ./out/src/arch/x86/asm/gdt.o
 .debug_line    0x00000000000019ec      0x126 ./out/src/arch/x86/asm/irq.o
 .debug_line    0x0000000000001b12       0x57 ./out/src/boot/multiboot.o

.debug_str      0x0000000000000000      0xc98
 .debug_str     0x0000000000000000      0x245 ./out/src/arch/x86/interupts/gdt.o
                                        0x284 (size before relaxing)
 .debug_str     0x0000000000000245       0xd7 ./out/src/arch/x86/interupts/idt.o
                                        0x2dd (size before relaxing)
 .debug_str     0x000000000000031c       0xc9 ./out/src/arch/x86/interupts/interupts.o
                                        0x2bf (size before relaxing)
 .debug_str     0x00000000000003e5       0x26 ./out/src/arch/x86/interupts/control/apic.o
                                        0x157 (size before relaxing)
 .debug_str     0x000000000000040b       0x3f ./out/src/arch/x86/interupts/control/pic.o
                                        0x204 (size before relaxing)
 .debug_str     0x000000000000044a       0x3f ./out/src/arch/x86/dev/debug/serial.o
                                        0x212 (size before relaxing)
 .debug_str     0x0000000000000489      0x1fc ./out/src/arch/x86/mem/kmem_bitmap.o
                                        0x423 (size before relaxing)
 .debug_str     0x0000000000000685       0x60 ./out/src/arch/x86/mem/virtual_range.o
                                        0x233 (size before relaxing)
 .debug_str     0x00000000000006e5       0xf8 ./out/src/arch/x86/mem/kmalloc.o
                                        0x362 (size before relaxing)
 .debug_str     0x00000000000007dd      0x2b3 ./out/src/arch/x86/mem/kmem_manager.o
                                        0x4d5 (size before relaxing)
 .debug_str     0x0000000000000a90       0xa9 ./out/src/arch/x86/multiboot.o
                                        0x341 (size before relaxing)
 .debug_str     0x0000000000000b39       0x63 ./out/src/arch/x86/kmain.o
                                        0x2f8 (size before relaxing)
 .debug_str     0x0000000000000b9c       0x4c ./out/libraries/libc/linkedlist.o
                                        0x208 (size before relaxing)
 .debug_str     0x0000000000000be8       0x37 ./out/libraries/libc/io.o
                                        0x210 (size before relaxing)
 .debug_str     0x0000000000000c1f       0x79 ./out/libraries/libc/string.o
                                        0x266 (size before relaxing)

.comment        0x0000000000000000       0x12
 .comment       0x0000000000000000       0x12 ./out/src/arch/x86/interupts/gdt.o
                                         0x13 (size before relaxing)
 .comment       0x0000000000000012       0x13 ./out/src/arch/x86/interupts/idt.o
 .comment       0x0000000000000012       0x13 ./out/src/arch/x86/interupts/interupts.o
 .comment       0x0000000000000012       0x13 ./out/src/arch/x86/interupts/control/apic.o
 .comment       0x0000000000000012       0x13 ./out/src/arch/x86/interupts/control/pic.o
 .comment       0x0000000000000012       0x13 ./out/src/arch/x86/dev/debug/serial.o
 .comment       0x0000000000000012       0x13 ./out/src/arch/x86/mem/kmem_bitmap.o
 .comment       0x0000000000000012       0x13 ./out/src/arch/x86/mem/virtual_range.o
 .comment       0x0000000000000012       0x13 ./out/src/arch/x86/mem/kmalloc.o
 .comment       0x0000000000000012       0x13 ./out/src/arch/x86/mem/kmem_manager.o
 .comment       0x0000000000000012       0x13 ./out/src/arch/x86/multiboot.o
 .comment       0x0000000000000012       0x13 ./out/src/arch/x86/kmain.o
 .comment       0x0000000000000012       0x13 ./out/libraries/libc/linkedlist.o
 .comment       0x0000000000000012       0x13 ./out/libraries/libc/io.o
 .comment       0x0000000000000012       0x13 ./out/libraries/libc/string.o

.debug_loc      0x0000000000000000     0x2c65
 .debug_loc     0x0000000000000000      0x5a8 ./out/src/arch/x86/interupts/idt.o
 .debug_loc     0x00000000000005a8      0x34d ./out/src/arch/x86/interupts/interupts.o
 .debug_loc     0x00000000000008f5       0x6a ./out/src/arch/x86/interupts/control/pic.o
 .debug_loc     0x000000000000095f      0x1e9 ./out/src/arch/x86/dev/debug/serial.o
 .debug_loc     0x0000000000000b48      0xb46 ./out/src/arch/x86/mem/kmem_bitmap.o
 .debug_loc     0x000000000000168e       0x25 ./out/src/arch/x86/mem/virtual_range.o
 .debug_loc     0x00000000000016b3      0x32b ./out/src/arch/x86/mem/kmalloc.o
 .debug_loc     0x00000000000019de      0x41d ./out/src/arch/x86/mem/kmem_manager.o
 .debug_loc     0x0000000000001dfb      0x797 ./out/src/arch/x86/multiboot.o
 .debug_loc     0x0000000000002592       0xd6 ./out/src/arch/x86/kmain.o
 .debug_loc     0x0000000000002668       0x25 ./out/libraries/libc/linkedlist.o
 .debug_loc     0x000000000000268d       0xac ./out/libraries/libc/io.o
 .debug_loc     0x0000000000002739      0x52c ./out/libraries/libc/string.o
 .debug_loc     0x0000000000002c65        0x0 ./out/src/arch/x86/asm/gdt.o
 .debug_loc     0x0000000000002c65        0x0 ./out/src/arch/x86/asm/irq.o
 .debug_loc     0x0000000000002c65        0x0 ./out/src/boot/multiboot.o

.debug_ranges   0x0000000000000000      0x6a0
 .debug_ranges  0x0000000000000000      0x110 ./out/src/arch/x86/interupts/idt.o
 .debug_ranges  0x0000000000000110       0x30 ./out/src/arch/x86/interupts/interupts.o
 .debug_ranges  0x0000000000000140       0xf0 ./out/src/arch/x86/dev/debug/serial.o
 .debug_ranges  0x0000000000000230      0x200 ./out/src/arch/x86/mem/kmem_bitmap.o
 .debug_ranges  0x0000000000000430       0x40 ./out/src/arch/x86/mem/kmalloc.o
 .debug_ranges  0x0000000000000470       0x90 ./out/src/arch/x86/mem/kmem_manager.o
 .debug_ranges  0x0000000000000500      0x100 ./out/src/arch/x86/multiboot.o
 .debug_ranges  0x0000000000000600       0x70 ./out/src/arch/x86/kmain.o
 .debug_ranges  0x0000000000000670       0x30 ./out/libraries/libc/string.o

.debug_pubnames
                0x0000000000000000        0x0
 .debug_pubnames
                0x0000000000000000        0x0 ./out/src/arch/x86/asm/gdt.o
 .debug_pubnames
                0x0000000000000000        0x0 ./out/src/arch/x86/asm/irq.o
 .debug_pubnames
                0x0000000000000000        0x0 ./out/src/boot/multiboot.o

.debug_frame    0x0000000000000000        0x0
 .debug_frame   0x0000000000000000        0x0 ./out/src/arch/x86/asm/gdt.o
 .debug_frame   0x0000000000000000        0x0 ./out/src/arch/x86/asm/irq.o
 .debug_frame   0x0000000000000000        0x0 ./out/src/boot/multiboot.o
