
Discarded input sections

 .comment       0x0000000000000000       0x13 ./out/src/arch/x86/interupts/gdt.o
 .eh_frame      0x0000000000000000       0x30 ./out/src/arch/x86/interupts/gdt.o
 .comment       0x0000000000000000       0x13 ./out/src/arch/x86/interupts/idt.o
 .eh_frame      0x0000000000000000       0x78 ./out/src/arch/x86/interupts/idt.o
 .comment       0x0000000000000000       0x13 ./out/src/arch/x86/interupts/interupts.o
 .eh_frame      0x0000000000000000       0xc0 ./out/src/arch/x86/interupts/interupts.o
 .comment       0x0000000000000000       0x13 ./out/src/arch/x86/interupts/control/apic.o
 .comment       0x0000000000000000       0x13 ./out/src/arch/x86/interupts/control/pic.o
 .eh_frame      0x0000000000000000       0x88 ./out/src/arch/x86/interupts/control/pic.o
 .comment       0x0000000000000000       0x13 ./out/src/arch/x86/dev/debug/serial.o
 .eh_frame      0x0000000000000000       0xd8 ./out/src/arch/x86/dev/debug/serial.o
 .comment       0x0000000000000000       0x13 ./out/src/arch/x86/mem/kmalloc.o
 .eh_frame      0x0000000000000000       0x48 ./out/src/arch/x86/mem/kmalloc.o
 .comment       0x0000000000000000       0x13 ./out/src/arch/x86/mem/kmem_manager.o
 .eh_frame      0x0000000000000000      0x1e0 ./out/src/arch/x86/mem/kmem_manager.o
 .comment       0x0000000000000000       0x13 ./out/src/arch/x86/multiboot.o
 .eh_frame      0x0000000000000000       0x90 ./out/src/arch/x86/multiboot.o
 .comment       0x0000000000000000       0x13 ./out/src/arch/x86/kmain.o
 .eh_frame      0x0000000000000000       0xb0 ./out/src/arch/x86/kmain.o
 .comment       0x0000000000000000       0x13 ./out/libraries/libc/linkedlist.o
 .eh_frame      0x0000000000000000       0x58 ./out/libraries/libc/linkedlist.o
 .comment       0x0000000000000000       0x13 ./out/libraries/libc/io.o
 .eh_frame      0x0000000000000000       0x80 ./out/libraries/libc/io.o
 .comment       0x0000000000000000       0x13 ./out/libraries/libc/string.o
 .eh_frame      0x0000000000000000       0xd8 ./out/libraries/libc/string.o

Memory Configuration

Name             Origin             Length             Attributes
*default*        0x0000000000000000 0xffffffffffffffff

Linker script and memory map

                0x0000000000100000                . = 0x100000
                0x0000000000100000                _kernel_start = .

.multiboot_header
                0x0000000000100000       0x18
 *(.multiboot_header)
 .multiboot_header
                0x0000000000100000       0x18 ./out/src/boot/multiboot.o

.text           0x0000000000101000     0x1fd2
 *(.pre_text)
 .pre_text      0x0000000000101000       0x80 ./out/src/boot/multiboot.o
                0x0000000000101000                start
 *(.text*)
 .text          0x0000000000101080       0x27 ./out/src/arch/x86/interupts/gdt.o
                0x0000000000101080                setup_gdt
 *fill*         0x00000000001010a7        0x9 
 .text          0x00000000001010b0      0x141 ./out/src/arch/x86/interupts/idt.o
                0x00000000001010b0                populate_gate
                0x00000000001010f0                setup_idt
                0x00000000001011e0                handle_isr
                0x00000000001011f0                handle_irq
 *fill*         0x00000000001011f1        0xf 
 .text          0x0000000000101200      0x122 ./out/src/arch/x86/interupts/interupts.o
                0x0000000000101200                add_handler
                0x0000000000101270                remove_handler
                0x0000000000101290                interupt_handler
                0x0000000000101310                disable_interupts
                0x0000000000101320                enable_interupts
 .text          0x0000000000101322        0x0 ./out/src/arch/x86/interupts/control/apic.o
 *fill*         0x0000000000101322        0xe 
 .text          0x0000000000101330      0x14e ./out/src/arch/x86/interupts/control/pic.o
                0x0000000000101330                init_pic
                0x0000000000101400                disable_pic
                0x0000000000101440                pic_eoi
 *fill*         0x000000000010147e        0x2 
 .text          0x0000000000101480      0x1b9 ./out/src/arch/x86/dev/debug/serial.o
                0x0000000000101480                init_serial
                0x00000000001014f0                putch
                0x0000000000101580                print
                0x00000000001015c0                println
 *fill*         0x0000000000101639        0x7 
 .text          0x0000000000101640       0x31 ./out/src/arch/x86/mem/kmalloc.o
                0x0000000000101640                kmalloc
                0x0000000000101670                kfree
 *fill*         0x0000000000101671        0xf 
 .text          0x0000000000101680      0xf63 ./out/src/arch/x86/mem/kmem_manager.o
                0x0000000000101680                prep_mmap
                0x00000000001016b0                parse_memmap
                0x0000000000101870                kmem_from_phys
                0x0000000000101880                kmem_to_phys
                0x0000000000101970                kmem_mark_frame_used
                0x00000000001019b0                kmem_mark_frame_free
                0x0000000000101a00                init_kmem_manager
                0x0000000000101ec0                kmem_mark_frame
                0x0000000000101f30                kmem_get_frame
                0x0000000000101fc0                kmem_get_krnl_dir
                0x0000000000101fe0                kmem_get_page
                0x0000000000102370                kmem_set_page_flags
                0x0000000000102470                kmem_alloc
 *fill*         0x00000000001025e3        0xd 
 .text          0x00000000001025f0      0x246 ./out/src/arch/x86/multiboot.o
                0x00000000001025f0                mb_initialize
                0x00000000001027c0                next_mb2_tag
                0x0000000000102800                get_mb2_tag
 *fill*         0x0000000000102836        0xa 
 .text          0x0000000000102840      0x250 ./out/src/arch/x86/kmain.o
                0x0000000000102840                thing
                0x0000000000102870                _clear_junky_memory
                0x0000000000102960                _start
 .text.startup  0x0000000000102a90       0x16 ./out/src/arch/x86/kmain.o
                0x0000000000102a90                test
 *fill*         0x0000000000102aa6        0xa 
 .text          0x0000000000102ab0       0x60 ./out/libraries/libc/linkedlist.o
                0x0000000000102ab0                init_list
                0x0000000000102ac0                add_node
 .text          0x0000000000102b10       0x5c ./out/libraries/libc/io.o
                0x0000000000102b10                in8
                0x0000000000102b20                in16
                0x0000000000102b30                out8
                0x0000000000102b40                out16
                0x0000000000102b50                delay
 *fill*         0x0000000000102b6c        0x4 
 .text          0x0000000000102b70      0x238 ./out/libraries/libc/string.o
                0x0000000000102b70                strlen
                0x0000000000102ba0                strcmp
                0x0000000000102be0                strcpy
                0x0000000000102c10                memcpy
                0x0000000000102c20                memcmp
                0x0000000000102c50                memchr
                0x0000000000102c80                to_string
                0x0000000000102d50                memset
 *fill*         0x0000000000102da8        0x8 
 .text          0x0000000000102db0       0x17 ./out/src/arch/x86/asm/gdt.o
                0x0000000000102db0                load_gdt
                0x0000000000102db6                gdt_flush
 *fill*         0x0000000000102dc7        0x9 
 .text          0x0000000000102dd0      0x1cd ./out/src/arch/x86/asm/irq.o
                0x0000000000102dd0                flush_idt
                0x0000000000102e15                _isr0
                0x0000000000102e1b                _isr1
                0x0000000000102e21                _isr2
                0x0000000000102e27                _isr3
                0x0000000000102e2d                _isr4
                0x0000000000102e33                _isr5
                0x0000000000102e39                _isr6
                0x0000000000102e3f                _isr7
                0x0000000000102e45                _isr8
                0x0000000000102e49                _isr9
                0x0000000000102e4f                _isr10
                0x0000000000102e53                _isr11
                0x0000000000102e5a                _isr12
                0x0000000000102e61                _isr13
                0x0000000000102e68                _isr14
                0x0000000000102e6f                _isr15
                0x0000000000102e78                _isr16
                0x0000000000102e81                _isr17
                0x0000000000102e88                _isr18
                0x0000000000102e91                _isr19
                0x0000000000102e9a                _isr20
                0x0000000000102ea3                _isr21
                0x0000000000102eac                _isr22
                0x0000000000102eb5                _isr23
                0x0000000000102ebe                _isr24
                0x0000000000102ec7                _isr25
                0x0000000000102ed0                _isr26
                0x0000000000102ed9                _isr27
                0x0000000000102ee2                _isr28
                0x0000000000102eeb                _isr29
                0x0000000000102ef4                _isr30
                0x0000000000102efb                _isr31
                0x0000000000102f04                _isr32
                0x0000000000102f0d                _isr33
                0x0000000000102f16                _isr34
                0x0000000000102f1f                _isr35
                0x0000000000102f28                _isr36
                0x0000000000102f31                _isr37
                0x0000000000102f3a                _isr38
                0x0000000000102f43                _isr39
                0x0000000000102f4c                _isr40
                0x0000000000102f55                _isr41
                0x0000000000102f5e                _isr42
                0x0000000000102f67                _isr43
                0x0000000000102f70                _isr44
                0x0000000000102f79                _isr45
                0x0000000000102f82                _isr46
                0x0000000000102f8b                _isr47
                0x0000000000102f94                _isr50
 *fill*         0x0000000000102f9d        0x3 
 .text          0x0000000000102fa0       0x32 ./out/src/boot/multiboot.o

.iplt           0x0000000000102fd2        0x0
 .iplt          0x0000000000102fd2        0x0 ./out/src/arch/x86/interupts/gdt.o

.rela.dyn       0x0000000000102fd8        0x0
 .rela.got      0x0000000000102fd8        0x0 ./out/src/arch/x86/interupts/gdt.o
 .rela.iplt     0x0000000000102fd8        0x0 ./out/src/arch/x86/interupts/gdt.o
 .rela.text     0x0000000000102fd8        0x0 ./out/src/arch/x86/interupts/gdt.o
 .rela.data     0x0000000000102fd8        0x0 ./out/src/arch/x86/interupts/gdt.o

.rodata         0x0000000000103000      0x66a
                0x0000000000103000                start_ctors = .
 *(.ctors)
 .ctors         0x0000000000103000        0x8 ./out/src/arch/x86/kmain.o
 *(.init_array)
                0x0000000000103008                end_ctors = .
 *(.rodata*)
 .rodata.str1.1
                0x0000000000103008        0xa ./out/src/arch/x86/interupts/idt.o
 *fill*         0x0000000000103012        0xe 
 .rodata        0x0000000000103020      0x400 ./out/src/arch/x86/interupts/idt.o
 .rodata.str1.1
                0x0000000000103420       0x2d ./out/src/arch/x86/interupts/interupts.o
 .rodata.str1.1
                0x000000000010344d       0x10 ./out/src/arch/x86/interupts/control/pic.o
 .rodata.str1.1
                0x000000000010345d       0x1d ./out/src/arch/x86/mem/kmalloc.o
 .rodata.str1.1
                0x000000000010347a      0x11a ./out/src/arch/x86/mem/kmem_manager.o
 *fill*         0x0000000000103594        0x4 
 .rodata.str1.8
                0x0000000000103598       0x4a ./out/src/arch/x86/mem/kmem_manager.o
 .rodata.str1.1
                0x00000000001035e2       0x1c ./out/src/arch/x86/multiboot.o
 .rodata.str1.1
                0x00000000001035fe       0x49 ./out/src/arch/x86/kmain.o
                                         0x51 (size before relaxing)
 *fill*         0x0000000000103647        0x1 
 .rodata        0x0000000000103648       0x22 ./out/src/boot/multiboot.o

.data           0x0000000000104000       0x48
 *(.data*)
 .data          0x0000000000104000       0x3a ./out/src/arch/x86/interupts/gdt.o
 .data          0x000000000010403a        0x0 ./out/src/arch/x86/interupts/idt.o
 .data          0x000000000010403a        0x0 ./out/src/arch/x86/interupts/interupts.o
 .data          0x000000000010403a        0x0 ./out/src/arch/x86/interupts/control/apic.o
 .data          0x000000000010403a        0x0 ./out/src/arch/x86/interupts/control/pic.o
 .data          0x000000000010403a        0x0 ./out/src/arch/x86/dev/debug/serial.o
 .data          0x000000000010403a        0x0 ./out/src/arch/x86/mem/kmalloc.o
 .data          0x000000000010403a        0x0 ./out/src/arch/x86/mem/kmem_manager.o
 .data          0x000000000010403a        0x0 ./out/src/arch/x86/multiboot.o
 *fill*         0x000000000010403a        0x6 
 .data          0x0000000000104040        0x8 ./out/src/arch/x86/kmain.o
 .data          0x0000000000104048        0x0 ./out/libraries/libc/linkedlist.o
 .data          0x0000000000104048        0x0 ./out/libraries/libc/io.o
 .data          0x0000000000104048        0x0 ./out/libraries/libc/string.o

.got            0x0000000000104048        0x0
 .got           0x0000000000104048        0x0 ./out/src/arch/x86/interupts/gdt.o

.got.plt        0x0000000000104048        0x0
 .got.plt       0x0000000000104048        0x0 ./out/src/arch/x86/interupts/gdt.o

.igot.plt       0x0000000000104048        0x0
 .igot.plt      0x0000000000104048        0x0 ./out/src/arch/x86/interupts/gdt.o

.bss            0x0000000000105000    0x76000
 *(COMMON)
 *(.bss*)
 .bss           0x0000000000105000        0x0 ./out/src/arch/x86/interupts/gdt.o
 .bss           0x0000000000105000     0x180a ./out/src/arch/x86/interupts/idt.o
                0x0000000000105000                idt_entries
                0x0000000000106800                idt_ptr
 *fill*         0x000000000010680a       0x16 
 .bss           0x0000000000106820       0x80 ./out/src/arch/x86/interupts/interupts.o
 .bss           0x00000000001068a0        0x0 ./out/src/arch/x86/interupts/control/apic.o
 .bss           0x00000000001068a0        0x0 ./out/src/arch/x86/interupts/control/pic.o
 .bss           0x00000000001068a0        0x4 ./out/src/arch/x86/dev/debug/serial.o
 .bss           0x00000000001068a4        0x0 ./out/src/arch/x86/mem/kmalloc.o
 *fill*         0x00000000001068a4      0x75c 
 .bss           0x0000000000107000    0x6b048 ./out/src/arch/x86/mem/kmem_manager.o
                0x0000000000107000                twom_high_pds
                0x0000000000147000                low_base_pmls
                0x0000000000169000                heap_base_pt
                0x000000000016c000                heap_base_pd
                0x000000000016d000                heap_base_pml
                0x000000000016e000                high_base_pml
                0x000000000016f000                base_init_pml
 .bss           0x0000000000172048        0x0 ./out/src/arch/x86/multiboot.o
 .bss           0x0000000000172048       0x10 ./out/src/arch/x86/kmain.o
                0x0000000000172048                mb_ptr
 .bss           0x0000000000172058        0x0 ./out/libraries/libc/linkedlist.o
 .bss           0x0000000000172058        0x0 ./out/libraries/libc/io.o
 *fill*         0x0000000000172058        0x8 
 .bss           0x0000000000172060      0x100 ./out/libraries/libc/string.o
 *fill*         0x0000000000172160      0xea0 
 .bss           0x0000000000173000     0x4009 ./out/src/boot/multiboot.o
                0x0000000000173000                end_of_mapped_memory
                0x0000000000177009                stack_top
                0x0000000000178000                . = ALIGN (0x1000)
 *fill*         0x0000000000177009      0xff7 
 *(.pts*)
 .pts           0x0000000000178000     0x3000 ./out/src/boot/multiboot.o
                0x0000000000179000                boot_pdpt
                0x000000000017a000                boot_pdt
 *(.heap)
                0x000000000017b000                _kernel_end = .
                0x000000000017b000                _kernel_physical_end = .

/DISCARD/
 *(.comment)
 *(.eh_frame)
 *(.note.gnu.build-id)
LOAD ./out/src/arch/x86/interupts/gdt.o
LOAD ./out/src/arch/x86/interupts/idt.o
LOAD ./out/src/arch/x86/interupts/interupts.o
LOAD ./out/src/arch/x86/interupts/control/apic.o
LOAD ./out/src/arch/x86/interupts/control/pic.o
LOAD ./out/src/arch/x86/dev/debug/serial.o
LOAD ./out/src/arch/x86/mem/kmalloc.o
LOAD ./out/src/arch/x86/mem/kmem_manager.o
LOAD ./out/src/arch/x86/multiboot.o
LOAD ./out/src/arch/x86/kmain.o
LOAD ./out/libraries/libc/linkedlist.o
LOAD ./out/libraries/libc/io.o
LOAD ./out/libraries/libc/string.o
LOAD ./out/src/arch/x86/asm/gdt.o
LOAD ./out/src/arch/x86/asm/irq.o
LOAD ./out/src/boot/multiboot.o
OUTPUT(lightos.elf elf64-x86-64)

.debug_aranges  0x0000000000000000       0x90
 .debug_aranges
                0x0000000000000000       0x30 ./out/src/arch/x86/asm/gdt.o
 .debug_aranges
                0x0000000000000030       0x30 ./out/src/arch/x86/asm/irq.o
 .debug_aranges
                0x0000000000000060       0x30 ./out/src/boot/multiboot.o

.debug_pubnames
                0x0000000000000000        0x0
 .debug_pubnames
                0x0000000000000000        0x0 ./out/src/arch/x86/asm/gdt.o
 .debug_pubnames
                0x0000000000000000        0x0 ./out/src/arch/x86/asm/irq.o
 .debug_pubnames
                0x0000000000000000        0x0 ./out/src/boot/multiboot.o

.debug_info     0x0000000000000000      0x10c
 .debug_info    0x0000000000000000       0x5a ./out/src/arch/x86/asm/gdt.o
 .debug_info    0x000000000000005a       0x5a ./out/src/arch/x86/asm/irq.o
 .debug_info    0x00000000000000b4       0x58 ./out/src/boot/multiboot.o

.debug_abbrev   0x0000000000000000       0x51
 .debug_abbrev  0x0000000000000000       0x1b ./out/src/arch/x86/asm/gdt.o
 .debug_abbrev  0x000000000000001b       0x1b ./out/src/arch/x86/asm/irq.o
 .debug_abbrev  0x0000000000000036       0x1b ./out/src/boot/multiboot.o

.debug_line     0x0000000000000000      0x1d1
 .debug_line    0x0000000000000000       0x54 ./out/src/arch/x86/asm/gdt.o
 .debug_line    0x0000000000000054      0x126 ./out/src/arch/x86/asm/irq.o
 .debug_line    0x000000000000017a       0x57 ./out/src/boot/multiboot.o

.debug_frame    0x0000000000000000        0x0
 .debug_frame   0x0000000000000000        0x0 ./out/src/arch/x86/asm/gdt.o
 .debug_frame   0x0000000000000000        0x0 ./out/src/arch/x86/asm/irq.o
 .debug_frame   0x0000000000000000        0x0 ./out/src/boot/multiboot.o

.debug_loc      0x0000000000000000        0x0
 .debug_loc     0x0000000000000000        0x0 ./out/src/arch/x86/asm/gdt.o
 .debug_loc     0x0000000000000000        0x0 ./out/src/arch/x86/asm/irq.o
 .debug_loc     0x0000000000000000        0x0 ./out/src/boot/multiboot.o
