
Memory Configuration

Name             Origin             Length             Attributes
*default*        0x0000000000000000 0xffffffffffffffff

Linker script and memory map

                0x0000000000010000                . = 0x10000
                0x0000000000010000                . = ALIGN (0x1000)

.text           0x0000000000010000       0x2a
 *(.multiboot_header)
 .multiboot_header
                0x0000000000010000       0x18 ./out/src/arch/x86/asm/multiboot.o
 *(.text .text.*)
 .text          0x0000000000010018        0x2 ./out/src/arch/x86/kmain.o
                0x0000000000010018                _start
 *fill*         0x000000000001001a        0x6 
 .text          0x0000000000010020        0xa ./out/src/arch/x86/asm/multiboot.o

.iplt           0x000000000001002a        0x0
 .iplt          0x000000000001002a        0x0 ./out/src/arch/x86/kmain.o
                0x0000000000011000                . = ALIGN (0x1000)

.rodata
 *(.rodata.*)

.eh_frame       0x0000000000011000       0x2c
 .eh_frame      0x0000000000011000       0x2c ./out/src/arch/x86/kmain.o
                                         0x30 (size before relaxing)

.rela.dyn       0x0000000000011030        0x0
 .rela.got      0x0000000000011030        0x0 ./out/src/arch/x86/kmain.o
 .rela.iplt     0x0000000000011030        0x0 ./out/src/arch/x86/kmain.o
                0x0000000000012000                . = ALIGN (0x1000)

.data           0x0000000000012000        0x0
 *(.data .data.*)
 .data          0x0000000000012000        0x0 ./out/src/arch/x86/kmain.o

.got            0x0000000000012000        0x0
 .got           0x0000000000012000        0x0 ./out/src/arch/x86/kmain.o

.got.plt        0x0000000000012000        0x0
 .got.plt       0x0000000000012000        0x0 ./out/src/arch/x86/kmain.o

.igot.plt       0x0000000000012000        0x0
 .igot.plt      0x0000000000012000        0x0 ./out/src/arch/x86/kmain.o
                0x0000000000012000                . = ALIGN (0x1000)

.bss            0x0000000000012000    0x10000
 *(COMMON)
 *(.bss .bss.*)
 .bss           0x0000000000012000        0x0 ./out/src/arch/x86/kmain.o
 .bss           0x0000000000012000    0x10000 ./out/src/arch/x86/asm/multiboot.o
LOAD ./out/src/arch/x86/kmain.o
LOAD ./out/src/arch/x86/asm/multiboot.o
OUTPUT(lightos.elf elf64-x86-64)

.comment        0x0000000000000000       0x12
 .comment       0x0000000000000000       0x12 ./out/src/arch/x86/kmain.o
                                         0x13 (size before relaxing)
