
Discarded input sections

 .comment       0x0000000000000000       0x13 ./out/src/arch/x86/interupts/gdt.o
 .eh_frame      0x0000000000000000       0x30 ./out/src/arch/x86/interupts/gdt.o
 .comment       0x0000000000000000       0x13 ./out/src/arch/x86/interupts/idt.o
 .eh_frame      0x0000000000000000       0x78 ./out/src/arch/x86/interupts/idt.o
 .comment       0x0000000000000000       0x13 ./out/src/arch/x86/interupts/interupts.o
 .eh_frame      0x0000000000000000       0xc0 ./out/src/arch/x86/interupts/interupts.o
 .comment       0x0000000000000000       0x13 ./out/src/arch/x86/interupts/control/apic.o
 .comment       0x0000000000000000       0x13 ./out/src/arch/x86/interupts/control/pic.o
 .eh_frame      0x0000000000000000       0x88 ./out/src/arch/x86/interupts/control/pic.o
 .comment       0x0000000000000000       0x13 ./out/src/arch/x86/dev/debug/serial.o
 .eh_frame      0x0000000000000000       0xd8 ./out/src/arch/x86/dev/debug/serial.o
 .comment       0x0000000000000000       0x13 ./out/src/arch/x86/mem/kmalloc.o
 .eh_frame      0x0000000000000000       0x58 ./out/src/arch/x86/mem/kmalloc.o
 .comment       0x0000000000000000       0x13 ./out/src/arch/x86/mem/kmem_manager.o
 .eh_frame      0x0000000000000000      0x1b8 ./out/src/arch/x86/mem/kmem_manager.o
 .comment       0x0000000000000000       0x13 ./out/src/arch/x86/multiboot.o
 .eh_frame      0x0000000000000000       0x90 ./out/src/arch/x86/multiboot.o
 .comment       0x0000000000000000       0x13 ./out/src/arch/x86/kmain.o
 .eh_frame      0x0000000000000000       0x78 ./out/src/arch/x86/kmain.o
 .comment       0x0000000000000000       0x13 ./out/libraries/libc/linkedlist.o
 .eh_frame      0x0000000000000000       0x58 ./out/libraries/libc/linkedlist.o
 .comment       0x0000000000000000       0x13 ./out/libraries/libc/io.o
 .eh_frame      0x0000000000000000       0x80 ./out/libraries/libc/io.o
 .comment       0x0000000000000000       0x13 ./out/libraries/libc/string.o
 .eh_frame      0x0000000000000000       0xb8 ./out/libraries/libc/string.o

Memory Configuration

Name             Origin             Length             Attributes
*default*        0x0000000000000000 0xffffffffffffffff

Linker script and memory map

                0x0000000000100000                . = 0x100000
                0x0000000000100000                _kernel_start = .

.multiboot_header
                0x0000000000100000       0x18
 *(.multiboot_header)
 .multiboot_header
                0x0000000000100000       0x18 ./out/src/boot/multiboot.o

.text           0x0000000000101000     0x1c62
 *(.pre_text)
 .pre_text      0x0000000000101000       0x80 ./out/src/boot/multiboot.o
                0x0000000000101000                start
 *(.text*)
 .text          0x0000000000101080       0x27 ./out/src/arch/x86/interupts/gdt.o
                0x0000000000101080                setup_gdt
 *fill*         0x00000000001010a7        0x9 
 .text          0x00000000001010b0      0x141 ./out/src/arch/x86/interupts/idt.o
                0x00000000001010b0                populate_gate
                0x00000000001010f0                setup_idt
                0x00000000001011e0                handle_isr
                0x00000000001011f0                handle_irq
 *fill*         0x00000000001011f1        0xf 
 .text          0x0000000000101200      0x122 ./out/src/arch/x86/interupts/interupts.o
                0x0000000000101200                add_handler
                0x0000000000101270                remove_handler
                0x0000000000101290                interupt_handler
                0x0000000000101310                disable_interupts
                0x0000000000101320                enable_interupts
 .text          0x0000000000101322        0x0 ./out/src/arch/x86/interupts/control/apic.o
 *fill*         0x0000000000101322        0xe 
 .text          0x0000000000101330      0x14e ./out/src/arch/x86/interupts/control/pic.o
                0x0000000000101330                init_pic
                0x0000000000101400                disable_pic
                0x0000000000101440                pic_eoi
 *fill*         0x000000000010147e        0x2 
 .text          0x0000000000101480      0x1b9 ./out/src/arch/x86/dev/debug/serial.o
                0x0000000000101480                init_serial
                0x00000000001014f0                putch
                0x0000000000101580                print
                0x00000000001015c0                println
 *fill*         0x0000000000101639        0x7 
 .text          0x0000000000101640       0x23 ./out/src/arch/x86/mem/kmalloc.o
                0x0000000000101640                init_kmalloc
                0x0000000000101650                kmalloc
                0x0000000000101660                kfree
 *fill*         0x0000000000101663        0xd 
 .text          0x0000000000101670      0xcb3 ./out/src/arch/x86/mem/kmem_manager.o
                0x0000000000101670                prep_mmap
                0x00000000001016a0                init_kmem_manager
                0x0000000000101a00                parse_memmap
                0x0000000000101bc0                kmem_from_phys
                0x0000000000101bd0                kmem_mark_frame_used
                0x0000000000101c10                kmem_mark_frame_free
                0x0000000000101c60                kmem_mark_frame
                0x0000000000101cd0                kmem_get_frame
                0x0000000000101d60                kmem_get_page
                0x00000000001020b0                kmem_set_page_flags
                0x00000000001021b0                kmem_alloc
 *fill*         0x0000000000102323        0xd 
 .text          0x0000000000102330      0x246 ./out/src/arch/x86/multiboot.o
                0x0000000000102330                mb_initialize
                0x0000000000102500                next_mb2_tag
                0x0000000000102540                get_mb2_tag
 *fill*         0x0000000000102576        0xa 
 .text          0x0000000000102580      0x1b0 ./out/src/arch/x86/kmain.o
                0x0000000000102580                thing
                0x00000000001025b0                _start
 .text.startup  0x0000000000102730       0x16 ./out/src/arch/x86/kmain.o
                0x0000000000102730                test
 *fill*         0x0000000000102746        0xa 
 .text          0x0000000000102750       0x93 ./out/libraries/libc/linkedlist.o
                0x0000000000102750                init_list
                0x0000000000102760                add_node
 *fill*         0x00000000001027e3        0xd 
 .text          0x00000000001027f0       0x5c ./out/libraries/libc/io.o
                0x00000000001027f0                in8
                0x0000000000102800                in16
                0x0000000000102810                out8
                0x0000000000102820                out16
                0x0000000000102830                delay
 *fill*         0x000000000010284c        0x4 
 .text          0x0000000000102850      0x1e3 ./out/libraries/libc/string.o
                0x0000000000102850                strlen
                0x0000000000102880                strcmp
                0x00000000001028c0                strcpy
                0x00000000001028f0                memcpy
                0x0000000000102900                memcmp
                0x0000000000102930                memset
                0x0000000000102940                memchr
                0x0000000000102970                to_string
 *fill*         0x0000000000102a33        0xd 
 .text          0x0000000000102a40       0x17 ./out/src/arch/x86/asm/gdt.o
                0x0000000000102a40                load_gdt
                0x0000000000102a46                gdt_flush
 *fill*         0x0000000000102a57        0x9 
 .text          0x0000000000102a60      0x1cd ./out/src/arch/x86/asm/irq.o
                0x0000000000102a60                flush_idt
                0x0000000000102aa5                _isr0
                0x0000000000102aab                _isr1
                0x0000000000102ab1                _isr2
                0x0000000000102ab7                _isr3
                0x0000000000102abd                _isr4
                0x0000000000102ac3                _isr5
                0x0000000000102ac9                _isr6
                0x0000000000102acf                _isr7
                0x0000000000102ad5                _isr8
                0x0000000000102ad9                _isr9
                0x0000000000102adf                _isr10
                0x0000000000102ae3                _isr11
                0x0000000000102aea                _isr12
                0x0000000000102af1                _isr13
                0x0000000000102af8                _isr14
                0x0000000000102aff                _isr15
                0x0000000000102b08                _isr16
                0x0000000000102b11                _isr17
                0x0000000000102b18                _isr18
                0x0000000000102b21                _isr19
                0x0000000000102b2a                _isr20
                0x0000000000102b33                _isr21
                0x0000000000102b3c                _isr22
                0x0000000000102b45                _isr23
                0x0000000000102b4e                _isr24
                0x0000000000102b57                _isr25
                0x0000000000102b60                _isr26
                0x0000000000102b69                _isr27
                0x0000000000102b72                _isr28
                0x0000000000102b7b                _isr29
                0x0000000000102b84                _isr30
                0x0000000000102b8b                _isr31
                0x0000000000102b94                _isr32
                0x0000000000102b9d                _isr33
                0x0000000000102ba6                _isr34
                0x0000000000102baf                _isr35
                0x0000000000102bb8                _isr36
                0x0000000000102bc1                _isr37
                0x0000000000102bca                _isr38
                0x0000000000102bd3                _isr39
                0x0000000000102bdc                _isr40
                0x0000000000102be5                _isr41
                0x0000000000102bee                _isr42
                0x0000000000102bf7                _isr43
                0x0000000000102c00                _isr44
                0x0000000000102c09                _isr45
                0x0000000000102c12                _isr46
                0x0000000000102c1b                _isr47
                0x0000000000102c24                _isr50
 *fill*         0x0000000000102c2d        0x3 
 .text          0x0000000000102c30       0x32 ./out/src/boot/multiboot.o

.iplt           0x0000000000102c62        0x0
 .iplt          0x0000000000102c62        0x0 ./out/src/arch/x86/interupts/gdt.o

.rela.dyn       0x0000000000102c68        0x0
 .rela.got      0x0000000000102c68        0x0 ./out/src/arch/x86/interupts/gdt.o
 .rela.iplt     0x0000000000102c68        0x0 ./out/src/arch/x86/interupts/gdt.o
 .rela.text     0x0000000000102c68        0x0 ./out/src/arch/x86/interupts/gdt.o
 .rela.data     0x0000000000102c68        0x0 ./out/src/arch/x86/interupts/gdt.o

.rodata         0x0000000000103000      0x616
                0x0000000000103000                start_ctors = .
 *(.ctors)
 .ctors         0x0000000000103000        0x8 ./out/src/arch/x86/kmain.o
 *(.init_array)
                0x0000000000103008                end_ctors = .
 *(.rodata*)
 .rodata.str1.1
                0x0000000000103008        0xa ./out/src/arch/x86/interupts/idt.o
 *fill*         0x0000000000103012        0xe 
 .rodata        0x0000000000103020      0x400 ./out/src/arch/x86/interupts/idt.o
 .rodata.str1.1
                0x0000000000103420       0x2d ./out/src/arch/x86/interupts/interupts.o
 .rodata.str1.1
                0x000000000010344d       0x10 ./out/src/arch/x86/interupts/control/pic.o
 .rodata.str1.1
                0x000000000010345d       0xe1 ./out/src/arch/x86/mem/kmem_manager.o
 *fill*         0x000000000010353e        0x2 
 .rodata.str1.8
                0x0000000000103540       0x4a ./out/src/arch/x86/mem/kmem_manager.o
 .rodata.str1.1
                0x000000000010358a       0x1c ./out/src/arch/x86/multiboot.o
 .rodata.str1.1
                0x00000000001035a6       0x45 ./out/src/arch/x86/kmain.o
                                         0x4d (size before relaxing)
 .rodata.str1.1
                0x00000000001035eb        0x6 ./out/libraries/libc/linkedlist.o
 *fill*         0x00000000001035f1        0x3 
 .rodata        0x00000000001035f4       0x22 ./out/src/boot/multiboot.o

.data           0x0000000000104000       0x48
 *(.data*)
 .data          0x0000000000104000       0x3a ./out/src/arch/x86/interupts/gdt.o
 .data          0x000000000010403a        0x0 ./out/src/arch/x86/interupts/idt.o
 .data          0x000000000010403a        0x0 ./out/src/arch/x86/interupts/interupts.o
 .data          0x000000000010403a        0x0 ./out/src/arch/x86/interupts/control/apic.o
 .data          0x000000000010403a        0x0 ./out/src/arch/x86/interupts/control/pic.o
 .data          0x000000000010403a        0x0 ./out/src/arch/x86/dev/debug/serial.o
 .data          0x000000000010403a        0x0 ./out/src/arch/x86/mem/kmalloc.o
 .data          0x000000000010403a        0x0 ./out/src/arch/x86/mem/kmem_manager.o
 .data          0x000000000010403a        0x0 ./out/src/arch/x86/multiboot.o
 *fill*         0x000000000010403a        0x6 
 .data          0x0000000000104040        0x8 ./out/src/arch/x86/kmain.o
 .data          0x0000000000104048        0x0 ./out/libraries/libc/linkedlist.o
 .data          0x0000000000104048        0x0 ./out/libraries/libc/io.o
 .data          0x0000000000104048        0x0 ./out/libraries/libc/string.o

.got            0x0000000000104048        0x0
 .got           0x0000000000104048        0x0 ./out/src/arch/x86/interupts/gdt.o

.got.plt        0x0000000000104048        0x0
 .got.plt       0x0000000000104048        0x0 ./out/src/arch/x86/interupts/gdt.o

.igot.plt       0x0000000000104048        0x0
 .igot.plt      0x0000000000104048        0x0 ./out/src/arch/x86/interupts/gdt.o

.bss            0x0000000000105000    0x76000
 *(COMMON)
 *(.bss*)
 .bss           0x0000000000105000        0x0 ./out/src/arch/x86/interupts/gdt.o
 .bss           0x0000000000105000     0x180a ./out/src/arch/x86/interupts/idt.o
                0x0000000000105000                idt_entries
                0x0000000000106800                idt_ptr
 *fill*         0x000000000010680a       0x16 
 .bss           0x0000000000106820       0x80 ./out/src/arch/x86/interupts/interupts.o
 .bss           0x00000000001068a0        0x0 ./out/src/arch/x86/interupts/control/apic.o
 .bss           0x00000000001068a0        0x0 ./out/src/arch/x86/interupts/control/pic.o
 .bss           0x00000000001068a0        0x4 ./out/src/arch/x86/dev/debug/serial.o
 .bss           0x00000000001068a4        0x0 ./out/src/arch/x86/mem/kmalloc.o
 *fill*         0x00000000001068a4      0x75c 
 .bss           0x0000000000107000    0x6b038 ./out/src/arch/x86/mem/kmem_manager.o
                0x0000000000107000                twom_high_pds
                0x0000000000147000                low_base_pmls
                0x0000000000169000                heap_base_pt
                0x000000000016c000                heap_base_pd
                0x000000000016d000                heap_base_pml
                0x000000000016e000                high_base_pml
                0x000000000016f000                base_init_pml
 .bss           0x0000000000172038        0x0 ./out/src/arch/x86/multiboot.o
 .bss           0x0000000000172038        0x8 ./out/src/arch/x86/kmain.o
 .bss           0x0000000000172040        0x0 ./out/libraries/libc/linkedlist.o
 .bss           0x0000000000172040        0x0 ./out/libraries/libc/io.o
 .bss           0x0000000000172040      0x100 ./out/libraries/libc/string.o
 *fill*         0x0000000000172140      0xec0 
 .bss           0x0000000000173000     0x4009 ./out/src/boot/multiboot.o
                0x0000000000173000                end_of_mapped_memory
                0x0000000000177009                stack_top
                0x0000000000178000                . = ALIGN (0x1000)
 *fill*         0x0000000000177009      0xff7 
 *(.pts*)
 .pts           0x0000000000178000     0x3000 ./out/src/boot/multiboot.o
                0x0000000000178000                boot_pml4t
                0x0000000000179000                boot_pdpt
                0x000000000017a000                boot_pdt
 *(.heap)
                0x000000000017b000                _kernel_end = .
                0x000000000017b000                _kernel_physical_end = .

/DISCARD/
 *(.comment)
 *(.eh_frame)
 *(.note.gnu.build-id)
LOAD ./out/src/arch/x86/interupts/gdt.o
LOAD ./out/src/arch/x86/interupts/idt.o
LOAD ./out/src/arch/x86/interupts/interupts.o
LOAD ./out/src/arch/x86/interupts/control/apic.o
LOAD ./out/src/arch/x86/interupts/control/pic.o
LOAD ./out/src/arch/x86/dev/debug/serial.o
LOAD ./out/src/arch/x86/mem/kmalloc.o
LOAD ./out/src/arch/x86/mem/kmem_manager.o
LOAD ./out/src/arch/x86/multiboot.o
LOAD ./out/src/arch/x86/kmain.o
LOAD ./out/libraries/libc/linkedlist.o
LOAD ./out/libraries/libc/io.o
LOAD ./out/libraries/libc/string.o
LOAD ./out/src/arch/x86/asm/gdt.o
LOAD ./out/src/arch/x86/asm/irq.o
LOAD ./out/src/boot/multiboot.o
OUTPUT(lightos.elf elf64-x86-64)

.debug_aranges  0x0000000000000000       0x90
 .debug_aranges
                0x0000000000000000       0x30 ./out/src/arch/x86/asm/gdt.o
 .debug_aranges
                0x0000000000000030       0x30 ./out/src/arch/x86/asm/irq.o
 .debug_aranges
                0x0000000000000060       0x30 ./out/src/boot/multiboot.o

.debug_pubnames
                0x0000000000000000        0x0
 .debug_pubnames
                0x0000000000000000        0x0 ./out/src/arch/x86/asm/gdt.o
 .debug_pubnames
                0x0000000000000000        0x0 ./out/src/arch/x86/asm/irq.o
 .debug_pubnames
                0x0000000000000000        0x0 ./out/src/boot/multiboot.o

.debug_info     0x0000000000000000      0x10c
 .debug_info    0x0000000000000000       0x5a ./out/src/arch/x86/asm/gdt.o
 .debug_info    0x000000000000005a       0x5a ./out/src/arch/x86/asm/irq.o
 .debug_info    0x00000000000000b4       0x58 ./out/src/boot/multiboot.o

.debug_abbrev   0x0000000000000000       0x51
 .debug_abbrev  0x0000000000000000       0x1b ./out/src/arch/x86/asm/gdt.o
 .debug_abbrev  0x000000000000001b       0x1b ./out/src/arch/x86/asm/irq.o
 .debug_abbrev  0x0000000000000036       0x1b ./out/src/boot/multiboot.o

.debug_line     0x0000000000000000      0x1d1
 .debug_line    0x0000000000000000       0x54 ./out/src/arch/x86/asm/gdt.o
 .debug_line    0x0000000000000054      0x126 ./out/src/arch/x86/asm/irq.o
 .debug_line    0x000000000000017a       0x57 ./out/src/boot/multiboot.o

.debug_frame    0x0000000000000000        0x0
 .debug_frame   0x0000000000000000        0x0 ./out/src/arch/x86/asm/gdt.o
 .debug_frame   0x0000000000000000        0x0 ./out/src/arch/x86/asm/irq.o
 .debug_frame   0x0000000000000000        0x0 ./out/src/boot/multiboot.o

.debug_loc      0x0000000000000000        0x0
 .debug_loc     0x0000000000000000        0x0 ./out/src/arch/x86/asm/gdt.o
 .debug_loc     0x0000000000000000        0x0 ./out/src/arch/x86/asm/irq.o
 .debug_loc     0x0000000000000000        0x0 ./out/src/boot/multiboot.o
