
Discarded input sections

 .comment       0x0000000000000000       0x13 ./out/src/arch/x86/interupts/gdt.o
 .eh_frame      0x0000000000000000       0x50 ./out/src/arch/x86/interupts/gdt.o
 .comment       0x0000000000000000       0x13 ./out/src/arch/x86/interupts/idt.o
 .eh_frame      0x0000000000000000       0xa0 ./out/src/arch/x86/interupts/idt.o
 .comment       0x0000000000000000       0x13 ./out/src/arch/x86/interupts/interupts.o
 .eh_frame      0x0000000000000000       0xe8 ./out/src/arch/x86/interupts/interupts.o
 .comment       0x0000000000000000       0x13 ./out/src/arch/x86/interupts/control/apic.o
 .comment       0x0000000000000000       0x13 ./out/src/arch/x86/interupts/control/pic.o
 .eh_frame      0x0000000000000000       0x88 ./out/src/arch/x86/interupts/control/pic.o
 .comment       0x0000000000000000       0x13 ./out/src/arch/x86/dev/debug/serial.o
 .eh_frame      0x0000000000000000       0xd8 ./out/src/arch/x86/dev/debug/serial.o
 .comment       0x0000000000000000       0x13 ./out/src/arch/x86/mem/kmalloc.o
 .eh_frame      0x0000000000000000      0x2a8 ./out/src/arch/x86/mem/kmalloc.o
 .comment       0x0000000000000000       0x13 ./out/src/arch/x86/mem/kmem_manager.o
 .eh_frame      0x0000000000000000      0x1e8 ./out/src/arch/x86/mem/kmem_manager.o
 .comment       0x0000000000000000       0x13 ./out/src/arch/x86/multiboot.o
 .eh_frame      0x0000000000000000       0x90 ./out/src/arch/x86/multiboot.o
 .comment       0x0000000000000000       0x13 ./out/src/arch/x86/kmain.o
 .eh_frame      0x0000000000000000       0x90 ./out/src/arch/x86/kmain.o
 .comment       0x0000000000000000       0x13 ./out/libraries/libc/linkedlist.o
 .eh_frame      0x0000000000000000       0x58 ./out/libraries/libc/linkedlist.o
 .comment       0x0000000000000000       0x13 ./out/libraries/libc/io.o
 .eh_frame      0x0000000000000000       0x80 ./out/libraries/libc/io.o
 .comment       0x0000000000000000       0x13 ./out/libraries/libc/string.o
 .eh_frame      0x0000000000000000       0xb8 ./out/libraries/libc/string.o

Memory Configuration

Name             Origin             Length             Attributes
*default*        0x0000000000000000 0xffffffffffffffff

Linker script and memory map

                0x0000000000100000                . = 0x100000
                0x0000000000100000                _kernel_start = .

.multiboot_header
                0x0000000000100000       0x18
 *(.multiboot_header)
 .multiboot_header
                0x0000000000100000       0x18 ./out/src/boot/multiboot.o

.text           0x0000000000101000     0x2dca
 *(.pre_text)
 .pre_text      0x0000000000101000       0x80 ./out/src/boot/multiboot.o
                0x0000000000101000                start
 *(.text*)
 .text          0x0000000000101080       0xfe ./out/src/arch/x86/interupts/gdt.o
                0x0000000000101080                setup_gdt
 *fill*         0x000000000010117e        0x2 
 .text          0x0000000000101180      0x181 ./out/src/arch/x86/interupts/idt.o
                0x0000000000101180                populate_gate
                0x00000000001011c0                simple_populate
                0x0000000000101210                setup_idt
                0x00000000001012f0                handle_isr
                0x0000000000101300                handle_irq
 *fill*         0x0000000000101301        0xf 
 .text          0x0000000000101310      0x4e2 ./out/src/arch/x86/interupts/interupts.o
                0x0000000000101310                init_interupts
                0x00000000001016d0                add_handler
                0x0000000000101740                remove_handler
                0x0000000000101760                interupt_handler
                0x00000000001017e0                disable_interupts
                0x00000000001017f0                enable_interupts
 .text          0x00000000001017f2        0x0 ./out/src/arch/x86/interupts/control/apic.o
 *fill*         0x00000000001017f2        0xe 
 .text          0x0000000000101800      0x12e ./out/src/arch/x86/interupts/control/pic.o
                0x0000000000101800                init_pic
                0x00000000001018b0                disable_pic
                0x00000000001018f0                pic_eoi
 *fill*         0x000000000010192e        0x2 
 .text          0x0000000000101930      0x1b9 ./out/src/arch/x86/dev/debug/serial.o
                0x0000000000101930                init_serial
                0x00000000001019a0                putch
                0x0000000000101a30                print
                0x0000000000101a70                println
 *fill*         0x0000000000101ae9        0x7 
 .text          0x0000000000101af0      0x940 ./out/src/arch/x86/mem/kmalloc.o
                0x0000000000101b10                init_kheap
                0x0000000000101b60                quick_print_node_sizes
                0x0000000000101c40                split_node
                0x0000000000101ce0                can_merge
                0x0000000000101d40                merge_node_with_next
                0x0000000000101dc0                merge_node_with_prev
                0x0000000000101e30                merge_nodes
                0x0000000000101f20                try_merge
                0x0000000000102090                kfree
                0x00000000001021b0                kmalloc
                0x0000000000102300                try_heap_expand
                0x0000000000102420                verify_identity
 .text          0x0000000000102430      0xfcb ./out/src/arch/x86/mem/kmem_manager.o
                0x0000000000102430                prep_mmap
                0x0000000000102460                parse_memmap
                0x0000000000102620                kmem_from_phys
                0x0000000000102630                kmem_to_phys
                0x0000000000102740                kmem_mark_frame_used
                0x0000000000102780                kmem_mark_frame_free
                0x00000000001027d0                init_kmem_manager
                0x0000000000102ca0                kmem_mark_frame
                0x0000000000102d10                kmem_get_frame
                0x0000000000102da0                kmem_get_krnl_dir
                0x0000000000102dc0                kmem_get_page
                0x0000000000103170                kmem_set_page_flags
                0x0000000000103270                kmem_alloc
 *fill*         0x00000000001033fb        0x5 
 .text          0x0000000000103400      0x246 ./out/src/arch/x86/multiboot.o
                0x0000000000103400                mb_initialize
                0x00000000001035d0                next_mb2_tag
                0x0000000000103610                get_mb2_tag
 *fill*         0x0000000000103646        0xa 
 .text          0x0000000000103650      0x216 ./out/src/arch/x86/kmain.o
                0x0000000000103670                thing
                0x00000000001036a0                _start
 *fill*         0x0000000000103866        0xa 
 .text.startup  0x0000000000103870       0x16 ./out/src/arch/x86/kmain.o
                0x0000000000103870                test
 *fill*         0x0000000000103886        0xa 
 .text          0x0000000000103890       0x60 ./out/libraries/libc/linkedlist.o
                0x0000000000103890                init_list
                0x00000000001038a0                add_node
 .text          0x00000000001038f0       0x5c ./out/libraries/libc/io.o
                0x00000000001038f0                in8
                0x0000000000103900                in16
                0x0000000000103910                out8
                0x0000000000103920                out16
                0x0000000000103930                delay
 *fill*         0x000000000010394c        0x4 
 .text          0x0000000000103950      0x203 ./out/libraries/libc/string.o
                0x0000000000103950                strlen
                0x0000000000103980                strcmp
                0x00000000001039c0                strcpy
                0x00000000001039f0                memcpy
                0x0000000000103a00                memcmp
                0x0000000000103a30                memset
                0x0000000000103a60                memchr
                0x0000000000103a90                to_string
 *fill*         0x0000000000103b53        0xd 
 .text          0x0000000000103b60       0x17 ./out/src/arch/x86/asm/gdt.o
                0x0000000000103b60                load_gdt
                0x0000000000103b66                gdt_flush
 *fill*         0x0000000000103b77        0x9 
 .text          0x0000000000103b80      0x203 ./out/src/arch/x86/asm/irq.o
                0x0000000000103b80                flush_idt
                0x0000000000103b84                _isr0
                0x0000000000103b8e                _isr1
                0x0000000000103b98                _isr2
                0x0000000000103ba2                _isr3
                0x0000000000103bac                _isr4
                0x0000000000103bb6                _isr5
                0x0000000000103bc0                _isr6
                0x0000000000103bcd                _isr7
                0x0000000000103bd7                _isr8
                0x0000000000103bdf                _isr9
                0x0000000000103be9                _isr10
                0x0000000000103bf1                _isr11
                0x0000000000103bf9                _isr12
                0x0000000000103c01                _isr13
                0x0000000000103c06                _isr14
                0x0000000000103c0b                _isr15
                0x0000000000103c12                _isr16
                0x0000000000103c19                _isr17
                0x0000000000103c20                _isr18
                0x0000000000103c27                _isr19
                0x0000000000103c2e                _isr20
                0x0000000000103c35                _isr21
                0x0000000000103c3c                _isr22
                0x0000000000103c43                _isr23
                0x0000000000103c4a                _isr24
                0x0000000000103c51                _isr25
                0x0000000000103c58                _isr26
                0x0000000000103c5f                _isr27
                0x0000000000103c66                _isr28
                0x0000000000103c6d                _isr29
                0x0000000000103c74                _isr30
                0x0000000000103c7b                _isr31
                0x0000000000103cd3                irq0
                0x0000000000103cda                irq1
                0x0000000000103ce1                irq2
                0x0000000000103ce8                irq3
                0x0000000000103cef                irq4
                0x0000000000103cf6                irq5
                0x0000000000103cfd                irq6
                0x0000000000103d04                irq7
                0x0000000000103d0b                irq8
                0x0000000000103d12                irq9
                0x0000000000103d19                irq10
                0x0000000000103d20                irq11
                0x0000000000103d27                irq12
                0x0000000000103d2e                irq13
                0x0000000000103d35                irq14
                0x0000000000103d3c                irq15
 *fill*         0x0000000000103d83        0xd 
 .text          0x0000000000103d90       0x3a ./out/src/boot/multiboot.o

.iplt           0x0000000000103dca        0x0
 .iplt          0x0000000000103dca        0x0 ./out/src/arch/x86/interupts/gdt.o

.rela.dyn       0x0000000000103dd0        0x0
 .rela.got      0x0000000000103dd0        0x0 ./out/src/arch/x86/interupts/gdt.o
 .rela.iplt     0x0000000000103dd0        0x0 ./out/src/arch/x86/interupts/gdt.o
 .rela.text     0x0000000000103dd0        0x0 ./out/src/arch/x86/interupts/gdt.o
 .rela.data     0x0000000000103dd0        0x0 ./out/src/arch/x86/interupts/gdt.o

.rodata         0x0000000000104000      0x36e
                0x0000000000104000                start_ctors = .
 *(.ctors)
 .ctors         0x0000000000104000        0x8 ./out/src/arch/x86/kmain.o
 *(.init_array)
                0x0000000000104008                end_ctors = .
 *(.rodata*)
 .rodata.str1.1
                0x0000000000104008        0xa ./out/src/arch/x86/interupts/gdt.o
 .rodata.str1.1
                0x0000000000104012        0xa ./out/src/arch/x86/interupts/idt.o
 *fill*         0x000000000010401c        0x4 
 .rodata.str1.8
                0x0000000000104020       0x7b ./out/src/arch/x86/interupts/idt.o
 .rodata.str1.1
                0x000000000010409b       0x30 ./out/src/arch/x86/interupts/interupts.o
 .rodata.str1.1
                0x00000000001040cb       0x69 ./out/src/arch/x86/mem/kmalloc.o
                                         0x6c (size before relaxing)
 *fill*         0x0000000000104134        0x4 
 .rodata.str1.8
                0x0000000000104138       0x61 ./out/src/arch/x86/mem/kmalloc.o
 .rodata.str1.1
                0x0000000000104199      0x10d ./out/src/arch/x86/mem/kmem_manager.o
 *fill*         0x00000000001042a6        0x2 
 .rodata.str1.8
                0x00000000001042a8       0x4a ./out/src/arch/x86/mem/kmem_manager.o
 .rodata.str1.1
                0x00000000001042f2       0x1c ./out/src/arch/x86/multiboot.o
 .rodata.str1.1
                0x000000000010430e       0x3d ./out/src/arch/x86/kmain.o
                                         0x5a (size before relaxing)
 *fill*         0x000000000010434b        0x1 
 .rodata        0x000000000010434c       0x22 ./out/src/boot/multiboot.o

.data           0x0000000000105000     0x1808
 *(.data*)
 .data          0x0000000000105000     0x1800 ./out/src/arch/x86/interupts/gdt.o
                0x0000000000105000                gdt
 .data          0x0000000000106800        0x0 ./out/src/arch/x86/interupts/idt.o
 .data          0x0000000000106800        0x0 ./out/src/arch/x86/interupts/interupts.o
 .data          0x0000000000106800        0x0 ./out/src/arch/x86/interupts/control/apic.o
 .data          0x0000000000106800        0x0 ./out/src/arch/x86/interupts/control/pic.o
 .data          0x0000000000106800        0x0 ./out/src/arch/x86/dev/debug/serial.o
 .data          0x0000000000106800        0x0 ./out/src/arch/x86/mem/kmalloc.o
 .data          0x0000000000106800        0x0 ./out/src/arch/x86/mem/kmem_manager.o
 .data          0x0000000000106800        0x0 ./out/src/arch/x86/multiboot.o
 .data          0x0000000000106800        0x8 ./out/src/arch/x86/kmain.o
 .data          0x0000000000106808        0x0 ./out/libraries/libc/linkedlist.o
 .data          0x0000000000106808        0x0 ./out/libraries/libc/io.o
 .data          0x0000000000106808        0x0 ./out/libraries/libc/string.o

.got            0x0000000000106808        0x0
 .got           0x0000000000106808        0x0 ./out/src/arch/x86/interupts/gdt.o

.got.plt        0x0000000000106808        0x0
 .got.plt       0x0000000000106808        0x0 ./out/src/arch/x86/interupts/gdt.o

.igot.plt       0x0000000000106808        0x0
 .igot.plt      0x0000000000106808        0x0 ./out/src/arch/x86/interupts/gdt.o

.bss            0x0000000000107000    0x76000
 *(COMMON)
 *(.bss*)
 .bss           0x0000000000107000        0x0 ./out/src/arch/x86/interupts/gdt.o
 .bss           0x0000000000107000     0x1800 ./out/src/arch/x86/interupts/idt.o
                0x0000000000107000                idt_entries
 .bss           0x0000000000108800       0x80 ./out/src/arch/x86/interupts/interupts.o
 .bss           0x0000000000108880        0x0 ./out/src/arch/x86/interupts/control/apic.o
 .bss           0x0000000000108880        0x0 ./out/src/arch/x86/interupts/control/pic.o
 .bss           0x0000000000108880        0x4 ./out/src/arch/x86/dev/debug/serial.o
 *fill*         0x0000000000108884        0x4 
 .bss           0x0000000000108888        0x8 ./out/src/arch/x86/mem/kmalloc.o
 *fill*         0x0000000000108890      0x770 
 .bss           0x0000000000109000    0x6b048 ./out/src/arch/x86/mem/kmem_manager.o
                0x0000000000109000                twom_high_pds
                0x0000000000149000                low_base_pmls
                0x000000000016b000                heap_base_pt
                0x000000000016e000                heap_base_pd
                0x000000000016f000                heap_base_pml
                0x0000000000170000                high_base_pml
                0x0000000000171000                base_init_pml
 .bss           0x0000000000174048        0x0 ./out/src/arch/x86/multiboot.o
 .bss           0x0000000000174048       0x10 ./out/src/arch/x86/kmain.o
                0x0000000000174048                mb_ptr
 .bss           0x0000000000174058        0x0 ./out/libraries/libc/linkedlist.o
 .bss           0x0000000000174058        0x0 ./out/libraries/libc/io.o
 *fill*         0x0000000000174058        0x8 
 .bss           0x0000000000174060      0x100 ./out/libraries/libc/string.o
 *fill*         0x0000000000174160      0xea0 
 .bss           0x0000000000175000     0x4009 ./out/src/boot/multiboot.o
                0x0000000000175000                end_of_mapped_memory
                0x0000000000179009                stack_top
                0x000000000017a000                . = ALIGN (0x1000)
 *fill*         0x0000000000179009      0xff7 
 *(.pts*)
 .pts           0x000000000017a000     0x3000 ./out/src/boot/multiboot.o
                0x000000000017b000                boot_pdpt
                0x000000000017c000                boot_pdt
 *(.heap)
                0x000000000017d000                _kernel_end = .
                0x000000000017d000                _kernel_physical_end = .

/DISCARD/
 *(.comment)
 *(.eh_frame)
 *(.note.gnu.build-id)
LOAD ./out/src/arch/x86/interupts/gdt.o
LOAD ./out/src/arch/x86/interupts/idt.o
LOAD ./out/src/arch/x86/interupts/interupts.o
LOAD ./out/src/arch/x86/interupts/control/apic.o
LOAD ./out/src/arch/x86/interupts/control/pic.o
LOAD ./out/src/arch/x86/dev/debug/serial.o
LOAD ./out/src/arch/x86/mem/kmalloc.o
LOAD ./out/src/arch/x86/mem/kmem_manager.o
LOAD ./out/src/arch/x86/multiboot.o
LOAD ./out/src/arch/x86/kmain.o
LOAD ./out/libraries/libc/linkedlist.o
LOAD ./out/libraries/libc/io.o
LOAD ./out/libraries/libc/string.o
LOAD ./out/src/arch/x86/asm/gdt.o
LOAD ./out/src/arch/x86/asm/irq.o
LOAD ./out/src/boot/multiboot.o
OUTPUT(lightos.elf elf64-x86-64)

.debug_aranges  0x0000000000000000       0x90
 .debug_aranges
                0x0000000000000000       0x30 ./out/src/arch/x86/asm/gdt.o
 .debug_aranges
                0x0000000000000030       0x30 ./out/src/arch/x86/asm/irq.o
 .debug_aranges
                0x0000000000000060       0x30 ./out/src/boot/multiboot.o

.debug_pubnames
                0x0000000000000000        0x0
 .debug_pubnames
                0x0000000000000000        0x0 ./out/src/arch/x86/asm/gdt.o
 .debug_pubnames
                0x0000000000000000        0x0 ./out/src/arch/x86/asm/irq.o
 .debug_pubnames
                0x0000000000000000        0x0 ./out/src/boot/multiboot.o

.debug_info     0x0000000000000000      0x10c
 .debug_info    0x0000000000000000       0x5a ./out/src/arch/x86/asm/gdt.o
 .debug_info    0x000000000000005a       0x5a ./out/src/arch/x86/asm/irq.o
 .debug_info    0x00000000000000b4       0x58 ./out/src/boot/multiboot.o

.debug_abbrev   0x0000000000000000       0x51
 .debug_abbrev  0x0000000000000000       0x1b ./out/src/arch/x86/asm/gdt.o
 .debug_abbrev  0x000000000000001b       0x1b ./out/src/arch/x86/asm/irq.o
 .debug_abbrev  0x0000000000000036       0x1b ./out/src/boot/multiboot.o

.debug_line     0x0000000000000000      0x22f
 .debug_line    0x0000000000000000       0x54 ./out/src/arch/x86/asm/gdt.o
 .debug_line    0x0000000000000054      0x183 ./out/src/arch/x86/asm/irq.o
 .debug_line    0x00000000000001d7       0x58 ./out/src/boot/multiboot.o

.debug_frame    0x0000000000000000        0x0
 .debug_frame   0x0000000000000000        0x0 ./out/src/arch/x86/asm/gdt.o
 .debug_frame   0x0000000000000000        0x0 ./out/src/arch/x86/asm/irq.o
 .debug_frame   0x0000000000000000        0x0 ./out/src/boot/multiboot.o

.debug_loc      0x0000000000000000        0x0
 .debug_loc     0x0000000000000000        0x0 ./out/src/arch/x86/asm/gdt.o
 .debug_loc     0x0000000000000000        0x0 ./out/src/arch/x86/asm/irq.o
 .debug_loc     0x0000000000000000        0x0 ./out/src/boot/multiboot.o
