
Memory Configuration

Name             Origin             Length             Attributes
*default*        0x0000000000000000 0xffffffffffffffff

Linker script and memory map

                0x0000000000100000                . = 0x100000
                0x0000000000100000                _kernel_start = .
                0xffffffff80000000                _kern_virtual_offset = 0xffffffff80000000

.multiboot_header
                0x0000000000100000       0x18
 *(.multiboot_header)
 .multiboot_header
                0x0000000000100000       0x18 ./out/src/boot/multiboot.o

.pre_text       0x0000000000101000       0xa1
 *(.pre_text)
 .pre_text      0x0000000000101000       0xa1 ./out/src/boot/multiboot.o
                0x0000000000101000                start
                0xffffffff801010a1                . = (. + _kern_virtual_offset)

.text           0xffffffff80102000     0x1d80 load address 0x0000000000102000
 *(.text*)
 .text          0xffffffff80102000       0x27 ./out/src/arch/x86/interupts/gdt.o
                0xffffffff80102000                setup_gdt
 *fill*         0xffffffff80102027        0x9 
 .text          0xffffffff80102030      0x181 ./out/src/arch/x86/interupts/idt.o
                0xffffffff80102030                populate_gate
                0xffffffff801020a0                setup_idt
                0xffffffff801021a0                handle_isr
                0xffffffff801021b0                handle_irq
 *fill*         0xffffffff801021b1        0xf 
 .text          0xffffffff801021c0      0x122 ./out/src/arch/x86/interupts/interupts.o
                0xffffffff801021c0                add_handler
                0xffffffff80102230                remove_handler
                0xffffffff80102250                interupt_handler
                0xffffffff801022d0                disable_interupts
                0xffffffff801022e0                enable_interupts
 .text          0xffffffff801022e2        0x0 ./out/src/arch/x86/interupts/control/apic.o
 *fill*         0xffffffff801022e2        0xe 
 .text          0xffffffff801022f0      0x14e ./out/src/arch/x86/interupts/control/pic.o
                0xffffffff801022f0                init_pic
                0xffffffff801023c0                disable_pic
                0xffffffff80102400                pic_eoi
 *fill*         0xffffffff8010243e        0x2 
 .text          0xffffffff80102440      0x305 ./out/src/arch/x86/dev/debug/serial.o
                0xffffffff80102440                init_serial
                0xffffffff801024b0                putch
                0xffffffff80102540                print
                0xffffffff801025f0                println
 *fill*         0xffffffff80102745        0xb 
 .text          0xffffffff80102750      0x3b6 ./out/src/arch/x86/mem/kmem_bitmap.o
                0xffffffff80102750                init_bitmap
                0xffffffff80102760                bm_find
                0xffffffff80102990                bm_allocate
                0xffffffff80102a50                bm_mark_block_used
                0xffffffff80102ab0                bm_mark_block_free
                0xffffffff80102ac0                bm_is_in_range
                0xffffffff80102ad0                find_kernel_entries
                0xffffffff80102af0                bm_get_region
 *fill*         0xffffffff80102b06        0xa 
 .text          0xffffffff80102b10       0x38 ./out/src/arch/x86/mem/virtual_range.o
                0xffffffff80102b10                new_vrange
                0xffffffff80102b20                vrange_contains
                0xffffffff80102b40                end
 *fill*         0xffffffff80102b48        0x8 
 .text          0xffffffff80102b50      0x143 ./out/src/arch/x86/mem/kmalloc.o
                0xffffffff80102b50                init_kmalloc
                0xffffffff80102ba0                kmalloc
                0xffffffff80102c90                kfree
 .text          0xffffffff80102c93        0x0 ./out/src/arch/x86/mem/physical_page.o
 .text          0xffffffff80102c93        0x0 ./out/src/arch/x86/mem/page_dir.o
 *fill*         0xffffffff80102c93        0xd 
 .text          0xffffffff80102ca0      0x76b ./out/src/arch/x86/mem/kmem_manager.o
                0xffffffff80102ca0                prep_mmap
                0xffffffff80102cd0                init_mmap
                0xffffffff80102d80                parse_memmap
                0xffffffff80103080                init_kmem_manager
                0xffffffff80103090                alloc_frame
                0xffffffff801030e0                phys_to_virt
                0xffffffff80103340                get_vaddr
                0xffffffff801033b0                clear_table
                0xffffffff801033e0                ensure_address_in_higher_half
                0xffffffff80103400                is_address_higher_half
 *fill*         0xffffffff8010340b        0x5 
 .text          0xffffffff80103410      0x176 ./out/src/arch/x86/multiboot.o
                0xffffffff80103410                mb_initialize
                0xffffffff80103510                next_mb2_tag
                0xffffffff80103550                get_mb2_tag
 *fill*         0xffffffff80103586        0xa 
 .text          0xffffffff80103590       0x32 ./out/src/arch/x86/kmain.o
                0xffffffff80103590                thing
                0xffffffff801035c0                _start
 *fill*         0xffffffff801035c2        0xe 
 .text.startup  0xffffffff801035d0       0x16 ./out/src/arch/x86/kmain.o
                0xffffffff801035d0                test
 *fill*         0xffffffff801035e6        0xa 
 .text          0xffffffff801035f0       0x6f ./out/libraries/libc/linkedlist.o
                0xffffffff801035f0                init_list
                0xffffffff80103600                add_node
 *fill*         0xffffffff8010365f        0x1 
 .text          0xffffffff80103660       0x5c ./out/libraries/libc/io.o
                0xffffffff80103660                in8
                0xffffffff80103670                in16
                0xffffffff80103680                out8
                0xffffffff80103690                out16
                0xffffffff801036a0                delay
 *fill*         0xffffffff801036bc        0x4 
 .text          0xffffffff801036c0      0x49a ./out/libraries/libc/string.o
                0xffffffff801036c0                strlen
                0xffffffff801036f0                strcmp
                0xffffffff80103730                strcpy
                0xffffffff80103760                memcpy
                0xffffffff80103770                memcmp
                0xffffffff801037a0                memset
                0xffffffff801037b0                memchr
                0xffffffff801037e0                string_from_dec
                0xffffffff80103ad0                string_from_hex
 *fill*         0xffffffff80103b5a        0x6 
 .text          0xffffffff80103b60       0x17 ./out/src/arch/x86/asm/gdt.o
                0xffffffff80103b60                load_gdt
                0xffffffff80103b66                gdt_flush
 *fill*         0xffffffff80103b77        0x9 
 .text          0xffffffff80103b80      0x1cd ./out/src/arch/x86/asm/irq.o
                0xffffffff80103b80                flush_idt
                0xffffffff80103bc5                _isr0
                0xffffffff80103bcb                _isr1
                0xffffffff80103bd1                _isr2
                0xffffffff80103bd7                _isr3
                0xffffffff80103bdd                _isr4
                0xffffffff80103be3                _isr5
                0xffffffff80103be9                _isr6
                0xffffffff80103bef                _isr7
                0xffffffff80103bf5                _isr8
                0xffffffff80103bf9                _isr9
                0xffffffff80103bff                _isr10
                0xffffffff80103c03                _isr11
                0xffffffff80103c0a                _isr12
                0xffffffff80103c11                _isr13
                0xffffffff80103c18                _isr14
                0xffffffff80103c1f                _isr15
                0xffffffff80103c28                _isr16
                0xffffffff80103c31                _isr17
                0xffffffff80103c38                _isr18
                0xffffffff80103c41                _isr19
                0xffffffff80103c4a                _isr20
                0xffffffff80103c53                _isr21
                0xffffffff80103c5c                _isr22
                0xffffffff80103c65                _isr23
                0xffffffff80103c6e                _isr24
                0xffffffff80103c77                _isr25
                0xffffffff80103c80                _isr26
                0xffffffff80103c89                _isr27
                0xffffffff80103c92                _isr28
                0xffffffff80103c9b                _isr29
                0xffffffff80103ca4                _isr30
                0xffffffff80103cab                _isr31
                0xffffffff80103cb4                _isr32
                0xffffffff80103cbd                _isr33
                0xffffffff80103cc6                _isr34
                0xffffffff80103ccf                _isr35
                0xffffffff80103cd8                _isr36
                0xffffffff80103ce1                _isr37
                0xffffffff80103cea                _isr38
                0xffffffff80103cf3                _isr39
                0xffffffff80103cfc                _isr40
                0xffffffff80103d05                _isr41
                0xffffffff80103d0e                _isr42
                0xffffffff80103d17                _isr43
                0xffffffff80103d20                _isr44
                0xffffffff80103d29                _isr45
                0xffffffff80103d32                _isr46
                0xffffffff80103d3b                _isr47
                0xffffffff80103d44                _isr50
 *fill*         0xffffffff80103d4d        0x3 
 .text          0xffffffff80103d50       0x30 ./out/src/boot/multiboot.o

.iplt           0xffffffff80103d80        0x0 load address 0x0000000000103d80
 .iplt          0xffffffff80103d80        0x0 ./out/src/arch/x86/interupts/gdt.o

.rodata         0xffffffff80104000      0x6dc load address 0x0000000000104000
                0xffffffff80104000                start_ctors = .
 *(.ctors)
 .ctors         0xffffffff80104000        0x8 ./out/src/arch/x86/kmain.o
 *(.init_array)
                0xffffffff80104008                end_ctors = .
 *(.rodata*)
 .rodata.str1.1
                0xffffffff80104008        0xa ./out/src/arch/x86/interupts/idt.o
 *fill*         0xffffffff80104012        0xe 
 .rodata        0xffffffff80104020      0x400 ./out/src/arch/x86/interupts/idt.o
 .rodata.str1.1
                0xffffffff80104420       0x2d ./out/src/arch/x86/interupts/interupts.o
 .rodata.str1.1
                0xffffffff8010444d       0x10 ./out/src/arch/x86/interupts/control/pic.o
 .rodata.str1.1
                0xffffffff8010445d       0x9e ./out/src/arch/x86/mem/kmem_bitmap.o
 *fill*         0xffffffff801044fb        0x5 
 .rodata.str1.8
                0xffffffff80104500       0x54 ./out/src/arch/x86/mem/kmem_bitmap.o
 .rodata.str1.1
                0xffffffff80104554       0x1a ./out/src/arch/x86/mem/kmalloc.o
 .rodata.str1.1
                0xffffffff8010456e       0x7e ./out/src/arch/x86/mem/kmem_manager.o
 *fill*         0xffffffff801045ec        0x4 
 .rodata.str1.8
                0xffffffff801045f0       0x76 ./out/src/arch/x86/mem/kmem_manager.o
 .rodata.str1.1
                0xffffffff80104666       0x1c ./out/src/arch/x86/multiboot.o
 .rodata.str1.1
                0xffffffff80104682       0x1c ./out/src/arch/x86/kmain.o
 .rodata.str1.1
                0xffffffff8010469e        0x8 ./out/libraries/libc/linkedlist.o
 *fill*         0xffffffff8010469e        0x2 
 .rodata.cst16  0xffffffff801046a0       0x10 ./out/libraries/libc/string.o
 .rodata        0xffffffff801046b0       0x2c ./out/src/boot/multiboot.o

.eh_frame       0xffffffff801046e0      0x7b0 load address 0x00000000001046e0
 .eh_frame      0xffffffff801046e0       0x30 ./out/src/arch/x86/interupts/gdt.o
 .eh_frame      0xffffffff80104710       0x70 ./out/src/arch/x86/interupts/idt.o
                                         0x88 (size before relaxing)
 .eh_frame      0xffffffff80104780       0xa8 ./out/src/arch/x86/interupts/interupts.o
                                         0xc0 (size before relaxing)
 .eh_frame      0xffffffff80104828       0x70 ./out/src/arch/x86/interupts/control/pic.o
                                         0x88 (size before relaxing)
 .eh_frame      0xffffffff80104898       0xd8 ./out/src/arch/x86/dev/debug/serial.o
                                         0xf0 (size before relaxing)
 .eh_frame      0xffffffff80104970      0x108 ./out/src/arch/x86/mem/kmem_bitmap.o
                                        0x120 (size before relaxing)
 .eh_frame      0xffffffff80104a78       0x40 ./out/src/arch/x86/mem/virtual_range.o
                                         0x58 (size before relaxing)
 .eh_frame      0xffffffff80104ab8       0x68 ./out/src/arch/x86/mem/kmalloc.o
                                         0x80 (size before relaxing)
 .eh_frame      0xffffffff80104b20      0x160 ./out/src/arch/x86/mem/kmem_manager.o
                                        0x178 (size before relaxing)
 .eh_frame      0xffffffff80104c80       0x50 ./out/src/arch/x86/multiboot.o
                                         0x68 (size before relaxing)
 .eh_frame      0xffffffff80104cd0       0x48 ./out/src/arch/x86/kmain.o
                                         0x60 (size before relaxing)
 .eh_frame      0xffffffff80104d18       0x40 ./out/libraries/libc/linkedlist.o
                                         0x58 (size before relaxing)
 .eh_frame      0xffffffff80104d58       0x68 ./out/libraries/libc/io.o
                                         0x80 (size before relaxing)
 .eh_frame      0xffffffff80104dc0       0xd0 ./out/libraries/libc/string.o
                                         0xe8 (size before relaxing)

.rela.dyn       0xffffffff80104e90        0x0 load address 0x0000000000104e90
 .rela.got      0xffffffff80104e90        0x0 ./out/src/arch/x86/interupts/gdt.o
 .rela.iplt     0xffffffff80104e90        0x0 ./out/src/arch/x86/interupts/gdt.o
 .rela.text     0xffffffff80104e90        0x0 ./out/src/arch/x86/interupts/gdt.o

.data           0xffffffff80105000       0x3a load address 0x0000000000105000
 *(.data*)
 .data          0xffffffff80105000       0x3a ./out/src/arch/x86/interupts/gdt.o
 .data          0xffffffff8010503a        0x0 ./out/src/arch/x86/interupts/idt.o
 .data          0xffffffff8010503a        0x0 ./out/src/arch/x86/interupts/interupts.o
 .data          0xffffffff8010503a        0x0 ./out/src/arch/x86/interupts/control/apic.o
 .data          0xffffffff8010503a        0x0 ./out/src/arch/x86/interupts/control/pic.o
 .data          0xffffffff8010503a        0x0 ./out/src/arch/x86/dev/debug/serial.o
 .data          0xffffffff8010503a        0x0 ./out/src/arch/x86/mem/kmem_bitmap.o
 .data          0xffffffff8010503a        0x0 ./out/src/arch/x86/mem/virtual_range.o
 .data          0xffffffff8010503a        0x0 ./out/src/arch/x86/mem/kmalloc.o
 .data          0xffffffff8010503a        0x0 ./out/src/arch/x86/mem/physical_page.o
 .data          0xffffffff8010503a        0x0 ./out/src/arch/x86/mem/page_dir.o
 .data          0xffffffff8010503a        0x0 ./out/src/arch/x86/mem/kmem_manager.o
 .data          0xffffffff8010503a        0x0 ./out/src/arch/x86/multiboot.o
 .data          0xffffffff8010503a        0x0 ./out/src/arch/x86/kmain.o
 .data          0xffffffff8010503a        0x0 ./out/libraries/libc/linkedlist.o
 .data          0xffffffff8010503a        0x0 ./out/libraries/libc/io.o
 .data          0xffffffff8010503a        0x0 ./out/libraries/libc/string.o

.got            0xffffffff80105040        0x0 load address 0x0000000000105040
 .got           0xffffffff80105040        0x0 ./out/src/arch/x86/interupts/gdt.o

.got.plt        0xffffffff80105040        0x0 load address 0x0000000000105040
 .got.plt       0xffffffff80105040        0x0 ./out/src/arch/x86/interupts/gdt.o

.igot.plt       0xffffffff80105040        0x0 load address 0x0000000000105040
 .igot.plt      0xffffffff80105040        0x0 ./out/src/arch/x86/interupts/gdt.o

.bss            0xffffffff80106000    0x2a000 load address 0x0000000000106000
 *(.pts*)
 .pts           0xffffffff80106000    0x23000 ./out/src/boot/multiboot.o
                0xffffffff80106000                boot_pml4t
                0xffffffff80107000                boot_pdpt
                0xffffffff80108000                boot_pdt
                0xffffffff80109000                boot_pt
 *(COMMON)
 *(.bss*)
 .bss           0xffffffff80129000        0x0 ./out/src/arch/x86/interupts/gdt.o
 .bss           0xffffffff80129000     0x180a ./out/src/arch/x86/interupts/idt.o
                0xffffffff80129000                idt_entries
                0xffffffff8012a800                idt_ptr
 *fill*         0xffffffff8012a80a       0x16 
 .bss           0xffffffff8012a820       0x80 ./out/src/arch/x86/interupts/interupts.o
 .bss           0xffffffff8012a8a0        0x0 ./out/src/arch/x86/interupts/control/apic.o
 .bss           0xffffffff8012a8a0        0x0 ./out/src/arch/x86/interupts/control/pic.o
 .bss           0xffffffff8012a8a0        0x4 ./out/src/arch/x86/dev/debug/serial.o
 .bss           0xffffffff8012a8a4        0x0 ./out/src/arch/x86/mem/kmem_bitmap.o
 .bss           0xffffffff8012a8a4        0x0 ./out/src/arch/x86/mem/virtual_range.o
 *fill*         0xffffffff8012a8a4        0xc 
 .bss           0xffffffff8012a8b0       0x28 ./out/src/arch/x86/mem/kmalloc.o
 .bss           0xffffffff8012a8d8        0x0 ./out/src/arch/x86/mem/physical_page.o
 .bss           0xffffffff8012a8d8        0x0 ./out/src/arch/x86/mem/page_dir.o
 *fill*         0xffffffff8012a8d8        0x8 
 .bss           0xffffffff8012a8e0       0x88 ./out/src/arch/x86/mem/kmem_manager.o
 .bss           0xffffffff8012a968        0x8 ./out/src/arch/x86/multiboot.o
 .bss           0xffffffff8012a970        0x0 ./out/src/arch/x86/kmain.o
 .bss           0xffffffff8012a970        0x0 ./out/libraries/libc/linkedlist.o
 .bss           0xffffffff8012a970        0x0 ./out/libraries/libc/io.o
 .bss           0xffffffff8012a970        0x0 ./out/libraries/libc/string.o
 *fill*         0xffffffff8012a970      0x690 
 .bss           0xffffffff8012b000     0x4009 ./out/src/boot/multiboot.o
                0xffffffff8012b000                end_of_mapped_memory
                0xffffffff8012f009                stack_top
                0xffffffff80130000                . = ALIGN (0x1000)
 *fill*         0xffffffff8012f009      0xff7 
 *(.heap)
                0xffffffff80130000                _kernel_end = .
                0x0000000000130000                _kernel_physical_end = (. - _kern_virtual_offset)
LOAD ./out/src/arch/x86/interupts/gdt.o
LOAD ./out/src/arch/x86/interupts/idt.o
LOAD ./out/src/arch/x86/interupts/interupts.o
LOAD ./out/src/arch/x86/interupts/control/apic.o
LOAD ./out/src/arch/x86/interupts/control/pic.o
LOAD ./out/src/arch/x86/dev/debug/serial.o
LOAD ./out/src/arch/x86/mem/kmem_bitmap.o
LOAD ./out/src/arch/x86/mem/virtual_range.o
LOAD ./out/src/arch/x86/mem/kmalloc.o
LOAD ./out/src/arch/x86/mem/physical_page.o
LOAD ./out/src/arch/x86/mem/page_dir.o
LOAD ./out/src/arch/x86/mem/kmem_manager.o
LOAD ./out/src/arch/x86/multiboot.o
LOAD ./out/src/arch/x86/kmain.o
LOAD ./out/libraries/libc/linkedlist.o
LOAD ./out/libraries/libc/io.o
LOAD ./out/libraries/libc/string.o
LOAD ./out/src/arch/x86/asm/gdt.o
LOAD ./out/src/arch/x86/asm/irq.o
LOAD ./out/src/boot/multiboot.o
OUTPUT(lightos.elf elf64-x86-64)

.debug_info     0x0000000000000000     0x3f02
 .debug_info    0x0000000000000000      0x1e4 ./out/src/arch/x86/interupts/gdt.o
 .debug_info    0x00000000000001e4      0x612 ./out/src/arch/x86/interupts/idt.o
 .debug_info    0x00000000000007f6      0x41b ./out/src/arch/x86/interupts/interupts.o
 .debug_info    0x0000000000000c11      0x2ba ./out/src/arch/x86/interupts/control/pic.o
 .debug_info    0x0000000000000ecb      0x438 ./out/src/arch/x86/dev/debug/serial.o
 .debug_info    0x0000000000001303      0x842 ./out/src/arch/x86/mem/kmem_bitmap.o
 .debug_info    0x0000000000001b45      0x1bc ./out/src/arch/x86/mem/virtual_range.o
 .debug_info    0x0000000000001d01      0x3b7 ./out/src/arch/x86/mem/kmalloc.o
 .debug_info    0x00000000000020b8      0xc4a ./out/src/arch/x86/mem/kmem_manager.o
 .debug_info    0x0000000000002d02      0x448 ./out/src/arch/x86/multiboot.o
 .debug_info    0x000000000000314a      0x425 ./out/src/arch/x86/kmain.o
 .debug_info    0x000000000000356f      0x19d ./out/libraries/libc/linkedlist.o
 .debug_info    0x000000000000370c      0x23a ./out/libraries/libc/io.o
 .debug_info    0x0000000000003946      0x4b0 ./out/libraries/libc/string.o
 .debug_info    0x0000000000003df6       0x5a ./out/src/arch/x86/asm/gdt.o
 .debug_info    0x0000000000003e50       0x5a ./out/src/arch/x86/asm/irq.o
 .debug_info    0x0000000000003eaa       0x58 ./out/src/boot/multiboot.o

.debug_abbrev   0x0000000000000000     0x156e
 .debug_abbrev  0x0000000000000000       0xd4 ./out/src/arch/x86/interupts/gdt.o
 .debug_abbrev  0x00000000000000d4      0x1fd ./out/src/arch/x86/interupts/idt.o
 .debug_abbrev  0x00000000000002d1      0x1fa ./out/src/arch/x86/interupts/interupts.o
 .debug_abbrev  0x00000000000004cb       0xd8 ./out/src/arch/x86/interupts/control/pic.o
 .debug_abbrev  0x00000000000005a3      0x185 ./out/src/arch/x86/dev/debug/serial.o
 .debug_abbrev  0x0000000000000728      0x229 ./out/src/arch/x86/mem/kmem_bitmap.o
 .debug_abbrev  0x0000000000000951       0xf4 ./out/src/arch/x86/mem/virtual_range.o
 .debug_abbrev  0x0000000000000a45      0x1bf ./out/src/arch/x86/mem/kmalloc.o
 .debug_abbrev  0x0000000000000c04      0x29e ./out/src/arch/x86/mem/kmem_manager.o
 .debug_abbrev  0x0000000000000ea2      0x1cf ./out/src/arch/x86/multiboot.o
 .debug_abbrev  0x0000000000001071      0x158 ./out/src/arch/x86/kmain.o
 .debug_abbrev  0x00000000000011c9      0x104 ./out/libraries/libc/linkedlist.o
 .debug_abbrev  0x00000000000012cd      0x138 ./out/libraries/libc/io.o
 .debug_abbrev  0x0000000000001405      0x118 ./out/libraries/libc/string.o
 .debug_abbrev  0x000000000000151d       0x1b ./out/src/arch/x86/asm/gdt.o
 .debug_abbrev  0x0000000000001538       0x1b ./out/src/arch/x86/asm/irq.o
 .debug_abbrev  0x0000000000001553       0x1b ./out/src/boot/multiboot.o

.debug_aranges  0x0000000000000000      0x340
 .debug_aranges
                0x0000000000000000       0x30 ./out/src/arch/x86/interupts/gdt.o
 .debug_aranges
                0x0000000000000030       0x30 ./out/src/arch/x86/interupts/idt.o
 .debug_aranges
                0x0000000000000060       0x30 ./out/src/arch/x86/interupts/interupts.o
 .debug_aranges
                0x0000000000000090       0x30 ./out/src/arch/x86/interupts/control/pic.o
 .debug_aranges
                0x00000000000000c0       0x30 ./out/src/arch/x86/dev/debug/serial.o
 .debug_aranges
                0x00000000000000f0       0x30 ./out/src/arch/x86/mem/kmem_bitmap.o
 .debug_aranges
                0x0000000000000120       0x30 ./out/src/arch/x86/mem/virtual_range.o
 .debug_aranges
                0x0000000000000150       0x30 ./out/src/arch/x86/mem/kmalloc.o
 .debug_aranges
                0x0000000000000180       0x30 ./out/src/arch/x86/mem/kmem_manager.o
 .debug_aranges
                0x00000000000001b0       0x30 ./out/src/arch/x86/multiboot.o
 .debug_aranges
                0x00000000000001e0       0x40 ./out/src/arch/x86/kmain.o
 .debug_aranges
                0x0000000000000220       0x30 ./out/libraries/libc/linkedlist.o
 .debug_aranges
                0x0000000000000250       0x30 ./out/libraries/libc/io.o
 .debug_aranges
                0x0000000000000280       0x30 ./out/libraries/libc/string.o
 .debug_aranges
                0x00000000000002b0       0x30 ./out/src/arch/x86/asm/gdt.o
 .debug_aranges
                0x00000000000002e0       0x30 ./out/src/arch/x86/asm/irq.o
 .debug_aranges
                0x0000000000000310       0x30 ./out/src/boot/multiboot.o

.debug_line     0x0000000000000000     0x210f
 .debug_line    0x0000000000000000       0x92 ./out/src/arch/x86/interupts/gdt.o
 .debug_line    0x0000000000000092      0x227 ./out/src/arch/x86/interupts/idt.o
 .debug_line    0x00000000000002b9      0x1b1 ./out/src/arch/x86/interupts/interupts.o
 .debug_line    0x000000000000046a        0x0 ./out/src/arch/x86/interupts/control/apic.o
 .debug_line    0x000000000000046a      0x154 ./out/src/arch/x86/interupts/control/pic.o
 .debug_line    0x00000000000005be      0x1e8 ./out/src/arch/x86/dev/debug/serial.o
 .debug_line    0x00000000000007a6      0x3c9 ./out/src/arch/x86/mem/kmem_bitmap.o
 .debug_line    0x0000000000000b6f       0xb8 ./out/src/arch/x86/mem/virtual_range.o
 .debug_line    0x0000000000000c27      0x1a9 ./out/src/arch/x86/mem/kmalloc.o
 .debug_line    0x0000000000000dd0        0x0 ./out/src/arch/x86/mem/physical_page.o
 .debug_line    0x0000000000000dd0        0x0 ./out/src/arch/x86/mem/page_dir.o
 .debug_line    0x0000000000000dd0      0x608 ./out/src/arch/x86/mem/kmem_manager.o
 .debug_line    0x00000000000013d8      0x261 ./out/src/arch/x86/multiboot.o
 .debug_line    0x0000000000001639      0x11a ./out/src/arch/x86/kmain.o
 .debug_line    0x0000000000001753       0xcc ./out/libraries/libc/linkedlist.o
 .debug_line    0x000000000000181f       0xbf ./out/libraries/libc/io.o
 .debug_line    0x00000000000018de      0x662 ./out/libraries/libc/string.o
 .debug_line    0x0000000000001f40       0x54 ./out/src/arch/x86/asm/gdt.o
 .debug_line    0x0000000000001f94      0x126 ./out/src/arch/x86/asm/irq.o
 .debug_line    0x00000000000020ba       0x55 ./out/src/boot/multiboot.o

.debug_str      0x0000000000000000      0xc94
 .debug_str     0x0000000000000000      0x23f ./out/src/arch/x86/interupts/gdt.o
                                        0x284 (size before relaxing)
 .debug_str     0x000000000000023f       0xd7 ./out/src/arch/x86/interupts/idt.o
                                        0x2dd (size before relaxing)
 .debug_str     0x0000000000000316       0xc9 ./out/src/arch/x86/interupts/interupts.o
                                        0x2bf (size before relaxing)
 .debug_str     0x00000000000003df       0x26 ./out/src/arch/x86/interupts/control/apic.o
                                        0x157 (size before relaxing)
 .debug_str     0x0000000000000405       0x3f ./out/src/arch/x86/interupts/control/pic.o
                                        0x204 (size before relaxing)
 .debug_str     0x0000000000000444       0x3f ./out/src/arch/x86/dev/debug/serial.o
                                        0x212 (size before relaxing)
 .debug_str     0x0000000000000483      0x1fc ./out/src/arch/x86/mem/kmem_bitmap.o
                                        0x423 (size before relaxing)
 .debug_str     0x000000000000067f       0x5a ./out/src/arch/x86/mem/virtual_range.o
                                        0x233 (size before relaxing)
 .debug_str     0x00000000000006d9       0xf8 ./out/src/arch/x86/mem/kmalloc.o
                                        0x362 (size before relaxing)
 .debug_str     0x00000000000007d1       0x21 ./out/src/arch/x86/mem/physical_page.o
                                        0x152 (size before relaxing)
 .debug_str     0x00000000000007f2       0x1c ./out/src/arch/x86/mem/page_dir.o
                                        0x14d (size before relaxing)
 .debug_str     0x000000000000080e      0x288 ./out/src/arch/x86/mem/kmem_manager.o
                                        0x5ce (size before relaxing)
 .debug_str     0x0000000000000a96       0x74 ./out/src/arch/x86/multiboot.o
                                        0x2e9 (size before relaxing)
 .debug_str     0x0000000000000b0a       0x76 ./out/src/arch/x86/kmain.o
                                        0x349 (size before relaxing)
 .debug_str     0x0000000000000b80       0x26 ./out/libraries/libc/linkedlist.o
                                        0x210 (size before relaxing)
 .debug_str     0x0000000000000ba6       0x37 ./out/libraries/libc/io.o
                                        0x210 (size before relaxing)
 .debug_str     0x0000000000000bdd       0xb7 ./out/libraries/libc/string.o
                                        0x29b (size before relaxing)

.comment        0x0000000000000000       0x12
 .comment       0x0000000000000000       0x12 ./out/src/arch/x86/interupts/gdt.o
                                         0x13 (size before relaxing)
 .comment       0x0000000000000012       0x13 ./out/src/arch/x86/interupts/idt.o
 .comment       0x0000000000000012       0x13 ./out/src/arch/x86/interupts/interupts.o
 .comment       0x0000000000000012       0x13 ./out/src/arch/x86/interupts/control/apic.o
 .comment       0x0000000000000012       0x13 ./out/src/arch/x86/interupts/control/pic.o
 .comment       0x0000000000000012       0x13 ./out/src/arch/x86/dev/debug/serial.o
 .comment       0x0000000000000012       0x13 ./out/src/arch/x86/mem/kmem_bitmap.o
 .comment       0x0000000000000012       0x13 ./out/src/arch/x86/mem/virtual_range.o
 .comment       0x0000000000000012       0x13 ./out/src/arch/x86/mem/kmalloc.o
 .comment       0x0000000000000012       0x13 ./out/src/arch/x86/mem/physical_page.o
 .comment       0x0000000000000012       0x13 ./out/src/arch/x86/mem/page_dir.o
 .comment       0x0000000000000012       0x13 ./out/src/arch/x86/mem/kmem_manager.o
 .comment       0x0000000000000012       0x13 ./out/src/arch/x86/multiboot.o
 .comment       0x0000000000000012       0x13 ./out/src/arch/x86/kmain.o
 .comment       0x0000000000000012       0x13 ./out/libraries/libc/linkedlist.o
 .comment       0x0000000000000012       0x13 ./out/libraries/libc/io.o
 .comment       0x0000000000000012       0x13 ./out/libraries/libc/string.o

.debug_loc      0x0000000000000000     0x3ff8
 .debug_loc     0x0000000000000000      0x5a8 ./out/src/arch/x86/interupts/idt.o
 .debug_loc     0x00000000000005a8      0x34d ./out/src/arch/x86/interupts/interupts.o
 .debug_loc     0x00000000000008f5       0x6a ./out/src/arch/x86/interupts/control/pic.o
 .debug_loc     0x000000000000095f      0x1e9 ./out/src/arch/x86/dev/debug/serial.o
 .debug_loc     0x0000000000000b48      0xb46 ./out/src/arch/x86/mem/kmem_bitmap.o
 .debug_loc     0x000000000000168e       0x25 ./out/src/arch/x86/mem/virtual_range.o
 .debug_loc     0x00000000000016b3      0x32b ./out/src/arch/x86/mem/kmalloc.o
 .debug_loc     0x00000000000019de      0xd27 ./out/src/arch/x86/mem/kmem_manager.o
 .debug_loc     0x0000000000002705      0x477 ./out/src/arch/x86/multiboot.o
 .debug_loc     0x0000000000002b7c       0x87 ./out/src/arch/x86/kmain.o
 .debug_loc     0x0000000000002c03      0x13b ./out/libraries/libc/linkedlist.o
 .debug_loc     0x0000000000002d3e       0xac ./out/libraries/libc/io.o
 .debug_loc     0x0000000000002dea     0x120e ./out/libraries/libc/string.o
 .debug_loc     0x0000000000003ff8        0x0 ./out/src/arch/x86/asm/gdt.o
 .debug_loc     0x0000000000003ff8        0x0 ./out/src/arch/x86/asm/irq.o
 .debug_loc     0x0000000000003ff8        0x0 ./out/src/boot/multiboot.o

.debug_ranges   0x0000000000000000      0xa10
 .debug_ranges  0x0000000000000000      0x110 ./out/src/arch/x86/interupts/idt.o
 .debug_ranges  0x0000000000000110       0x30 ./out/src/arch/x86/interupts/interupts.o
 .debug_ranges  0x0000000000000140       0xf0 ./out/src/arch/x86/dev/debug/serial.o
 .debug_ranges  0x0000000000000230      0x200 ./out/src/arch/x86/mem/kmem_bitmap.o
 .debug_ranges  0x0000000000000430       0x40 ./out/src/arch/x86/mem/kmalloc.o
 .debug_ranges  0x0000000000000470      0x270 ./out/src/arch/x86/mem/kmem_manager.o
 .debug_ranges  0x00000000000006e0       0xd0 ./out/src/arch/x86/multiboot.o
 .debug_ranges  0x00000000000007b0       0x30 ./out/src/arch/x86/kmain.o
 .debug_ranges  0x00000000000007e0      0x230 ./out/libraries/libc/string.o

.debug_pubnames
                0x0000000000000000        0x0
 .debug_pubnames
                0x0000000000000000        0x0 ./out/src/arch/x86/asm/gdt.o
 .debug_pubnames
                0x0000000000000000        0x0 ./out/src/arch/x86/asm/irq.o
 .debug_pubnames
                0x0000000000000000        0x0 ./out/src/boot/multiboot.o

.debug_frame    0x0000000000000000        0x0
 .debug_frame   0x0000000000000000        0x0 ./out/src/arch/x86/asm/gdt.o
 .debug_frame   0x0000000000000000        0x0 ./out/src/arch/x86/asm/irq.o
 .debug_frame   0x0000000000000000        0x0 ./out/src/boot/multiboot.o
