
Memory Configuration

Name             Origin             Length             Attributes
*default*        0x0000000000000000 0xffffffffffffffff

Linker script and memory map

                0x0000000000100000                . = 0x100000
                0x0000000000100000                _kernel_start = .
                0xffffffff80000000                _kern_virtual_offset = 0xffffffff80000000

.multiboot_header
                0x0000000000100000       0x18
 *(.multiboot_header)
 .multiboot_header
                0x0000000000100000       0x18 ./out/src/boot/multiboot.o

.pre_text       0x0000000000100018       0xa8
 *(.pre_text)
 .pre_text      0x0000000000100018       0xa8 ./out/src/boot/multiboot.o
                0x0000000000100018                start
                0xffffffff801000c0                . = (. + _kern_virtual_offset)

.text           0xffffffff80101000     0x1038 load address 0x0000000000101000
 *(.text*)
 .text          0xffffffff80101000       0xaf ./out/src/arch/x86/interupts/gdt.o
                0xffffffff80101000                setup_gdt
 *fill*         0xffffffff801010af        0x1 
 .text          0xffffffff801010b0      0x451 ./out/src/arch/x86/interupts/idt.o
                0xffffffff801010b0                populate_gate
                0xffffffff80101100                setup_idt
                0xffffffff801014f0                handle_isr
                0xffffffff80101500                handle_irq
 *fill*         0xffffffff80101501        0xf 
 .text          0xffffffff80101510       0xc1 ./out/src/arch/x86/interupts/interupts.o
                0xffffffff80101510                add_handler
                0xffffffff80101560                remove_handler
                0xffffffff80101580                interupt_handler
                0xffffffff801015d0                interupt_acknowledge
 *fill*         0xffffffff801015d1        0xf 
 .text          0xffffffff801015e0      0x22e ./out/src/arch/x86/dev/debug/serial.o
                0xffffffff801015e0                in8
                0xffffffff801015f0                in16
                0xffffffff80101600                out8
                0xffffffff80101610                out16
                0xffffffff80101620                delay
                0xffffffff80101640                init_serial
                0xffffffff80101690                putch
                0xffffffff801016e0                print
                0xffffffff80101750                println
 .text          0xffffffff8010180e        0x0 ./out/src/arch/x86/mem/mmu.o
 .text          0xffffffff8010180e        0x0 ./out/src/arch/x86/mem/kmalloc.o
 *fill*         0xffffffff8010180e        0x2 
 .text          0xffffffff80101810      0x166 ./out/src/arch/x86/multiboot.o
                0xffffffff80101810                mb_initialize
                0xffffffff80101900                next_mb2_tag
                0xffffffff80101940                get_mb2_tag
 *fill*         0xffffffff80101976        0xa 
 .text          0xffffffff80101980      0x10e ./out/src/arch/x86/kmain.o
                0xffffffff80101980                thing
                0xffffffff801019a0                _start
 *fill*         0xffffffff80101a8e        0x2 
 .text.startup  0xffffffff80101a90        0xc ./out/src/arch/x86/kmain.o
                0xffffffff80101a90                test
 *fill*         0xffffffff80101a9c        0x4 
 .text          0xffffffff80101aa0      0x48a ./out/libraries/libc/string.o
                0xffffffff80101aa0                strlen
                0xffffffff80101ad0                strcmp
                0xffffffff80101b10                strcpy
                0xffffffff80101b40                memcpy
                0xffffffff80101b50                memcmp
                0xffffffff80101b80                memset
                0xffffffff80101b90                memchr
                0xffffffff80101bc0                string_from_dec
                0xffffffff80101ea0                string_from_hex
 *fill*         0xffffffff80101f2a        0x6 
 .text          0xffffffff80101f30       0x17 ./out/src/arch/x86/asm/gdt.o
                0xffffffff80101f30                load_gdt
                0xffffffff80101f36                gdt_flush
 *fill*         0xffffffff80101f47        0x9 
 .text          0xffffffff80101f50       0xac ./out/src/arch/x86/asm/irq.o
                0xffffffff80101f8d                _irq32
                0xffffffff80101f93                _irq33
                0xffffffff80101f99                _irq34
                0xffffffff80101f9f                _irq35
                0xffffffff80101fa5                _irq36
                0xffffffff80101fab                _irq37
                0xffffffff80101fb1                _irq38
                0xffffffff80101fb7                _irq39
                0xffffffff80101fbd                _irq40
                0xffffffff80101fc3                _irq41
                0xffffffff80101fc9                _irq42
                0xffffffff80101fcf                _irq43
                0xffffffff80101fd8                _irq44
                0xffffffff80101fe1                _irq45
                0xffffffff80101fea                _irq46
                0xffffffff80101ff3                _irq47
 *fill*         0xffffffff80101ffc        0x4 
 .text          0xffffffff80102000       0x38 ./out/src/boot/multiboot.o

.iplt           0xffffffff80102038        0x0 load address 0x0000000000102038
 .iplt          0xffffffff80102038        0x0 ./out/src/arch/x86/interupts/gdt.o

.rodata         0xffffffff80103000      0x11c load address 0x0000000000103000
                0xffffffff80103000                start_ctors = .
 *(.ctors)
 .ctors         0xffffffff80103000        0x8 ./out/src/arch/x86/kmain.o
 *(.init_array)
                0xffffffff80103008                end_ctors = .
 *(.rodata*)
 .rodata.str1.1
                0xffffffff80103008       0x2d ./out/src/arch/x86/interupts/interupts.o
 .rodata.str1.1
                0xffffffff80103035       0x39 ./out/src/arch/x86/multiboot.o
 .rodata.str1.1
                0xffffffff8010306e       0x72 ./out/src/arch/x86/kmain.o
 .rodata.cst16  0xffffffff801030e0       0x10 ./out/libraries/libc/string.o
 .rodata        0xffffffff801030f0       0x2c ./out/src/boot/multiboot.o

.eh_frame       0xffffffff80103120      0x350 load address 0x0000000000103120
 .eh_frame      0xffffffff80103120       0x40 ./out/src/arch/x86/interupts/gdt.o
 .eh_frame      0xffffffff80103160       0x60 ./out/src/arch/x86/interupts/idt.o
                                         0x78 (size before relaxing)
 .eh_frame      0xffffffff801031c0       0x78 ./out/src/arch/x86/interupts/interupts.o
                                         0x90 (size before relaxing)
 .eh_frame      0xffffffff80103238       0xb8 ./out/src/arch/x86/dev/debug/serial.o
                                         0xd0 (size before relaxing)
 .eh_frame      0xffffffff801032f0       0x58 ./out/src/arch/x86/multiboot.o
                                         0x70 (size before relaxing)
 .eh_frame      0xffffffff80103348       0x58 ./out/src/arch/x86/kmain.o
                                         0x70 (size before relaxing)
 .eh_frame      0xffffffff801033a0       0xd0 ./out/libraries/libc/string.o
                                         0xe8 (size before relaxing)

.rela.dyn       0xffffffff80103470        0x0 load address 0x0000000000103470
 .rela.got      0xffffffff80103470        0x0 ./out/src/arch/x86/interupts/gdt.o
 .rela.iplt     0xffffffff80103470        0x0 ./out/src/arch/x86/interupts/gdt.o
 .rela.text     0xffffffff80103470        0x0 ./out/src/arch/x86/interupts/gdt.o

.data           0xffffffff80104000     0x16c0 load address 0x0000000000104000
 *(.data*)
 .data          0xffffffff80104000     0x16c0 ./out/src/arch/x86/interupts/gdt.o
                0xffffffff80104000                gdt
 .data          0xffffffff801056c0        0x0 ./out/src/arch/x86/interupts/idt.o
 .data          0xffffffff801056c0        0x0 ./out/src/arch/x86/interupts/interupts.o
 .data          0xffffffff801056c0        0x0 ./out/src/arch/x86/dev/debug/serial.o
 .data          0xffffffff801056c0        0x0 ./out/src/arch/x86/mem/mmu.o
 .data          0xffffffff801056c0        0x0 ./out/src/arch/x86/mem/kmalloc.o
 .data          0xffffffff801056c0        0x0 ./out/src/arch/x86/multiboot.o
 .data          0xffffffff801056c0        0x0 ./out/src/arch/x86/kmain.o
 .data          0xffffffff801056c0        0x0 ./out/libraries/libc/string.o

.got            0xffffffff801056c0        0x0 load address 0x00000000001056c0
 .got           0xffffffff801056c0        0x0 ./out/src/arch/x86/interupts/gdt.o

.got.plt        0xffffffff801056c0        0x0 load address 0x00000000001056c0
 .got.plt       0xffffffff801056c0        0x0 ./out/src/arch/x86/interupts/gdt.o

.igot.plt       0xffffffff801056c0        0x0 load address 0x00000000001056c0
 .igot.plt      0xffffffff801056c0        0x0 ./out/src/arch/x86/interupts/gdt.o

.bss            0xffffffff80106000     0xa009 load address 0x0000000000106000
 *(COMMON)
 *(.bss*)
 .bss           0xffffffff80106000        0x0 ./out/src/arch/x86/interupts/gdt.o
 .bss           0xffffffff80106000     0x1800 ./out/src/arch/x86/interupts/idt.o
                0xffffffff80106000                idt_entries
 .bss           0xffffffff80107800       0x80 ./out/src/arch/x86/interupts/interupts.o
 .bss           0xffffffff80107880        0x4 ./out/src/arch/x86/dev/debug/serial.o
 .bss           0xffffffff80107884        0x0 ./out/src/arch/x86/mem/mmu.o
 .bss           0xffffffff80107884        0x0 ./out/src/arch/x86/mem/kmalloc.o
 *fill*         0xffffffff80107884        0x4 
 .bss           0xffffffff80107888        0x8 ./out/src/arch/x86/multiboot.o
 .bss           0xffffffff80107890        0x0 ./out/src/arch/x86/kmain.o
 .bss           0xffffffff80107890        0x0 ./out/libraries/libc/string.o
 *fill*         0xffffffff80107890      0x770 
 .bss           0xffffffff80108000     0x8009 ./out/src/boot/multiboot.o
                0xffffffff8010c000                end_of_mapped_memory
                0xffffffff80110009                stack_top
                0xffffffff80110009                _kernel_end = .
                0x0000000000110009                _kernel_physical_end = (. - _kern_virtual_offset)
LOAD ./out/src/arch/x86/interupts/gdt.o
LOAD ./out/src/arch/x86/interupts/idt.o
LOAD ./out/src/arch/x86/interupts/interupts.o
LOAD ./out/src/arch/x86/dev/debug/serial.o
LOAD ./out/src/arch/x86/mem/mmu.o
LOAD ./out/src/arch/x86/mem/kmalloc.o
LOAD ./out/src/arch/x86/multiboot.o
LOAD ./out/src/arch/x86/kmain.o
LOAD ./out/libraries/libc/string.o
LOAD ./out/src/arch/x86/asm/gdt.o
LOAD ./out/src/arch/x86/asm/irq.o
LOAD ./out/src/boot/multiboot.o
OUTPUT(lightos.elf elf64-x86-64)

.debug_info     0x0000000000000000     0x2983
 .debug_info    0x0000000000000000      0x36b ./out/src/arch/x86/interupts/gdt.o
 .debug_info    0x000000000000036b      0xac0 ./out/src/arch/x86/interupts/idt.o
 .debug_info    0x0000000000000e2b      0x40d ./out/src/arch/x86/interupts/interupts.o
 .debug_info    0x0000000000001238      0x819 ./out/src/arch/x86/dev/debug/serial.o
 .debug_info    0x0000000000001a51      0x47b ./out/src/arch/x86/multiboot.o
 .debug_info    0x0000000000001ecc      0x4fb ./out/src/arch/x86/kmain.o
 .debug_info    0x00000000000023c7      0x4b0 ./out/libraries/libc/string.o
 .debug_info    0x0000000000002877       0x5a ./out/src/arch/x86/asm/gdt.o
 .debug_info    0x00000000000028d1       0x5a ./out/src/arch/x86/asm/irq.o
 .debug_info    0x000000000000292b       0x58 ./out/src/boot/multiboot.o

.debug_abbrev   0x0000000000000000      0xc1e
 .debug_abbrev  0x0000000000000000      0x13e ./out/src/arch/x86/interupts/gdt.o
 .debug_abbrev  0x000000000000013e      0x1bd ./out/src/arch/x86/interupts/idt.o
 .debug_abbrev  0x00000000000002fb      0x200 ./out/src/arch/x86/interupts/interupts.o
 .debug_abbrev  0x00000000000004fb      0x22b ./out/src/arch/x86/dev/debug/serial.o
 .debug_abbrev  0x0000000000000726      0x1d1 ./out/src/arch/x86/multiboot.o
 .debug_abbrev  0x00000000000008f7      0x1be ./out/src/arch/x86/kmain.o
 .debug_abbrev  0x0000000000000ab5      0x118 ./out/libraries/libc/string.o
 .debug_abbrev  0x0000000000000bcd       0x1b ./out/src/arch/x86/asm/gdt.o
 .debug_abbrev  0x0000000000000be8       0x1b ./out/src/arch/x86/asm/irq.o
 .debug_abbrev  0x0000000000000c03       0x1b ./out/src/boot/multiboot.o

.debug_loc      0x0000000000000000     0x2e4f
 .debug_loc     0x0000000000000000      0x18a ./out/src/arch/x86/interupts/gdt.o
 .debug_loc     0x000000000000018a      0xbc8 ./out/src/arch/x86/interupts/idt.o
 .debug_loc     0x0000000000000d52      0x287 ./out/src/arch/x86/interupts/interupts.o
 .debug_loc     0x0000000000000fd9      0x74e ./out/src/arch/x86/dev/debug/serial.o
 .debug_loc     0x0000000000001727      0x444 ./out/src/arch/x86/multiboot.o
 .debug_loc     0x0000000000001b6b       0xd6 ./out/src/arch/x86/kmain.o
 .debug_loc     0x0000000000001c41     0x120e ./out/libraries/libc/string.o
 .debug_loc     0x0000000000002e4f        0x0 ./out/src/arch/x86/asm/gdt.o
 .debug_loc     0x0000000000002e4f        0x0 ./out/src/arch/x86/asm/irq.o
 .debug_loc     0x0000000000002e4f        0x0 ./out/src/boot/multiboot.o

.debug_aranges  0x0000000000000000      0x1f0
 .debug_aranges
                0x0000000000000000       0x30 ./out/src/arch/x86/interupts/gdt.o
 .debug_aranges
                0x0000000000000030       0x30 ./out/src/arch/x86/interupts/idt.o
 .debug_aranges
                0x0000000000000060       0x30 ./out/src/arch/x86/interupts/interupts.o
 .debug_aranges
                0x0000000000000090       0x30 ./out/src/arch/x86/dev/debug/serial.o
 .debug_aranges
                0x00000000000000c0       0x30 ./out/src/arch/x86/multiboot.o
 .debug_aranges
                0x00000000000000f0       0x40 ./out/src/arch/x86/kmain.o
 .debug_aranges
                0x0000000000000130       0x30 ./out/libraries/libc/string.o
 .debug_aranges
                0x0000000000000160       0x30 ./out/src/arch/x86/asm/gdt.o
 .debug_aranges
                0x0000000000000190       0x30 ./out/src/arch/x86/asm/irq.o
 .debug_aranges
                0x00000000000001c0       0x30 ./out/src/boot/multiboot.o

.debug_ranges   0x0000000000000000      0xa80
 .debug_ranges  0x0000000000000000       0x60 ./out/src/arch/x86/interupts/gdt.o
 .debug_ranges  0x0000000000000060      0x560 ./out/src/arch/x86/interupts/idt.o
 .debug_ranges  0x00000000000005c0      0x1a0 ./out/src/arch/x86/dev/debug/serial.o
 .debug_ranges  0x0000000000000760       0xc0 ./out/src/arch/x86/multiboot.o
 .debug_ranges  0x0000000000000820       0x30 ./out/src/arch/x86/kmain.o
 .debug_ranges  0x0000000000000850      0x230 ./out/libraries/libc/string.o

.debug_line     0x0000000000000000     0x16f7
 .debug_line    0x0000000000000000      0x19b ./out/src/arch/x86/interupts/gdt.o
 .debug_line    0x000000000000019b      0x48f ./out/src/arch/x86/interupts/idt.o
 .debug_line    0x000000000000062a      0x151 ./out/src/arch/x86/interupts/interupts.o
 .debug_line    0x000000000000077b      0x377 ./out/src/arch/x86/dev/debug/serial.o
 .debug_line    0x0000000000000af2        0x0 ./out/src/arch/x86/mem/mmu.o
 .debug_line    0x0000000000000af2        0x0 ./out/src/arch/x86/mem/kmalloc.o
 .debug_line    0x0000000000000af2      0x276 ./out/src/arch/x86/multiboot.o
 .debug_line    0x0000000000000d68      0x1e4 ./out/src/arch/x86/kmain.o
 .debug_line    0x0000000000000f4c      0x65f ./out/libraries/libc/string.o
 .debug_line    0x00000000000015ab       0x54 ./out/src/arch/x86/asm/gdt.o
 .debug_line    0x00000000000015ff       0xa2 ./out/src/arch/x86/asm/irq.o
 .debug_line    0x00000000000016a1       0x56 ./out/src/boot/multiboot.o

.debug_str      0x0000000000000000      0x70b
 .debug_str     0x0000000000000000      0x2bf ./out/src/arch/x86/interupts/gdt.o
                                        0x307 (size before relaxing)
 .debug_str     0x00000000000002bf       0xc0 ./out/src/arch/x86/interupts/idt.o
                                        0x2c7 (size before relaxing)
 .debug_str     0x000000000000037f       0xbb ./out/src/arch/x86/interupts/interupts.o
                                        0x2aa (size before relaxing)
 .debug_str     0x000000000000043a       0x6d ./out/src/arch/x86/dev/debug/serial.o
                                        0x244 (size before relaxing)
 .debug_str     0x00000000000004a7       0x17 ./out/src/arch/x86/mem/mmu.o
                                        0x149 (size before relaxing)
 .debug_str     0x00000000000004be       0x1b ./out/src/arch/x86/mem/kmalloc.o
                                        0x14d (size before relaxing)
 .debug_str     0x00000000000004d9       0xe7 ./out/src/arch/x86/multiboot.o
                                        0x2ea (size before relaxing)
 .debug_str     0x00000000000005c0       0x88 ./out/src/arch/x86/kmain.o
                                        0x2ce (size before relaxing)
 .debug_str     0x0000000000000648       0xc3 ./out/libraries/libc/string.o
                                        0x29c (size before relaxing)

.comment        0x0000000000000000       0x12
 .comment       0x0000000000000000       0x12 ./out/src/arch/x86/interupts/gdt.o
                                         0x13 (size before relaxing)
 .comment       0x0000000000000012       0x13 ./out/src/arch/x86/interupts/idt.o
 .comment       0x0000000000000012       0x13 ./out/src/arch/x86/interupts/interupts.o
 .comment       0x0000000000000012       0x13 ./out/src/arch/x86/dev/debug/serial.o
 .comment       0x0000000000000012       0x13 ./out/src/arch/x86/mem/mmu.o
 .comment       0x0000000000000012       0x13 ./out/src/arch/x86/mem/kmalloc.o
 .comment       0x0000000000000012       0x13 ./out/src/arch/x86/multiboot.o
 .comment       0x0000000000000012       0x13 ./out/src/arch/x86/kmain.o
 .comment       0x0000000000000012       0x13 ./out/libraries/libc/string.o

.debug_pubnames
                0x0000000000000000        0x0
 .debug_pubnames
                0x0000000000000000        0x0 ./out/src/arch/x86/asm/gdt.o
 .debug_pubnames
                0x0000000000000000        0x0 ./out/src/arch/x86/asm/irq.o
 .debug_pubnames
                0x0000000000000000        0x0 ./out/src/boot/multiboot.o

.debug_frame    0x0000000000000000        0x0
 .debug_frame   0x0000000000000000        0x0 ./out/src/arch/x86/asm/gdt.o
 .debug_frame   0x0000000000000000        0x0 ./out/src/arch/x86/asm/irq.o
 .debug_frame   0x0000000000000000        0x0 ./out/src/boot/multiboot.o
