
Discarded input sections

 .comment       0x0000000000000000       0x13 ./out/src/arch/x86/interupts/gdt.o
 .eh_frame      0x0000000000000000       0x30 ./out/src/arch/x86/interupts/gdt.o
 .comment       0x0000000000000000       0x13 ./out/src/arch/x86/interupts/idt.o
 .eh_frame      0x0000000000000000       0xa0 ./out/src/arch/x86/interupts/idt.o
 .comment       0x0000000000000000       0x13 ./out/src/arch/x86/interupts/interupts.o
 .eh_frame      0x0000000000000000       0xf0 ./out/src/arch/x86/interupts/interupts.o
 .comment       0x0000000000000000       0x13 ./out/src/arch/x86/interupts/control/apic.o
 .comment       0x0000000000000000       0x13 ./out/src/arch/x86/interupts/control/pic.o
 .eh_frame      0x0000000000000000       0x88 ./out/src/arch/x86/interupts/control/pic.o
 .comment       0x0000000000000000       0x13 ./out/src/arch/x86/dev/debug/serial.o
 .eh_frame      0x0000000000000000       0xd8 ./out/src/arch/x86/dev/debug/serial.o
 .comment       0x0000000000000000       0x13 ./out/src/arch/x86/mem/kmalloc.o
 .eh_frame      0x0000000000000000       0x48 ./out/src/arch/x86/mem/kmalloc.o
 .comment       0x0000000000000000       0x13 ./out/src/arch/x86/mem/kmem_manager.o
 .eh_frame      0x0000000000000000      0x1e8 ./out/src/arch/x86/mem/kmem_manager.o
 .comment       0x0000000000000000       0x13 ./out/src/arch/x86/multiboot.o
 .eh_frame      0x0000000000000000       0x90 ./out/src/arch/x86/multiboot.o
 .comment       0x0000000000000000       0x13 ./out/src/arch/x86/kmain.o
 .eh_frame      0x0000000000000000       0xb0 ./out/src/arch/x86/kmain.o
 .comment       0x0000000000000000       0x13 ./out/libraries/libc/linkedlist.o
 .eh_frame      0x0000000000000000       0x58 ./out/libraries/libc/linkedlist.o
 .comment       0x0000000000000000       0x13 ./out/libraries/libc/io.o
 .eh_frame      0x0000000000000000       0x80 ./out/libraries/libc/io.o
 .comment       0x0000000000000000       0x13 ./out/libraries/libc/string.o
 .eh_frame      0x0000000000000000       0xd8 ./out/libraries/libc/string.o

Memory Configuration

Name             Origin             Length             Attributes
*default*        0x0000000000000000 0xffffffffffffffff

Linker script and memory map

                0x0000000000100000                . = 0x100000
                0x0000000000100000                _kernel_start = .

.multiboot_header
                0x0000000000100000       0x18
 *(.multiboot_header)
 .multiboot_header
                0x0000000000100000       0x18 ./out/src/boot/multiboot.o

.text           0x0000000000101000     0x281a
 *(.pre_text)
 .pre_text      0x0000000000101000       0x80 ./out/src/boot/multiboot.o
                0x0000000000101000                start
 *(.text*)
 .text          0x0000000000101080      0x106 ./out/src/arch/x86/interupts/gdt.o
                0x0000000000101080                setup_gdt
 *fill*         0x0000000000101186        0xa 
 .text          0x0000000000101190      0x1a1 ./out/src/arch/x86/interupts/idt.o
                0x0000000000101190                populate_gate
                0x00000000001011d0                simple_populate
                0x0000000000101220                setup_idt
                0x0000000000101320                handle_isr
                0x0000000000101330                handle_irq
 *fill*         0x0000000000101331        0xf 
 .text          0x0000000000101340      0x732 ./out/src/arch/x86/interupts/interupts.o
                0x0000000000101340                init_interupts
                0x0000000000101910                add_handler
                0x0000000000101980                remove_handler
                0x00000000001019a0                interupt_handler
                0x0000000000101a60                disable_interupts
                0x0000000000101a70                enable_interupts
 .text          0x0000000000101a72        0x0 ./out/src/arch/x86/interupts/control/apic.o
 *fill*         0x0000000000101a72        0xe 
 .text          0x0000000000101a80      0x12e ./out/src/arch/x86/interupts/control/pic.o
                0x0000000000101a80                init_pic
                0x0000000000101b30                disable_pic
                0x0000000000101b70                pic_eoi
 *fill*         0x0000000000101bae        0x2 
 .text          0x0000000000101bb0      0x1b9 ./out/src/arch/x86/dev/debug/serial.o
                0x0000000000101bb0                init_serial
                0x0000000000101c20                putch
                0x0000000000101cb0                print
                0x0000000000101cf0                println
 *fill*         0x0000000000101d69        0x7 
 .text          0x0000000000101d70       0x31 ./out/src/arch/x86/mem/kmalloc.o
                0x0000000000101d70                kmalloc
                0x0000000000101da0                kfree
 *fill*         0x0000000000101da1        0xf 
 .text          0x0000000000101db0      0xfd3 ./out/src/arch/x86/mem/kmem_manager.o
                0x0000000000101db0                prep_mmap
                0x0000000000101de0                parse_memmap
                0x0000000000101fa0                kmem_from_phys
                0x0000000000101fb0                kmem_to_phys
                0x00000000001020c0                kmem_mark_frame_used
                0x0000000000102100                kmem_mark_frame_free
                0x0000000000102150                init_kmem_manager
                0x0000000000102600                kmem_mark_frame
                0x0000000000102670                kmem_get_frame
                0x0000000000102700                kmem_get_krnl_dir
                0x0000000000102720                kmem_get_page
                0x0000000000102b10                kmem_set_page_flags
                0x0000000000102c10                kmem_alloc
 *fill*         0x0000000000102d83        0xd 
 .text          0x0000000000102d90      0x246 ./out/src/arch/x86/multiboot.o
                0x0000000000102d90                mb_initialize
                0x0000000000102f60                next_mb2_tag
                0x0000000000102fa0                get_mb2_tag
 *fill*         0x0000000000102fd6        0xa 
 .text          0x0000000000102fe0      0x2a1 ./out/src/arch/x86/kmain.o
                0x0000000000102fe0                thing
                0x0000000000103010                _clear_junky_memory
                0x0000000000103100                _start
 *fill*         0x0000000000103281        0xf 
 .text.startup  0x0000000000103290       0x16 ./out/src/arch/x86/kmain.o
                0x0000000000103290                test
 *fill*         0x00000000001032a6        0xa 
 .text          0x00000000001032b0       0x60 ./out/libraries/libc/linkedlist.o
                0x00000000001032b0                init_list
                0x00000000001032c0                add_node
 .text          0x0000000000103310       0x5c ./out/libraries/libc/io.o
                0x0000000000103310                in8
                0x0000000000103320                in16
                0x0000000000103330                out8
                0x0000000000103340                out16
                0x0000000000103350                delay
 *fill*         0x000000000010336c        0x4 
 .text          0x0000000000103370      0x238 ./out/libraries/libc/string.o
                0x0000000000103370                strlen
                0x00000000001033a0                strcmp
                0x00000000001033e0                strcpy
                0x0000000000103410                memcpy
                0x0000000000103420                memcmp
                0x0000000000103450                memchr
                0x0000000000103480                to_string
                0x0000000000103550                memset
 *fill*         0x00000000001035a8        0x8 
 .text          0x00000000001035b0       0x17 ./out/src/arch/x86/asm/gdt.o
                0x00000000001035b0                load_gdt
                0x00000000001035b6                gdt_flush
 *fill*         0x00000000001035c7        0x9 
 .text          0x00000000001035d0      0x203 ./out/src/arch/x86/asm/irq.o
                0x00000000001035d0                flush_idt
                0x00000000001035d4                _isr0
                0x00000000001035de                _isr1
                0x00000000001035e8                _isr2
                0x00000000001035f2                _isr3
                0x00000000001035fc                _isr4
                0x0000000000103606                _isr5
                0x0000000000103610                _isr6
                0x000000000010361d                _isr7
                0x0000000000103627                _isr8
                0x000000000010362f                _isr9
                0x0000000000103639                _isr10
                0x0000000000103641                _isr11
                0x0000000000103649                _isr12
                0x0000000000103651                _isr13
                0x0000000000103656                _isr14
                0x000000000010365b                _isr15
                0x0000000000103662                _isr16
                0x0000000000103669                _isr17
                0x0000000000103670                _isr18
                0x0000000000103677                _isr19
                0x000000000010367e                _isr20
                0x0000000000103685                _isr21
                0x000000000010368c                _isr22
                0x0000000000103693                _isr23
                0x000000000010369a                _isr24
                0x00000000001036a1                _isr25
                0x00000000001036a8                _isr26
                0x00000000001036af                _isr27
                0x00000000001036b6                _isr28
                0x00000000001036bd                _isr29
                0x00000000001036c4                _isr30
                0x00000000001036cb                _isr31
                0x0000000000103723                irq0
                0x000000000010372a                irq1
                0x0000000000103731                irq2
                0x0000000000103738                irq3
                0x000000000010373f                irq4
                0x0000000000103746                irq5
                0x000000000010374d                irq6
                0x0000000000103754                irq7
                0x000000000010375b                irq8
                0x0000000000103762                irq9
                0x0000000000103769                irq10
                0x0000000000103770                irq11
                0x0000000000103777                irq12
                0x000000000010377e                irq13
                0x0000000000103785                irq14
                0x000000000010378c                irq15
 *fill*         0x00000000001037d3        0xd 
 .text          0x00000000001037e0       0x3a ./out/src/boot/multiboot.o

.iplt           0x000000000010381a        0x0
 .iplt          0x000000000010381a        0x0 ./out/src/arch/x86/interupts/gdt.o

.rela.dyn       0x0000000000103820        0x0
 .rela.got      0x0000000000103820        0x0 ./out/src/arch/x86/interupts/gdt.o
 .rela.iplt     0x0000000000103820        0x0 ./out/src/arch/x86/interupts/gdt.o
 .rela.text     0x0000000000103820        0x0 ./out/src/arch/x86/interupts/gdt.o
 .rela.data     0x0000000000103820        0x0 ./out/src/arch/x86/interupts/gdt.o

.rodata         0x0000000000104000      0x2fe
                0x0000000000104000                start_ctors = .
 *(.ctors)
 .ctors         0x0000000000104000        0x8 ./out/src/arch/x86/kmain.o
 *(.init_array)
                0x0000000000104008                end_ctors = .
 *(.rodata*)
 .rodata.str1.1
                0x0000000000104008        0xa ./out/src/arch/x86/interupts/idt.o
 *fill*         0x0000000000104012        0x6 
 .rodata.str1.8
                0x0000000000104018       0x7b ./out/src/arch/x86/interupts/idt.o
 .rodata.str1.1
                0x0000000000104093       0x30 ./out/src/arch/x86/interupts/interupts.o
 .rodata.str1.1
                0x00000000001040c3       0x1d ./out/src/arch/x86/mem/kmalloc.o
 .rodata.str1.1
                0x00000000001040e0      0x11a ./out/src/arch/x86/mem/kmem_manager.o
 *fill*         0x00000000001041fa        0x6 
 .rodata.str1.8
                0x0000000000104200       0x4a ./out/src/arch/x86/mem/kmem_manager.o
 .rodata.str1.1
                0x000000000010424a       0x1c ./out/src/arch/x86/multiboot.o
 .rodata.str1.1
                0x0000000000104266       0x76 ./out/src/arch/x86/kmain.o
 .rodata        0x00000000001042dc       0x22 ./out/src/boot/multiboot.o

.data           0x0000000000105000        0x8
 *(.data*)
 .data          0x0000000000105000        0x0 ./out/src/arch/x86/interupts/gdt.o
 .data          0x0000000000105000        0x0 ./out/src/arch/x86/interupts/idt.o
 .data          0x0000000000105000        0x0 ./out/src/arch/x86/interupts/interupts.o
 .data          0x0000000000105000        0x0 ./out/src/arch/x86/interupts/control/apic.o
 .data          0x0000000000105000        0x0 ./out/src/arch/x86/interupts/control/pic.o
 .data          0x0000000000105000        0x0 ./out/src/arch/x86/dev/debug/serial.o
 .data          0x0000000000105000        0x0 ./out/src/arch/x86/mem/kmalloc.o
 .data          0x0000000000105000        0x0 ./out/src/arch/x86/mem/kmem_manager.o
 .data          0x0000000000105000        0x0 ./out/src/arch/x86/multiboot.o
 .data          0x0000000000105000        0x8 ./out/src/arch/x86/kmain.o
 .data          0x0000000000105008        0x0 ./out/libraries/libc/linkedlist.o
 .data          0x0000000000105008        0x0 ./out/libraries/libc/io.o
 .data          0x0000000000105008        0x0 ./out/libraries/libc/string.o

.got            0x0000000000105008        0x0
 .got           0x0000000000105008        0x0 ./out/src/arch/x86/interupts/gdt.o

.got.plt        0x0000000000105008        0x0
 .got.plt       0x0000000000105008        0x0 ./out/src/arch/x86/interupts/gdt.o

.igot.plt       0x0000000000105008        0x0
 .igot.plt      0x0000000000105008        0x0 ./out/src/arch/x86/interupts/gdt.o

.bss            0x0000000000106000    0x76000
 *(COMMON)
 *(.bss*)
 .bss           0x0000000000106000       0x58 ./out/src/arch/x86/interupts/gdt.o
 *fill*         0x0000000000106058        0x8 
 .bss           0x0000000000106060     0x1800 ./out/src/arch/x86/interupts/idt.o
                0x0000000000106060                idt_entries
 .bss           0x0000000000107860       0x80 ./out/src/arch/x86/interupts/interupts.o
 .bss           0x00000000001078e0        0x0 ./out/src/arch/x86/interupts/control/apic.o
 .bss           0x00000000001078e0        0x0 ./out/src/arch/x86/interupts/control/pic.o
 .bss           0x00000000001078e0        0x4 ./out/src/arch/x86/dev/debug/serial.o
 .bss           0x00000000001078e4        0x0 ./out/src/arch/x86/mem/kmalloc.o
 *fill*         0x00000000001078e4      0x71c 
 .bss           0x0000000000108000    0x6b048 ./out/src/arch/x86/mem/kmem_manager.o
                0x0000000000108000                twom_high_pds
                0x0000000000148000                low_base_pmls
                0x000000000016a000                heap_base_pt
                0x000000000016d000                heap_base_pd
                0x000000000016e000                heap_base_pml
                0x000000000016f000                high_base_pml
                0x0000000000170000                base_init_pml
 .bss           0x0000000000173048        0x0 ./out/src/arch/x86/multiboot.o
 .bss           0x0000000000173048       0x10 ./out/src/arch/x86/kmain.o
                0x0000000000173048                mb_ptr
 .bss           0x0000000000173058        0x0 ./out/libraries/libc/linkedlist.o
 .bss           0x0000000000173058        0x0 ./out/libraries/libc/io.o
 *fill*         0x0000000000173058        0x8 
 .bss           0x0000000000173060      0x100 ./out/libraries/libc/string.o
 *fill*         0x0000000000173160      0xea0 
 .bss           0x0000000000174000     0x4009 ./out/src/boot/multiboot.o
                0x0000000000174000                end_of_mapped_memory
                0x0000000000178009                stack_top
                0x0000000000179000                . = ALIGN (0x1000)
 *fill*         0x0000000000178009      0xff7 
 *(.pts*)
 .pts           0x0000000000179000     0x3000 ./out/src/boot/multiboot.o
                0x000000000017a000                boot_pdpt
                0x000000000017b000                boot_pdt
 *(.heap)
                0x000000000017c000                _kernel_end = .
                0x000000000017c000                _kernel_physical_end = .

/DISCARD/
 *(.comment)
 *(.eh_frame)
 *(.note.gnu.build-id)
LOAD ./out/src/arch/x86/interupts/gdt.o
LOAD ./out/src/arch/x86/interupts/idt.o
LOAD ./out/src/arch/x86/interupts/interupts.o
LOAD ./out/src/arch/x86/interupts/control/apic.o
LOAD ./out/src/arch/x86/interupts/control/pic.o
LOAD ./out/src/arch/x86/dev/debug/serial.o
LOAD ./out/src/arch/x86/mem/kmalloc.o
LOAD ./out/src/arch/x86/mem/kmem_manager.o
LOAD ./out/src/arch/x86/multiboot.o
LOAD ./out/src/arch/x86/kmain.o
LOAD ./out/libraries/libc/linkedlist.o
LOAD ./out/libraries/libc/io.o
LOAD ./out/libraries/libc/string.o
LOAD ./out/src/arch/x86/asm/gdt.o
LOAD ./out/src/arch/x86/asm/irq.o
LOAD ./out/src/boot/multiboot.o
OUTPUT(lightos.elf elf64-x86-64)

.debug_aranges  0x0000000000000000       0x90
 .debug_aranges
                0x0000000000000000       0x30 ./out/src/arch/x86/asm/gdt.o
 .debug_aranges
                0x0000000000000030       0x30 ./out/src/arch/x86/asm/irq.o
 .debug_aranges
                0x0000000000000060       0x30 ./out/src/boot/multiboot.o

.debug_pubnames
                0x0000000000000000        0x0
 .debug_pubnames
                0x0000000000000000        0x0 ./out/src/arch/x86/asm/gdt.o
 .debug_pubnames
                0x0000000000000000        0x0 ./out/src/arch/x86/asm/irq.o
 .debug_pubnames
                0x0000000000000000        0x0 ./out/src/boot/multiboot.o

.debug_info     0x0000000000000000      0x10c
 .debug_info    0x0000000000000000       0x5a ./out/src/arch/x86/asm/gdt.o
 .debug_info    0x000000000000005a       0x5a ./out/src/arch/x86/asm/irq.o
 .debug_info    0x00000000000000b4       0x58 ./out/src/boot/multiboot.o

.debug_abbrev   0x0000000000000000       0x51
 .debug_abbrev  0x0000000000000000       0x1b ./out/src/arch/x86/asm/gdt.o
 .debug_abbrev  0x000000000000001b       0x1b ./out/src/arch/x86/asm/irq.o
 .debug_abbrev  0x0000000000000036       0x1b ./out/src/boot/multiboot.o

.debug_line     0x0000000000000000      0x22f
 .debug_line    0x0000000000000000       0x54 ./out/src/arch/x86/asm/gdt.o
 .debug_line    0x0000000000000054      0x183 ./out/src/arch/x86/asm/irq.o
 .debug_line    0x00000000000001d7       0x58 ./out/src/boot/multiboot.o

.debug_frame    0x0000000000000000        0x0
 .debug_frame   0x0000000000000000        0x0 ./out/src/arch/x86/asm/gdt.o
 .debug_frame   0x0000000000000000        0x0 ./out/src/arch/x86/asm/irq.o
 .debug_frame   0x0000000000000000        0x0 ./out/src/boot/multiboot.o

.debug_loc      0x0000000000000000        0x0
 .debug_loc     0x0000000000000000        0x0 ./out/src/arch/x86/asm/gdt.o
 .debug_loc     0x0000000000000000        0x0 ./out/src/arch/x86/asm/irq.o
 .debug_loc     0x0000000000000000        0x0 ./out/src/boot/multiboot.o
