
Memory Configuration

Name             Origin             Length             Attributes
*default*        0x0000000000000000 0xffffffffffffffff

Linker script and memory map

                0x0000000000100000                . = 0x100000
                0x0000000000100000                _kernel_start = .

.multiboot_header
                0x0000000000100000       0x18
 *(.multiboot_header)
 .multiboot_header
                0x0000000000100000       0x18 ./out/src/boot/multiboot.o

.pre_text       0x0000000000100018       0x81
 *(.pre_text)
 .pre_text      0x0000000000100018       0x81 ./out/src/boot/multiboot.o
                0x0000000000100018                start

.text           0x0000000000101000     0x1a72
 *(.text*)
 .text          0x0000000000101000       0x27 ./out/src/arch/x86/interupts/gdt.o
                0x0000000000101000                setup_gdt
 *fill*         0x0000000000101027        0x9 
 .text          0x0000000000101030      0x181 ./out/src/arch/x86/interupts/idt.o
                0x0000000000101030                populate_gate
                0x00000000001010a0                setup_idt
                0x00000000001011a0                handle_isr
                0x00000000001011b0                handle_irq
 *fill*         0x00000000001011b1        0xf 
 .text          0x00000000001011c0      0x122 ./out/src/arch/x86/interupts/interupts.o
                0x00000000001011c0                add_handler
                0x0000000000101230                remove_handler
                0x0000000000101250                interupt_handler
                0x00000000001012d0                disable_interupts
                0x00000000001012e0                enable_interupts
 .text          0x00000000001012e2        0x0 ./out/src/arch/x86/interupts/control/apic.o
 *fill*         0x00000000001012e2        0xe 
 .text          0x00000000001012f0      0x14e ./out/src/arch/x86/interupts/control/pic.o
                0x00000000001012f0                init_pic
                0x00000000001013c0                disable_pic
                0x0000000000101400                pic_eoi
 *fill*         0x000000000010143e        0x2 
 .text          0x0000000000101440      0x31d ./out/src/arch/x86/dev/debug/serial.o
                0x0000000000101440                init_serial
                0x00000000001014b0                putch
                0x0000000000101540                print
                0x00000000001015f0                println
 *fill*         0x000000000010175d        0x3 
 .text          0x0000000000101760      0x3b6 ./out/src/arch/x86/mem/kmem_bitmap.o
                0x0000000000101760                init_bitmap
                0x0000000000101770                bm_find
                0x00000000001019a0                bm_allocate
                0x0000000000101a60                bm_mark_block_used
                0x0000000000101ac0                bm_mark_block_free
                0x0000000000101ad0                bm_is_in_range
                0x0000000000101ae0                find_kernel_entries
                0x0000000000101b00                bm_get_region
 *fill*         0x0000000000101b16        0xa 
 .text          0x0000000000101b20       0x38 ./out/src/arch/x86/mem/virtual_range.o
                0x0000000000101b20                new_vrange
                0x0000000000101b30                vrange_contains
                0x0000000000101b50                end
 *fill*         0x0000000000101b58        0x8 
 .text          0x0000000000101b60      0x143 ./out/src/arch/x86/mem/kmalloc.o
                0x0000000000101b60                init_kmalloc
                0x0000000000101bb0                kmalloc
                0x0000000000101ca0                kfree
 *fill*         0x0000000000101ca3        0xd 
 .text          0x0000000000101cb0      0x5ae ./out/src/arch/x86/mem/kmem_manager.o
                0x0000000000101cb0                prep_mmap
                0x0000000000101ce0                init_kmem_manager
                0x00000000001020b0                parse_memmap
                0x0000000000102250                kmem_from_phys
 *fill*         0x000000000010225e        0x2 
 .text          0x0000000000102260      0x1d6 ./out/src/arch/x86/multiboot.o
                0x0000000000102260                mb_initialize
                0x00000000001023c0                next_mb2_tag
                0x0000000000102400                get_mb2_tag
 *fill*         0x0000000000102436        0xa 
 .text          0x0000000000102440      0x150 ./out/src/arch/x86/kmain.o
                0x0000000000102440                thing
                0x0000000000102470                _start
 .text.startup  0x0000000000102590       0x16 ./out/src/arch/x86/kmain.o
                0x0000000000102590                test
 *fill*         0x00000000001025a6        0xa 
 .text          0x00000000001025b0       0x41 ./out/libraries/libc/linkedlist.o
                0x00000000001025b0                init_list
                0x00000000001025c0                add_node
 *fill*         0x00000000001025f1        0xf 
 .text          0x0000000000102600       0x5c ./out/libraries/libc/io.o
                0x0000000000102600                in8
                0x0000000000102610                in16
                0x0000000000102620                out8
                0x0000000000102630                out16
                0x0000000000102640                delay
 *fill*         0x000000000010265c        0x4 
 .text          0x0000000000102660      0x1e3 ./out/libraries/libc/string.o
                0x0000000000102660                strlen
                0x0000000000102690                strcmp
                0x00000000001026d0                strcpy
                0x0000000000102700                memcpy
                0x0000000000102710                memcmp
                0x0000000000102740                memset
                0x0000000000102750                memchr
                0x0000000000102780                to_string
 *fill*         0x0000000000102843        0xd 
 .text          0x0000000000102850       0x17 ./out/src/arch/x86/asm/gdt.o
                0x0000000000102850                load_gdt
                0x0000000000102856                gdt_flush
 *fill*         0x0000000000102867        0x9 
 .text          0x0000000000102870      0x1cd ./out/src/arch/x86/asm/irq.o
                0x0000000000102870                flush_idt
                0x00000000001028b5                _isr0
                0x00000000001028bb                _isr1
                0x00000000001028c1                _isr2
                0x00000000001028c7                _isr3
                0x00000000001028cd                _isr4
                0x00000000001028d3                _isr5
                0x00000000001028d9                _isr6
                0x00000000001028df                _isr7
                0x00000000001028e5                _isr8
                0x00000000001028e9                _isr9
                0x00000000001028ef                _isr10
                0x00000000001028f3                _isr11
                0x00000000001028fa                _isr12
                0x0000000000102901                _isr13
                0x0000000000102908                _isr14
                0x000000000010290f                _isr15
                0x0000000000102918                _isr16
                0x0000000000102921                _isr17
                0x0000000000102928                _isr18
                0x0000000000102931                _isr19
                0x000000000010293a                _isr20
                0x0000000000102943                _isr21
                0x000000000010294c                _isr22
                0x0000000000102955                _isr23
                0x000000000010295e                _isr24
                0x0000000000102967                _isr25
                0x0000000000102970                _isr26
                0x0000000000102979                _isr27
                0x0000000000102982                _isr28
                0x000000000010298b                _isr29
                0x0000000000102994                _isr30
                0x000000000010299b                _isr31
                0x00000000001029a4                _isr32
                0x00000000001029ad                _isr33
                0x00000000001029b6                _isr34
                0x00000000001029bf                _isr35
                0x00000000001029c8                _isr36
                0x00000000001029d1                _isr37
                0x00000000001029da                _isr38
                0x00000000001029e3                _isr39
                0x00000000001029ec                _isr40
                0x00000000001029f5                _isr41
                0x00000000001029fe                _isr42
                0x0000000000102a07                _isr43
                0x0000000000102a10                _isr44
                0x0000000000102a19                _isr45
                0x0000000000102a22                _isr46
                0x0000000000102a2b                _isr47
                0x0000000000102a34                _isr50
 *fill*         0x0000000000102a3d        0x3 
 .text          0x0000000000102a40       0x32 ./out/src/boot/multiboot.o

.iplt           0x0000000000102a72        0x0
 .iplt          0x0000000000102a72        0x0 ./out/src/arch/x86/interupts/gdt.o

.rodata         0x0000000000103000      0x6f2
                0x0000000000103000                start_ctors = .
 *(.ctors)
 .ctors         0x0000000000103000        0x8 ./out/src/arch/x86/kmain.o
 *(.init_array)
                0x0000000000103008                end_ctors = .
 *(.rodata*)
 .rodata.str1.1
                0x0000000000103008        0xa ./out/src/arch/x86/interupts/idt.o
 *fill*         0x0000000000103012        0xe 
 .rodata        0x0000000000103020      0x400 ./out/src/arch/x86/interupts/idt.o
 .rodata.str1.1
                0x0000000000103420       0x2d ./out/src/arch/x86/interupts/interupts.o
 .rodata.str1.1
                0x000000000010344d       0x10 ./out/src/arch/x86/interupts/control/pic.o
 .rodata.str1.1
                0x000000000010345d       0x9e ./out/src/arch/x86/mem/kmem_bitmap.o
 *fill*         0x00000000001034fb        0x5 
 .rodata.str1.8
                0x0000000000103500       0x54 ./out/src/arch/x86/mem/kmem_bitmap.o
 .rodata.str1.1
                0x0000000000103554       0x14 ./out/src/arch/x86/mem/kmalloc.o
                                         0x1a (size before relaxing)
 .rodata.str1.1
                0x0000000000103568       0x72 ./out/src/arch/x86/mem/kmem_manager.o
 *fill*         0x00000000001035da        0x6 
 .rodata.str1.8
                0x00000000001035e0       0x4a ./out/src/arch/x86/mem/kmem_manager.o
 *fill*         0x000000000010362a        0x6 
 .rodata.cst16  0x0000000000103630       0x40 ./out/src/arch/x86/mem/kmem_manager.o
 .rodata.str1.1
                0x0000000000103670       0x1c ./out/src/arch/x86/multiboot.o
 .rodata.str1.1
                0x000000000010368c       0x41 ./out/src/arch/x86/kmain.o
                                         0x49 (size before relaxing)
 *fill*         0x00000000001036cd        0x3 
 .rodata        0x00000000001036d0       0x22 ./out/src/boot/multiboot.o

.eh_frame       0x00000000001036f8      0x6b8
 .eh_frame      0x00000000001036f8       0x30 ./out/src/arch/x86/interupts/gdt.o
 .eh_frame      0x0000000000103728       0x70 ./out/src/arch/x86/interupts/idt.o
                                         0x88 (size before relaxing)
 .eh_frame      0x0000000000103798       0xa8 ./out/src/arch/x86/interupts/interupts.o
                                         0xc0 (size before relaxing)
 .eh_frame      0x0000000000103840       0x70 ./out/src/arch/x86/interupts/control/pic.o
                                         0x88 (size before relaxing)
 .eh_frame      0x00000000001038b0       0xd8 ./out/src/arch/x86/dev/debug/serial.o
                                         0xf0 (size before relaxing)
 .eh_frame      0x0000000000103988      0x108 ./out/src/arch/x86/mem/kmem_bitmap.o
                                        0x120 (size before relaxing)
 .eh_frame      0x0000000000103a90       0x40 ./out/src/arch/x86/mem/virtual_range.o
                                         0x58 (size before relaxing)
 .eh_frame      0x0000000000103ad0       0x68 ./out/src/arch/x86/mem/kmalloc.o
                                         0x80 (size before relaxing)
 .eh_frame      0x0000000000103b38       0x90 ./out/src/arch/x86/mem/kmem_manager.o
                                         0xa8 (size before relaxing)
 .eh_frame      0x0000000000103bc8       0x58 ./out/src/arch/x86/multiboot.o
                                         0x70 (size before relaxing)
 .eh_frame      0x0000000000103c20       0x60 ./out/src/arch/x86/kmain.o
                                         0x78 (size before relaxing)
 .eh_frame      0x0000000000103c80       0x28 ./out/libraries/libc/linkedlist.o
                                         0x40 (size before relaxing)
 .eh_frame      0x0000000000103ca8       0x68 ./out/libraries/libc/io.o
                                         0x80 (size before relaxing)
 .eh_frame      0x0000000000103d10       0xa0 ./out/libraries/libc/string.o
                                         0xb8 (size before relaxing)

.rela.dyn       0x0000000000103db0        0x0
 .rela.got      0x0000000000103db0        0x0 ./out/src/arch/x86/interupts/gdt.o
 .rela.iplt     0x0000000000103db0        0x0 ./out/src/arch/x86/interupts/gdt.o
 .rela.text     0x0000000000103db0        0x0 ./out/src/arch/x86/interupts/gdt.o
 .rela.data     0x0000000000103db0        0x0 ./out/src/arch/x86/interupts/gdt.o

.data           0x0000000000104000       0x48
 *(.data*)
 .data          0x0000000000104000       0x3a ./out/src/arch/x86/interupts/gdt.o
 .data          0x000000000010403a        0x0 ./out/src/arch/x86/interupts/idt.o
 .data          0x000000000010403a        0x0 ./out/src/arch/x86/interupts/interupts.o
 .data          0x000000000010403a        0x0 ./out/src/arch/x86/interupts/control/apic.o
 .data          0x000000000010403a        0x0 ./out/src/arch/x86/interupts/control/pic.o
 .data          0x000000000010403a        0x0 ./out/src/arch/x86/dev/debug/serial.o
 .data          0x000000000010403a        0x0 ./out/src/arch/x86/mem/kmem_bitmap.o
 .data          0x000000000010403a        0x0 ./out/src/arch/x86/mem/virtual_range.o
 .data          0x000000000010403a        0x0 ./out/src/arch/x86/mem/kmalloc.o
 .data          0x000000000010403a        0x0 ./out/src/arch/x86/mem/kmem_manager.o
 .data          0x000000000010403a        0x0 ./out/src/arch/x86/multiboot.o
 *fill*         0x000000000010403a        0x6 
 .data          0x0000000000104040        0x8 ./out/src/arch/x86/kmain.o
 .data          0x0000000000104048        0x0 ./out/libraries/libc/linkedlist.o
 .data          0x0000000000104048        0x0 ./out/libraries/libc/io.o
 .data          0x0000000000104048        0x0 ./out/libraries/libc/string.o

.got            0x0000000000104048        0x0
 .got           0x0000000000104048        0x0 ./out/src/arch/x86/interupts/gdt.o

.got.plt        0x0000000000104048        0x0
 .got.plt       0x0000000000104048        0x0 ./out/src/arch/x86/interupts/gdt.o

.igot.plt       0x0000000000104048        0x0
 .igot.plt      0x0000000000104048        0x0 ./out/src/arch/x86/interupts/gdt.o

.bss            0x0000000000105000   0xd04000
 *(.pts*)
 .pts           0x0000000000105000     0xc000 ./out/src/boot/multiboot.o
                0x0000000000105000                boot_pml4t
                0x0000000000109000                boot_pdpt
                0x000000000010d000                boot_pdt
 *(COMMON)
 *(.bss*)
 .bss           0x0000000000111000        0x0 ./out/src/arch/x86/interupts/gdt.o
 .bss           0x0000000000111000     0x180a ./out/src/arch/x86/interupts/idt.o
                0x0000000000111000                idt_entries
                0x0000000000112800                idt_ptr
 *fill*         0x000000000011280a       0x16 
 .bss           0x0000000000112820       0x80 ./out/src/arch/x86/interupts/interupts.o
 .bss           0x00000000001128a0        0x0 ./out/src/arch/x86/interupts/control/apic.o
 .bss           0x00000000001128a0        0x0 ./out/src/arch/x86/interupts/control/pic.o
 .bss           0x00000000001128a0        0x4 ./out/src/arch/x86/dev/debug/serial.o
 .bss           0x00000000001128a4        0x0 ./out/src/arch/x86/mem/kmem_bitmap.o
 .bss           0x00000000001128a4        0x0 ./out/src/arch/x86/mem/virtual_range.o
 *fill*         0x00000000001128a4        0xc 
 .bss           0x00000000001128b0       0x28 ./out/src/arch/x86/mem/kmalloc.o
 *fill*         0x00000000001128d8    0xed728 
 .bss           0x0000000000200000   0xc03018 ./out/src/arch/x86/mem/kmem_manager.o
                0x0000000000200000                twom_high_pds
                0x0000000000400000                low_base_pmls
                0x0000000000600000                heap_base_pt
                0x0000000000800000                heap_base_pd
                0x0000000000a00000                heap_base_pml
                0x0000000000c00000                high_base_pml
                0x0000000000e00000                init_page_maps
 .bss           0x0000000000e03018        0x0 ./out/src/arch/x86/multiboot.o
 .bss           0x0000000000e03018        0x8 ./out/src/arch/x86/kmain.o
 .bss           0x0000000000e03020        0x0 ./out/libraries/libc/linkedlist.o
 .bss           0x0000000000e03020        0x0 ./out/libraries/libc/io.o
 .bss           0x0000000000e03020      0x100 ./out/libraries/libc/string.o
 *fill*         0x0000000000e03120      0xee0 
 .bss           0x0000000000e04000     0x4009 ./out/src/boot/multiboot.o
                0x0000000000e04000                end_of_mapped_memory
                0x0000000000e08009                stack_top
                0x0000000000e09000                . = ALIGN (0x1000)
 *fill*         0x0000000000e08009      0xff7 
 *(.heap)
                0x0000000000e09000                _kernel_end = .
                0x0000000000e09000                _kernel_physical_end = .
LOAD ./out/src/arch/x86/interupts/gdt.o
LOAD ./out/src/arch/x86/interupts/idt.o
LOAD ./out/src/arch/x86/interupts/interupts.o
LOAD ./out/src/arch/x86/interupts/control/apic.o
LOAD ./out/src/arch/x86/interupts/control/pic.o
LOAD ./out/src/arch/x86/dev/debug/serial.o
LOAD ./out/src/arch/x86/mem/kmem_bitmap.o
LOAD ./out/src/arch/x86/mem/virtual_range.o
LOAD ./out/src/arch/x86/mem/kmalloc.o
LOAD ./out/src/arch/x86/mem/kmem_manager.o
LOAD ./out/src/arch/x86/multiboot.o
LOAD ./out/src/arch/x86/kmain.o
LOAD ./out/libraries/libc/linkedlist.o
LOAD ./out/libraries/libc/io.o
LOAD ./out/libraries/libc/string.o
LOAD ./out/src/arch/x86/asm/gdt.o
LOAD ./out/src/arch/x86/asm/irq.o
LOAD ./out/src/boot/multiboot.o
OUTPUT(lightos.elf elf64-x86-64)

.debug_info     0x0000000000000000     0x3ced
 .debug_info    0x0000000000000000      0x1e4 ./out/src/arch/x86/interupts/gdt.o
 .debug_info    0x00000000000001e4      0x612 ./out/src/arch/x86/interupts/idt.o
 .debug_info    0x00000000000007f6      0x41b ./out/src/arch/x86/interupts/interupts.o
 .debug_info    0x0000000000000c11      0x2ba ./out/src/arch/x86/interupts/control/pic.o
 .debug_info    0x0000000000000ecb      0x438 ./out/src/arch/x86/dev/debug/serial.o
 .debug_info    0x0000000000001303      0x842 ./out/src/arch/x86/mem/kmem_bitmap.o
 .debug_info    0x0000000000001b45      0x1bc ./out/src/arch/x86/mem/virtual_range.o
 .debug_info    0x0000000000001d01      0x3b7 ./out/src/arch/x86/mem/kmalloc.o
 .debug_info    0x00000000000020b8      0x8bf ./out/src/arch/x86/mem/kmem_manager.o
 .debug_info    0x0000000000002977      0x5d0 ./out/src/arch/x86/multiboot.o
 .debug_info    0x0000000000002f47      0x4d3 ./out/src/arch/x86/kmain.o
 .debug_info    0x000000000000341a      0x16a ./out/libraries/libc/linkedlist.o
 .debug_info    0x0000000000003584      0x23a ./out/libraries/libc/io.o
 .debug_info    0x00000000000037be      0x423 ./out/libraries/libc/string.o
 .debug_info    0x0000000000003be1       0x5a ./out/src/arch/x86/asm/gdt.o
 .debug_info    0x0000000000003c3b       0x5a ./out/src/arch/x86/asm/irq.o
 .debug_info    0x0000000000003c95       0x58 ./out/src/boot/multiboot.o

.debug_abbrev   0x0000000000000000     0x161c
 .debug_abbrev  0x0000000000000000       0xd4 ./out/src/arch/x86/interupts/gdt.o
 .debug_abbrev  0x00000000000000d4      0x1fd ./out/src/arch/x86/interupts/idt.o
 .debug_abbrev  0x00000000000002d1      0x1fa ./out/src/arch/x86/interupts/interupts.o
 .debug_abbrev  0x00000000000004cb       0xd8 ./out/src/arch/x86/interupts/control/pic.o
 .debug_abbrev  0x00000000000005a3      0x185 ./out/src/arch/x86/dev/debug/serial.o
 .debug_abbrev  0x0000000000000728      0x229 ./out/src/arch/x86/mem/kmem_bitmap.o
 .debug_abbrev  0x0000000000000951       0xf4 ./out/src/arch/x86/mem/virtual_range.o
 .debug_abbrev  0x0000000000000a45      0x1bf ./out/src/arch/x86/mem/kmalloc.o
 .debug_abbrev  0x0000000000000c04      0x2aa ./out/src/arch/x86/mem/kmem_manager.o
 .debug_abbrev  0x0000000000000eae      0x226 ./out/src/arch/x86/multiboot.o
 .debug_abbrev  0x00000000000010d4      0x1ad ./out/src/arch/x86/kmain.o
 .debug_abbrev  0x0000000000001281       0xd7 ./out/libraries/libc/linkedlist.o
 .debug_abbrev  0x0000000000001358      0x138 ./out/libraries/libc/io.o
 .debug_abbrev  0x0000000000001490      0x13b ./out/libraries/libc/string.o
 .debug_abbrev  0x00000000000015cb       0x1b ./out/src/arch/x86/asm/gdt.o
 .debug_abbrev  0x00000000000015e6       0x1b ./out/src/arch/x86/asm/irq.o
 .debug_abbrev  0x0000000000001601       0x1b ./out/src/boot/multiboot.o

.debug_aranges  0x0000000000000000      0x340
 .debug_aranges
                0x0000000000000000       0x30 ./out/src/arch/x86/interupts/gdt.o
 .debug_aranges
                0x0000000000000030       0x30 ./out/src/arch/x86/interupts/idt.o
 .debug_aranges
                0x0000000000000060       0x30 ./out/src/arch/x86/interupts/interupts.o
 .debug_aranges
                0x0000000000000090       0x30 ./out/src/arch/x86/interupts/control/pic.o
 .debug_aranges
                0x00000000000000c0       0x30 ./out/src/arch/x86/dev/debug/serial.o
 .debug_aranges
                0x00000000000000f0       0x30 ./out/src/arch/x86/mem/kmem_bitmap.o
 .debug_aranges
                0x0000000000000120       0x30 ./out/src/arch/x86/mem/virtual_range.o
 .debug_aranges
                0x0000000000000150       0x30 ./out/src/arch/x86/mem/kmalloc.o
 .debug_aranges
                0x0000000000000180       0x30 ./out/src/arch/x86/mem/kmem_manager.o
 .debug_aranges
                0x00000000000001b0       0x30 ./out/src/arch/x86/multiboot.o
 .debug_aranges
                0x00000000000001e0       0x40 ./out/src/arch/x86/kmain.o
 .debug_aranges
                0x0000000000000220       0x30 ./out/libraries/libc/linkedlist.o
 .debug_aranges
                0x0000000000000250       0x30 ./out/libraries/libc/io.o
 .debug_aranges
                0x0000000000000280       0x30 ./out/libraries/libc/string.o
 .debug_aranges
                0x00000000000002b0       0x30 ./out/src/arch/x86/asm/gdt.o
 .debug_aranges
                0x00000000000002e0       0x30 ./out/src/arch/x86/asm/irq.o
 .debug_aranges
                0x0000000000000310       0x30 ./out/src/boot/multiboot.o

.debug_line     0x0000000000000000     0x1dc3
 .debug_line    0x0000000000000000       0x92 ./out/src/arch/x86/interupts/gdt.o
 .debug_line    0x0000000000000092      0x227 ./out/src/arch/x86/interupts/idt.o
 .debug_line    0x00000000000002b9      0x1b1 ./out/src/arch/x86/interupts/interupts.o
 .debug_line    0x000000000000046a        0x0 ./out/src/arch/x86/interupts/control/apic.o
 .debug_line    0x000000000000046a      0x154 ./out/src/arch/x86/interupts/control/pic.o
 .debug_line    0x00000000000005be      0x1f2 ./out/src/arch/x86/dev/debug/serial.o
 .debug_line    0x00000000000007b0      0x3c9 ./out/src/arch/x86/mem/kmem_bitmap.o
 .debug_line    0x0000000000000b79       0xb8 ./out/src/arch/x86/mem/virtual_range.o
 .debug_line    0x0000000000000c31      0x1a9 ./out/src/arch/x86/mem/kmalloc.o
 .debug_line    0x0000000000000dda      0x503 ./out/src/arch/x86/mem/kmem_manager.o
 .debug_line    0x00000000000012dd      0x34c ./out/src/arch/x86/multiboot.o
 .debug_line    0x0000000000001629      0x205 ./out/src/arch/x86/kmain.o
 .debug_line    0x000000000000182e       0xa9 ./out/libraries/libc/linkedlist.o
 .debug_line    0x00000000000018d7       0xbf ./out/libraries/libc/io.o
 .debug_line    0x0000000000001996      0x25c ./out/libraries/libc/string.o
 .debug_line    0x0000000000001bf2       0x54 ./out/src/arch/x86/asm/gdt.o
 .debug_line    0x0000000000001c46      0x126 ./out/src/arch/x86/asm/irq.o
 .debug_line    0x0000000000001d6c       0x57 ./out/src/boot/multiboot.o

.debug_str      0x0000000000000000      0xcd9
 .debug_str     0x0000000000000000      0x245 ./out/src/arch/x86/interupts/gdt.o
                                        0x284 (size before relaxing)
 .debug_str     0x0000000000000245       0xd7 ./out/src/arch/x86/interupts/idt.o
                                        0x2dd (size before relaxing)
 .debug_str     0x000000000000031c       0xc9 ./out/src/arch/x86/interupts/interupts.o
                                        0x2bf (size before relaxing)
 .debug_str     0x00000000000003e5       0x26 ./out/src/arch/x86/interupts/control/apic.o
                                        0x157 (size before relaxing)
 .debug_str     0x000000000000040b       0x3f ./out/src/arch/x86/interupts/control/pic.o
                                        0x204 (size before relaxing)
 .debug_str     0x000000000000044a       0x3f ./out/src/arch/x86/dev/debug/serial.o
                                        0x212 (size before relaxing)
 .debug_str     0x0000000000000489      0x1fc ./out/src/arch/x86/mem/kmem_bitmap.o
                                        0x423 (size before relaxing)
 .debug_str     0x0000000000000685       0x60 ./out/src/arch/x86/mem/virtual_range.o
                                        0x233 (size before relaxing)
 .debug_str     0x00000000000006e5       0xf8 ./out/src/arch/x86/mem/kmalloc.o
                                        0x362 (size before relaxing)
 .debug_str     0x00000000000007dd      0x2f4 ./out/src/arch/x86/mem/kmem_manager.o
                                        0x516 (size before relaxing)
 .debug_str     0x0000000000000ad1       0xa9 ./out/src/arch/x86/multiboot.o
                                        0x341 (size before relaxing)
 .debug_str     0x0000000000000b7a       0x63 ./out/src/arch/x86/kmain.o
                                        0x2f8 (size before relaxing)
 .debug_str     0x0000000000000bdd       0x4c ./out/libraries/libc/linkedlist.o
                                        0x208 (size before relaxing)
 .debug_str     0x0000000000000c29       0x37 ./out/libraries/libc/io.o
                                        0x210 (size before relaxing)
 .debug_str     0x0000000000000c60       0x79 ./out/libraries/libc/string.o
                                        0x266 (size before relaxing)

.comment        0x0000000000000000       0x12
 .comment       0x0000000000000000       0x12 ./out/src/arch/x86/interupts/gdt.o
                                         0x13 (size before relaxing)
 .comment       0x0000000000000012       0x13 ./out/src/arch/x86/interupts/idt.o
 .comment       0x0000000000000012       0x13 ./out/src/arch/x86/interupts/interupts.o
 .comment       0x0000000000000012       0x13 ./out/src/arch/x86/interupts/control/apic.o
 .comment       0x0000000000000012       0x13 ./out/src/arch/x86/interupts/control/pic.o
 .comment       0x0000000000000012       0x13 ./out/src/arch/x86/dev/debug/serial.o
 .comment       0x0000000000000012       0x13 ./out/src/arch/x86/mem/kmem_bitmap.o
 .comment       0x0000000000000012       0x13 ./out/src/arch/x86/mem/virtual_range.o
 .comment       0x0000000000000012       0x13 ./out/src/arch/x86/mem/kmalloc.o
 .comment       0x0000000000000012       0x13 ./out/src/arch/x86/mem/kmem_manager.o
 .comment       0x0000000000000012       0x13 ./out/src/arch/x86/multiboot.o
 .comment       0x0000000000000012       0x13 ./out/src/arch/x86/kmain.o
 .comment       0x0000000000000012       0x13 ./out/libraries/libc/linkedlist.o
 .comment       0x0000000000000012       0x13 ./out/libraries/libc/io.o
 .comment       0x0000000000000012       0x13 ./out/libraries/libc/string.o

.debug_loc      0x0000000000000000     0x3067
 .debug_loc     0x0000000000000000      0x5a8 ./out/src/arch/x86/interupts/idt.o
 .debug_loc     0x00000000000005a8      0x34d ./out/src/arch/x86/interupts/interupts.o
 .debug_loc     0x00000000000008f5       0x6a ./out/src/arch/x86/interupts/control/pic.o
 .debug_loc     0x000000000000095f      0x1e9 ./out/src/arch/x86/dev/debug/serial.o
 .debug_loc     0x0000000000000b48      0xb46 ./out/src/arch/x86/mem/kmem_bitmap.o
 .debug_loc     0x000000000000168e       0x25 ./out/src/arch/x86/mem/virtual_range.o
 .debug_loc     0x00000000000016b3      0x32b ./out/src/arch/x86/mem/kmalloc.o
 .debug_loc     0x00000000000019de      0x81f ./out/src/arch/x86/mem/kmem_manager.o
 .debug_loc     0x00000000000021fd      0x797 ./out/src/arch/x86/multiboot.o
 .debug_loc     0x0000000000002994       0xd6 ./out/src/arch/x86/kmain.o
 .debug_loc     0x0000000000002a6a       0x25 ./out/libraries/libc/linkedlist.o
 .debug_loc     0x0000000000002a8f       0xac ./out/libraries/libc/io.o
 .debug_loc     0x0000000000002b3b      0x52c ./out/libraries/libc/string.o
 .debug_loc     0x0000000000003067        0x0 ./out/src/arch/x86/asm/gdt.o
 .debug_loc     0x0000000000003067        0x0 ./out/src/arch/x86/asm/irq.o
 .debug_loc     0x0000000000003067        0x0 ./out/src/boot/multiboot.o

.debug_ranges   0x0000000000000000      0x780
 .debug_ranges  0x0000000000000000      0x110 ./out/src/arch/x86/interupts/idt.o
 .debug_ranges  0x0000000000000110       0x30 ./out/src/arch/x86/interupts/interupts.o
 .debug_ranges  0x0000000000000140       0xf0 ./out/src/arch/x86/dev/debug/serial.o
 .debug_ranges  0x0000000000000230      0x200 ./out/src/arch/x86/mem/kmem_bitmap.o
 .debug_ranges  0x0000000000000430       0x40 ./out/src/arch/x86/mem/kmalloc.o
 .debug_ranges  0x0000000000000470      0x170 ./out/src/arch/x86/mem/kmem_manager.o
 .debug_ranges  0x00000000000005e0      0x100 ./out/src/arch/x86/multiboot.o
 .debug_ranges  0x00000000000006e0       0x70 ./out/src/arch/x86/kmain.o
 .debug_ranges  0x0000000000000750       0x30 ./out/libraries/libc/string.o

.debug_pubnames
                0x0000000000000000        0x0
 .debug_pubnames
                0x0000000000000000        0x0 ./out/src/arch/x86/asm/gdt.o
 .debug_pubnames
                0x0000000000000000        0x0 ./out/src/arch/x86/asm/irq.o
 .debug_pubnames
                0x0000000000000000        0x0 ./out/src/boot/multiboot.o

.debug_frame    0x0000000000000000        0x0
 .debug_frame   0x0000000000000000        0x0 ./out/src/arch/x86/asm/gdt.o
 .debug_frame   0x0000000000000000        0x0 ./out/src/arch/x86/asm/irq.o
 .debug_frame   0x0000000000000000        0x0 ./out/src/boot/multiboot.o
