
Memory Configuration

Name             Origin             Length             Attributes
*default*        0x0000000000000000 0xffffffffffffffff

Linker script and memory map

                0x0000000000100000                . = 0x100000

.multiboot_header
                0x0000000000100000       0x30
 *(.multiboot_header)
 .multiboot_header
                0x0000000000100000       0x30 ./out/src/arch/x86/asm/multiboot.o

.text           0x0000000000101000       0x18
 *(.text*)
 .text          0x0000000000101000        0x2 ./out/src/arch/x86/kmain.o
                0x0000000000101000                _start
 *fill*         0x0000000000101002        0xe 
 .text          0x0000000000101010        0x8 ./out/src/arch/x86/asm/multiboot.o
                0x0000000000101010                start
 *(.init)
 *(.fini)
 *(.ctors)
 *(.dtors)

.iplt           0x0000000000101018        0x0
 .iplt          0x0000000000101018        0x0 ./out/src/arch/x86/kmain.o

.rodata
 *(.rodata*)

.eh_frame       0x0000000000101018       0x2c
 .eh_frame      0x0000000000101018       0x2c ./out/src/arch/x86/kmain.o
                                         0x30 (size before relaxing)

.rela.dyn       0x0000000000101048        0x0
 .rela.got      0x0000000000101048        0x0 ./out/src/arch/x86/kmain.o
 .rela.iplt     0x0000000000101048        0x0 ./out/src/arch/x86/kmain.o

.data           0x0000000000102000        0x0
 *(.data*)
 .data          0x0000000000102000        0x0 ./out/src/arch/x86/kmain.o

.got            0x0000000000101048        0x0
 .got           0x0000000000101048        0x0 ./out/src/arch/x86/kmain.o

.got.plt        0x0000000000101048        0x0
 .got.plt       0x0000000000101048        0x0 ./out/src/arch/x86/kmain.o

.igot.plt       0x0000000000101048        0x0
 .igot.plt      0x0000000000101048        0x0 ./out/src/arch/x86/kmain.o

.bss            0x0000000000102000        0x0
 *(COMMON)
 *(.bss*)
 .bss           0x0000000000102000        0x0 ./out/src/arch/x86/kmain.o
                0x0000000000101044                kernel_end = .
LOAD ./out/src/arch/x86/kmain.o
LOAD ./out/src/arch/x86/asm/multiboot.o
OUTPUT(lightos.elf elf64-x86-64)

.comment        0x0000000000000000       0x12
 .comment       0x0000000000000000       0x12 ./out/src/arch/x86/kmain.o
                                         0x13 (size before relaxing)
