
Memory Configuration

Name             Origin             Length             Attributes
*default*        0x0000000000000000 0xffffffffffffffff

Linker script and memory map

                0x0000000000100000                . = 0x100000
                0x0000000000100000                _kernel_start = .
                0xffffffff80000000                _kern_virtual_offset = 0xffffffff80000000

.multiboot_header
                0x0000000000100000       0x18
 *(.multiboot_header)
 .multiboot_header
                0x0000000000100000       0x18 ./out/src/boot/multiboot.o

.pre_text       0x0000000000100018       0xa8
 *(.pre_text)
 .pre_text      0x0000000000100018       0xa8 ./out/src/boot/multiboot.o
                0x0000000000100018                start
                0xffffffff801000c0                . = (. + _kern_virtual_offset)

.text           0xffffffff80101000     0x1548 load address 0x0000000000101000
 *(.text*)
 .text          0xffffffff80101000       0x23 ./out/src/arch/x86/interupts/gdt.o
                0xffffffff80101000                setup_gdt
 *fill*         0xffffffff80101023        0xd 
 .text          0xffffffff80101030      0x151 ./out/src/arch/x86/interupts/idt.o
                0xffffffff80101030                populate_gate
                0xffffffff801010a0                setup_idt
                0xffffffff80101170                handle_isr
                0xffffffff80101180                handle_irq
 *fill*         0xffffffff80101181        0xf 
 .text          0xffffffff80101190       0xf2 ./out/src/arch/x86/interupts/interupts.o
                0xffffffff80101190                add_handler
                0xffffffff801011e0                remove_handler
                0xffffffff80101200                interupt_handler
                0xffffffff80101270                disable_interupts
                0xffffffff80101280                enable_interupts
 .text          0xffffffff80101282        0x0 ./out/src/arch/x86/interupts/control/apic.o
 *fill*         0xffffffff80101282        0xe 
 .text          0xffffffff80101290      0x13b ./out/src/arch/x86/interupts/control/pic.o
                0xffffffff80101290                init_pic
                0xffffffff80101360                disable_pic
                0xffffffff80101390                pic_eoi
 *fill*         0xffffffff801013cb        0x5 
 .text          0xffffffff801013d0      0x25f ./out/src/arch/x86/dev/debug/serial.o
                0xffffffff801013d0                init_serial
                0xffffffff80101440                putch
                0xffffffff801014b0                print
                0xffffffff80101530                println
 .text          0xffffffff8010162f        0x0 ./out/src/arch/x86/mem/mmu.o
 *fill*         0xffffffff8010162f        0x1 
 .text          0xffffffff80101630      0x369 ./out/src/arch/x86/mem/kmem_bitmap.o
                0xffffffff80101630                make_bitmap
                0xffffffff80101650                make_data_bitmap
                0xffffffff80101670                bm_get
                0xffffffff801016b0                bm_set
                0xffffffff801016f0                bm_find
                0xffffffff80101790                bm_allocate
                0xffffffff80101840                bm_mark_block_used
                0xffffffff80101910                bm_mark_block_free
                0xffffffff80101990                bm_is_in_range
 .text          0xffffffff80101999        0x0 ./out/src/arch/x86/mem/kmalloc.o
 *fill*         0xffffffff80101999        0x7 
 .text          0xffffffff801019a0      0x1ef ./out/src/arch/x86/mem/kmem_manager.o
                0xffffffff801019a0                init_kmem_manager
 *fill*         0xffffffff80101b8f        0x1 
 .text          0xffffffff80101b90      0x166 ./out/src/arch/x86/multiboot.o
                0xffffffff80101b90                mb_initialize
                0xffffffff80101c80                next_mb2_tag
                0xffffffff80101cc0                get_mb2_tag
 *fill*         0xffffffff80101cf6        0xa 
 .text          0xffffffff80101d00      0x120 ./out/src/arch/x86/kmain.o
                0xffffffff80101d00                thing
                0xffffffff80101d20                _start
 .text.startup  0xffffffff80101e20        0xc ./out/src/arch/x86/kmain.o
                0xffffffff80101e20                test
 *fill*         0xffffffff80101e2c        0x4 
 .text          0xffffffff80101e30       0x5c ./out/libraries/libc/io.o
                0xffffffff80101e30                in8
                0xffffffff80101e40                in16
                0xffffffff80101e50                out8
                0xffffffff80101e60                out16
                0xffffffff80101e70                delay
 *fill*         0xffffffff80101e8c        0x4 
 .text          0xffffffff80101e90      0x48a ./out/libraries/libc/string.o
                0xffffffff80101e90                strlen
                0xffffffff80101ec0                strcmp
                0xffffffff80101f00                strcpy
                0xffffffff80101f30                memcpy
                0xffffffff80101f40                memcmp
                0xffffffff80101f70                memset
                0xffffffff80101f80                memchr
                0xffffffff80101fb0                string_from_dec
                0xffffffff80102290                string_from_hex
 *fill*         0xffffffff8010231a        0x6 
 .text          0xffffffff80102320       0x17 ./out/src/arch/x86/asm/gdt.o
                0xffffffff80102320                load_gdt
                0xffffffff80102326                gdt_flush
 *fill*         0xffffffff80102337        0x9 
 .text          0xffffffff80102340      0x1cd ./out/src/arch/x86/asm/irq.o
                0xffffffff80102340                flush_idt
                0xffffffff80102385                _isr0
                0xffffffff8010238b                _isr1
                0xffffffff80102391                _isr2
                0xffffffff80102397                _isr3
                0xffffffff8010239d                _isr4
                0xffffffff801023a3                _isr5
                0xffffffff801023a9                _isr6
                0xffffffff801023af                _isr7
                0xffffffff801023b5                _isr8
                0xffffffff801023b9                _isr9
                0xffffffff801023bf                _isr10
                0xffffffff801023c3                _isr11
                0xffffffff801023ca                _isr12
                0xffffffff801023d1                _isr13
                0xffffffff801023d8                _isr14
                0xffffffff801023df                _isr15
                0xffffffff801023e8                _isr16
                0xffffffff801023f1                _isr17
                0xffffffff801023f8                _isr18
                0xffffffff80102401                _isr19
                0xffffffff8010240a                _isr20
                0xffffffff80102413                _isr21
                0xffffffff8010241c                _isr22
                0xffffffff80102425                _isr23
                0xffffffff8010242e                _isr24
                0xffffffff80102437                _isr25
                0xffffffff80102440                _isr26
                0xffffffff80102449                _isr27
                0xffffffff80102452                _isr28
                0xffffffff8010245b                _isr29
                0xffffffff80102464                _isr30
                0xffffffff8010246b                _isr31
                0xffffffff80102474                _isr32
                0xffffffff8010247d                _isr33
                0xffffffff80102486                _isr34
                0xffffffff8010248f                _isr35
                0xffffffff80102498                _isr36
                0xffffffff801024a1                _isr37
                0xffffffff801024aa                _isr38
                0xffffffff801024b3                _isr39
                0xffffffff801024bc                _isr40
                0xffffffff801024c5                _isr41
                0xffffffff801024ce                _isr42
                0xffffffff801024d7                _isr43
                0xffffffff801024e0                _isr44
                0xffffffff801024e9                _isr45
                0xffffffff801024f2                _isr46
                0xffffffff801024fb                _isr47
                0xffffffff80102504                _isr50
 *fill*         0xffffffff8010250d        0x3 
 .text          0xffffffff80102510       0x38 ./out/src/boot/multiboot.o

.iplt           0xffffffff80102548        0x0 load address 0x0000000000102548
 .iplt          0xffffffff80102548        0x0 ./out/src/arch/x86/interupts/gdt.o

.rodata         0xffffffff80103000      0x6ac load address 0x0000000000103000
                0xffffffff80103000                start_ctors = .
 *(.ctors)
 .ctors         0xffffffff80103000        0x8 ./out/src/arch/x86/kmain.o
 *(.init_array)
                0xffffffff80103008                end_ctors = .
 *(.rodata*)
 .rodata.str1.1
                0xffffffff80103008        0xa ./out/src/arch/x86/interupts/idt.o
 *fill*         0xffffffff80103012        0xe 
 .rodata        0xffffffff80103020      0x400 ./out/src/arch/x86/interupts/idt.o
 .rodata.str1.1
                0xffffffff80103420       0x2d ./out/src/arch/x86/interupts/interupts.o
 .rodata.str1.1
                0xffffffff8010344d       0x10 ./out/src/arch/x86/interupts/control/pic.o
 *fill*         0xffffffff8010345d        0x3 
 .rodata.str1.8
                0xffffffff80103460      0x10c ./out/src/arch/x86/mem/kmem_bitmap.o
 .rodata.str1.1
                0xffffffff8010356c       0x1d ./out/src/arch/x86/mem/kmem_bitmap.o
 .rodata.str1.1
                0xffffffff80103589       0x3c ./out/src/arch/x86/mem/kmem_manager.o
 .rodata.str1.1
                0xffffffff801035c5       0x39 ./out/src/arch/x86/multiboot.o
 .rodata.str1.1
                0xffffffff801035fe       0x71 ./out/src/arch/x86/kmain.o
 *fill*         0xffffffff8010366f        0x1 
 .rodata.cst16  0xffffffff80103670       0x10 ./out/libraries/libc/string.o
 .rodata        0xffffffff80103680       0x2c ./out/src/boot/multiboot.o

.eh_frame       0xffffffff801036b0      0x5c0 load address 0x00000000001036b0
 .eh_frame      0xffffffff801036b0       0x30 ./out/src/arch/x86/interupts/gdt.o
 .eh_frame      0xffffffff801036e0       0x70 ./out/src/arch/x86/interupts/idt.o
                                         0x88 (size before relaxing)
 .eh_frame      0xffffffff80103750       0x98 ./out/src/arch/x86/interupts/interupts.o
                                         0xb0 (size before relaxing)
 .eh_frame      0xffffffff801037e8       0x60 ./out/src/arch/x86/interupts/control/pic.o
                                         0x78 (size before relaxing)
 .eh_frame      0xffffffff80103848       0xb8 ./out/src/arch/x86/dev/debug/serial.o
                                         0xd0 (size before relaxing)
 .eh_frame      0xffffffff80103900      0x150 ./out/src/arch/x86/mem/kmem_bitmap.o
                                        0x168 (size before relaxing)
 .eh_frame      0xffffffff80103a50       0x38 ./out/src/arch/x86/mem/kmem_manager.o
                                         0x50 (size before relaxing)
 .eh_frame      0xffffffff80103a88       0x58 ./out/src/arch/x86/multiboot.o
                                         0x70 (size before relaxing)
 .eh_frame      0xffffffff80103ae0       0x58 ./out/src/arch/x86/kmain.o
                                         0x70 (size before relaxing)
 .eh_frame      0xffffffff80103b38       0x68 ./out/libraries/libc/io.o
                                         0x80 (size before relaxing)
 .eh_frame      0xffffffff80103ba0       0xd0 ./out/libraries/libc/string.o
                                         0xe8 (size before relaxing)

.rela.dyn       0xffffffff80103c70        0x0 load address 0x0000000000103c70
 .rela.got      0xffffffff80103c70        0x0 ./out/src/arch/x86/interupts/gdt.o
 .rela.iplt     0xffffffff80103c70        0x0 ./out/src/arch/x86/interupts/gdt.o
 .rela.text     0xffffffff80103c70        0x0 ./out/src/arch/x86/interupts/gdt.o

.data           0xffffffff80104000       0x3a load address 0x0000000000104000
 *(.data*)
 .data          0xffffffff80104000       0x3a ./out/src/arch/x86/interupts/gdt.o
 .data          0xffffffff8010403a        0x0 ./out/src/arch/x86/interupts/idt.o
 .data          0xffffffff8010403a        0x0 ./out/src/arch/x86/interupts/interupts.o
 .data          0xffffffff8010403a        0x0 ./out/src/arch/x86/interupts/control/apic.o
 .data          0xffffffff8010403a        0x0 ./out/src/arch/x86/interupts/control/pic.o
 .data          0xffffffff8010403a        0x0 ./out/src/arch/x86/dev/debug/serial.o
 .data          0xffffffff8010403a        0x0 ./out/src/arch/x86/mem/mmu.o
 .data          0xffffffff8010403a        0x0 ./out/src/arch/x86/mem/kmem_bitmap.o
 .data          0xffffffff8010403a        0x0 ./out/src/arch/x86/mem/kmalloc.o
 .data          0xffffffff8010403a        0x0 ./out/src/arch/x86/mem/kmem_manager.o
 .data          0xffffffff8010403a        0x0 ./out/src/arch/x86/multiboot.o
 .data          0xffffffff8010403a        0x0 ./out/src/arch/x86/kmain.o
 .data          0xffffffff8010403a        0x0 ./out/libraries/libc/io.o
 .data          0xffffffff8010403a        0x0 ./out/libraries/libc/string.o

.got            0xffffffff80104040        0x0 load address 0x0000000000104040
 .got           0xffffffff80104040        0x0 ./out/src/arch/x86/interupts/gdt.o

.got.plt        0xffffffff80104040        0x0 load address 0x0000000000104040
 .got.plt       0xffffffff80104040        0x0 ./out/src/arch/x86/interupts/gdt.o

.igot.plt       0xffffffff80104040        0x0 load address 0x0000000000104040
 .igot.plt      0xffffffff80104040        0x0 ./out/src/arch/x86/interupts/gdt.o

.bss            0xffffffff80105000     0xa009 load address 0x0000000000105000
 *(COMMON)
 *(.bss*)
 .bss           0xffffffff80105000        0x0 ./out/src/arch/x86/interupts/gdt.o
 .bss           0xffffffff80105000     0x180a ./out/src/arch/x86/interupts/idt.o
                0xffffffff80105000                idt_entries
                0xffffffff80106800                idt_ptr
 *fill*         0xffffffff8010680a       0x16 
 .bss           0xffffffff80106820       0x80 ./out/src/arch/x86/interupts/interupts.o
 .bss           0xffffffff801068a0        0x0 ./out/src/arch/x86/interupts/control/apic.o
 .bss           0xffffffff801068a0        0x0 ./out/src/arch/x86/interupts/control/pic.o
 .bss           0xffffffff801068a0        0x4 ./out/src/arch/x86/dev/debug/serial.o
 .bss           0xffffffff801068a4        0x0 ./out/src/arch/x86/mem/mmu.o
 .bss           0xffffffff801068a4        0x0 ./out/src/arch/x86/mem/kmem_bitmap.o
 .bss           0xffffffff801068a4        0x0 ./out/src/arch/x86/mem/kmalloc.o
 *fill*         0xffffffff801068a4        0xc 
 .bss           0xffffffff801068b0       0x38 ./out/src/arch/x86/mem/kmem_manager.o
 .bss           0xffffffff801068e8        0x8 ./out/src/arch/x86/multiboot.o
 .bss           0xffffffff801068f0        0x8 ./out/src/arch/x86/kmain.o
 .bss           0xffffffff801068f8        0x0 ./out/libraries/libc/io.o
 .bss           0xffffffff801068f8        0x0 ./out/libraries/libc/string.o
 *fill*         0xffffffff801068f8      0x708 
 .bss           0xffffffff80107000     0x8009 ./out/src/boot/multiboot.o
                0xffffffff8010b000                end_of_mapped_memory
                0xffffffff8010f009                stack_top
                0xffffffff8010f009                _kernel_end = .
                0x000000000010f009                _kernel_physical_end = (. - _kern_virtual_offset)
LOAD ./out/src/arch/x86/interupts/gdt.o
LOAD ./out/src/arch/x86/interupts/idt.o
LOAD ./out/src/arch/x86/interupts/interupts.o
LOAD ./out/src/arch/x86/interupts/control/apic.o
LOAD ./out/src/arch/x86/interupts/control/pic.o
LOAD ./out/src/arch/x86/dev/debug/serial.o
LOAD ./out/src/arch/x86/mem/mmu.o
LOAD ./out/src/arch/x86/mem/kmem_bitmap.o
LOAD ./out/src/arch/x86/mem/kmalloc.o
LOAD ./out/src/arch/x86/mem/kmem_manager.o
LOAD ./out/src/arch/x86/multiboot.o
LOAD ./out/src/arch/x86/kmain.o
LOAD ./out/libraries/libc/io.o
LOAD ./out/libraries/libc/string.o
LOAD ./out/src/arch/x86/asm/gdt.o
LOAD ./out/src/arch/x86/asm/irq.o
LOAD ./out/src/boot/multiboot.o
OUTPUT(lightos.elf elf64-x86-64)

.debug_info     0x0000000000000000     0x34b0
 .debug_info    0x0000000000000000      0x1e4 ./out/src/arch/x86/interupts/gdt.o
 .debug_info    0x00000000000001e4      0x60c ./out/src/arch/x86/interupts/idt.o
 .debug_info    0x00000000000007f0      0x41b ./out/src/arch/x86/interupts/interupts.o
 .debug_info    0x0000000000000c0b      0x2d8 ./out/src/arch/x86/interupts/control/pic.o
 .debug_info    0x0000000000000ee3      0x438 ./out/src/arch/x86/dev/debug/serial.o
 .debug_info    0x000000000000131b      0xa3c ./out/src/arch/x86/mem/kmem_bitmap.o
 .debug_info    0x0000000000001d57      0x4e2 ./out/src/arch/x86/mem/kmem_manager.o
 .debug_info    0x0000000000002239      0x482 ./out/src/arch/x86/multiboot.o
 .debug_info    0x00000000000026bb      0x5ff ./out/src/arch/x86/kmain.o
 .debug_info    0x0000000000002cba      0x23a ./out/libraries/libc/io.o
 .debug_info    0x0000000000002ef4      0x4b0 ./out/libraries/libc/string.o
 .debug_info    0x00000000000033a4       0x5a ./out/src/arch/x86/asm/gdt.o
 .debug_info    0x00000000000033fe       0x5a ./out/src/arch/x86/asm/irq.o
 .debug_info    0x0000000000003458       0x58 ./out/src/boot/multiboot.o

.debug_abbrev   0x0000000000000000     0x114f
 .debug_abbrev  0x0000000000000000       0xd4 ./out/src/arch/x86/interupts/gdt.o
 .debug_abbrev  0x00000000000000d4      0x1fd ./out/src/arch/x86/interupts/idt.o
 .debug_abbrev  0x00000000000002d1      0x1fa ./out/src/arch/x86/interupts/interupts.o
 .debug_abbrev  0x00000000000004cb       0xcd ./out/src/arch/x86/interupts/control/pic.o
 .debug_abbrev  0x0000000000000598      0x185 ./out/src/arch/x86/dev/debug/serial.o
 .debug_abbrev  0x000000000000071d      0x24f ./out/src/arch/x86/mem/kmem_bitmap.o
 .debug_abbrev  0x000000000000096c      0x1ae ./out/src/arch/x86/mem/kmem_manager.o
 .debug_abbrev  0x0000000000000b1a      0x1dc ./out/src/arch/x86/multiboot.o
 .debug_abbrev  0x0000000000000cf6      0x1b8 ./out/src/arch/x86/kmain.o
 .debug_abbrev  0x0000000000000eae      0x138 ./out/libraries/libc/io.o
 .debug_abbrev  0x0000000000000fe6      0x118 ./out/libraries/libc/string.o
 .debug_abbrev  0x00000000000010fe       0x1b ./out/src/arch/x86/asm/gdt.o
 .debug_abbrev  0x0000000000001119       0x1b ./out/src/arch/x86/asm/irq.o
 .debug_abbrev  0x0000000000001134       0x1b ./out/src/boot/multiboot.o

.debug_aranges  0x0000000000000000      0x2b0
 .debug_aranges
                0x0000000000000000       0x30 ./out/src/arch/x86/interupts/gdt.o
 .debug_aranges
                0x0000000000000030       0x30 ./out/src/arch/x86/interupts/idt.o
 .debug_aranges
                0x0000000000000060       0x30 ./out/src/arch/x86/interupts/interupts.o
 .debug_aranges
                0x0000000000000090       0x30 ./out/src/arch/x86/interupts/control/pic.o
 .debug_aranges
                0x00000000000000c0       0x30 ./out/src/arch/x86/dev/debug/serial.o
 .debug_aranges
                0x00000000000000f0       0x30 ./out/src/arch/x86/mem/kmem_bitmap.o
 .debug_aranges
                0x0000000000000120       0x30 ./out/src/arch/x86/mem/kmem_manager.o
 .debug_aranges
                0x0000000000000150       0x30 ./out/src/arch/x86/multiboot.o
 .debug_aranges
                0x0000000000000180       0x40 ./out/src/arch/x86/kmain.o
 .debug_aranges
                0x00000000000001c0       0x30 ./out/libraries/libc/io.o
 .debug_aranges
                0x00000000000001f0       0x30 ./out/libraries/libc/string.o
 .debug_aranges
                0x0000000000000220       0x30 ./out/src/arch/x86/asm/gdt.o
 .debug_aranges
                0x0000000000000250       0x30 ./out/src/arch/x86/asm/irq.o
 .debug_aranges
                0x0000000000000280       0x30 ./out/src/boot/multiboot.o

.debug_line     0x0000000000000000     0x1ce0
 .debug_line    0x0000000000000000       0x92 ./out/src/arch/x86/interupts/gdt.o
 .debug_line    0x0000000000000092      0x20f ./out/src/arch/x86/interupts/idt.o
 .debug_line    0x00000000000002a1      0x196 ./out/src/arch/x86/interupts/interupts.o
 .debug_line    0x0000000000000437        0x0 ./out/src/arch/x86/interupts/control/apic.o
 .debug_line    0x0000000000000437      0x14e ./out/src/arch/x86/interupts/control/pic.o
 .debug_line    0x0000000000000585      0x1e7 ./out/src/arch/x86/dev/debug/serial.o
 .debug_line    0x000000000000076c        0x0 ./out/src/arch/x86/mem/mmu.o
 .debug_line    0x000000000000076c      0x554 ./out/src/arch/x86/mem/kmem_bitmap.o
 .debug_line    0x0000000000000cc0        0x0 ./out/src/arch/x86/mem/kmalloc.o
 .debug_line    0x0000000000000cc0      0x2a0 ./out/src/arch/x86/mem/kmem_manager.o
 .debug_line    0x0000000000000f60      0x27b ./out/src/arch/x86/multiboot.o
 .debug_line    0x00000000000011db      0x217 ./out/src/arch/x86/kmain.o
 .debug_line    0x00000000000013f2       0xbf ./out/libraries/libc/io.o
 .debug_line    0x00000000000014b1      0x65f ./out/libraries/libc/string.o
 .debug_line    0x0000000000001b10       0x54 ./out/src/arch/x86/asm/gdt.o
 .debug_line    0x0000000000001b64      0x126 ./out/src/arch/x86/asm/irq.o
 .debug_line    0x0000000000001c8a       0x56 ./out/src/boot/multiboot.o

.debug_str      0x0000000000000000      0x8eb
 .debug_str     0x0000000000000000      0x246 ./out/src/arch/x86/interupts/gdt.o
                                        0x285 (size before relaxing)
 .debug_str     0x0000000000000246       0xd7 ./out/src/arch/x86/interupts/idt.o
                                        0x2de (size before relaxing)
 .debug_str     0x000000000000031d       0xc9 ./out/src/arch/x86/interupts/interupts.o
                                        0x2c0 (size before relaxing)
 .debug_str     0x00000000000003e6       0x26 ./out/src/arch/x86/interupts/control/apic.o
                                        0x158 (size before relaxing)
 .debug_str     0x000000000000040c       0x3f ./out/src/arch/x86/interupts/control/pic.o
                                        0x205 (size before relaxing)
 .debug_str     0x000000000000044b       0x3f ./out/src/arch/x86/dev/debug/serial.o
                                        0x213 (size before relaxing)
 .debug_str     0x000000000000048a       0x17 ./out/src/arch/x86/mem/mmu.o
                                        0x149 (size before relaxing)
 .debug_str     0x00000000000004a1      0x10c ./out/src/arch/x86/mem/kmem_bitmap.o
                                        0x2e2 (size before relaxing)
 .debug_str     0x00000000000005ad       0x1b ./out/src/arch/x86/mem/kmalloc.o
                                        0x14d (size before relaxing)
 .debug_str     0x00000000000005c8      0x132 ./out/src/arch/x86/mem/kmem_manager.o
                                        0x3ad (size before relaxing)
 .debug_str     0x00000000000006fa       0x7b ./out/src/arch/x86/multiboot.o
                                        0x2ea (size before relaxing)
 .debug_str     0x0000000000000775       0x8e ./out/src/arch/x86/kmain.o
                                        0x370 (size before relaxing)
 .debug_str     0x0000000000000803       0x31 ./out/libraries/libc/io.o
                                        0x211 (size before relaxing)
 .debug_str     0x0000000000000834       0xb7 ./out/libraries/libc/string.o
                                        0x29c (size before relaxing)

.comment        0x0000000000000000       0x12
 .comment       0x0000000000000000       0x12 ./out/src/arch/x86/interupts/gdt.o
                                         0x13 (size before relaxing)
 .comment       0x0000000000000012       0x13 ./out/src/arch/x86/interupts/idt.o
 .comment       0x0000000000000012       0x13 ./out/src/arch/x86/interupts/interupts.o
 .comment       0x0000000000000012       0x13 ./out/src/arch/x86/interupts/control/apic.o
 .comment       0x0000000000000012       0x13 ./out/src/arch/x86/interupts/control/pic.o
 .comment       0x0000000000000012       0x13 ./out/src/arch/x86/dev/debug/serial.o
 .comment       0x0000000000000012       0x13 ./out/src/arch/x86/mem/mmu.o
 .comment       0x0000000000000012       0x13 ./out/src/arch/x86/mem/kmem_bitmap.o
 .comment       0x0000000000000012       0x13 ./out/src/arch/x86/mem/kmalloc.o
 .comment       0x0000000000000012       0x13 ./out/src/arch/x86/mem/kmem_manager.o
 .comment       0x0000000000000012       0x13 ./out/src/arch/x86/multiboot.o
 .comment       0x0000000000000012       0x13 ./out/src/arch/x86/kmain.o
 .comment       0x0000000000000012       0x13 ./out/libraries/libc/io.o
 .comment       0x0000000000000012       0x13 ./out/libraries/libc/string.o

.debug_loc      0x0000000000000000     0x3bf2
 .debug_loc     0x0000000000000000      0x5ae ./out/src/arch/x86/interupts/idt.o
 .debug_loc     0x00000000000005ae      0x2ee ./out/src/arch/x86/interupts/interupts.o
 .debug_loc     0x000000000000089c       0x6a ./out/src/arch/x86/interupts/control/pic.o
 .debug_loc     0x0000000000000906      0x1e9 ./out/src/arch/x86/dev/debug/serial.o
 .debug_loc     0x0000000000000aef     0x1332 ./out/src/arch/x86/mem/kmem_bitmap.o
 .debug_loc     0x0000000000001e21      0x5d8 ./out/src/arch/x86/mem/kmem_manager.o
 .debug_loc     0x00000000000023f9      0x444 ./out/src/arch/x86/multiboot.o
 .debug_loc     0x000000000000283d       0xfb ./out/src/arch/x86/kmain.o
 .debug_loc     0x0000000000002938       0xac ./out/libraries/libc/io.o
 .debug_loc     0x00000000000029e4     0x120e ./out/libraries/libc/string.o
 .debug_loc     0x0000000000003bf2        0x0 ./out/src/arch/x86/asm/gdt.o
 .debug_loc     0x0000000000003bf2        0x0 ./out/src/arch/x86/asm/irq.o
 .debug_loc     0x0000000000003bf2        0x0 ./out/src/boot/multiboot.o

.debug_ranges   0x0000000000000000      0xa20
 .debug_ranges  0x0000000000000000      0x110 ./out/src/arch/x86/interupts/idt.o
 .debug_ranges  0x0000000000000110       0x30 ./out/src/arch/x86/interupts/interupts.o
 .debug_ranges  0x0000000000000140      0x100 ./out/src/arch/x86/dev/debug/serial.o
 .debug_ranges  0x0000000000000240      0x370 ./out/src/arch/x86/mem/kmem_bitmap.o
 .debug_ranges  0x00000000000005b0      0x150 ./out/src/arch/x86/mem/kmem_manager.o
 .debug_ranges  0x0000000000000700       0xc0 ./out/src/arch/x86/multiboot.o
 .debug_ranges  0x00000000000007c0       0x30 ./out/src/arch/x86/kmain.o
 .debug_ranges  0x00000000000007f0      0x230 ./out/libraries/libc/string.o

.debug_pubnames
                0x0000000000000000        0x0
 .debug_pubnames
                0x0000000000000000        0x0 ./out/src/arch/x86/asm/gdt.o
 .debug_pubnames
                0x0000000000000000        0x0 ./out/src/arch/x86/asm/irq.o
 .debug_pubnames
                0x0000000000000000        0x0 ./out/src/boot/multiboot.o

.debug_frame    0x0000000000000000        0x0
 .debug_frame   0x0000000000000000        0x0 ./out/src/arch/x86/asm/gdt.o
 .debug_frame   0x0000000000000000        0x0 ./out/src/arch/x86/asm/irq.o
 .debug_frame   0x0000000000000000        0x0 ./out/src/boot/multiboot.o
