
Memory Configuration

Name             Origin             Length             Attributes
*default*        0x0000000000000000 0xffffffffffffffff

Linker script and memory map

                0x0000000000100000                . = 0x100000
                0x0000000000100000                _kernel_start = .
                0xffffffff80000000                _kern_virtual_offset = 0xffffffff80000000

.multiboot_header
                0x0000000000100000       0x18
 *(.multiboot_header)
 .multiboot_header
                0x0000000000100000       0x18 ./out/src/boot/multiboot.o

.pre_text       0x0000000000100018       0xa8
 *(.pre_text)
 .pre_text      0x0000000000100018       0xa8 ./out/src/boot/multiboot.o
                0x0000000000100018                start
                0xffffffff801000c0                . = (. + _kern_virtual_offset)

.text           0xffffffff80101000     0x1d18 load address 0x0000000000101000
 *(.text*)
 .text          0xffffffff80101000       0x27 ./out/src/arch/x86/interupts/gdt.o
                0xffffffff80101000                setup_gdt
 *fill*         0xffffffff80101027        0x9 
 .text          0xffffffff80101030      0x181 ./out/src/arch/x86/interupts/idt.o
                0xffffffff80101030                populate_gate
                0xffffffff801010a0                setup_idt
                0xffffffff801011a0                handle_isr
                0xffffffff801011b0                handle_irq
 *fill*         0xffffffff801011b1        0xf 
 .text          0xffffffff801011c0      0x122 ./out/src/arch/x86/interupts/interupts.o
                0xffffffff801011c0                add_handler
                0xffffffff80101230                remove_handler
                0xffffffff80101250                interupt_handler
                0xffffffff801012d0                disable_interupts
                0xffffffff801012e0                enable_interupts
 .text          0xffffffff801012e2        0x0 ./out/src/arch/x86/interupts/control/apic.o
 *fill*         0xffffffff801012e2        0xe 
 .text          0xffffffff801012f0      0x14e ./out/src/arch/x86/interupts/control/pic.o
                0xffffffff801012f0                init_pic
                0xffffffff801013c0                disable_pic
                0xffffffff80101400                pic_eoi
 *fill*         0xffffffff8010143e        0x2 
 .text          0xffffffff80101440      0x305 ./out/src/arch/x86/dev/debug/serial.o
                0xffffffff80101440                init_serial
                0xffffffff801014b0                putch
                0xffffffff80101540                print
                0xffffffff801015f0                println
 *fill*         0xffffffff80101745        0xb 
 .text          0xffffffff80101750      0x4a6 ./out/src/arch/x86/mem/kmem_bitmap.o
                0xffffffff80101750                init_bitmap
                0xffffffff80101850                bm_find
                0xffffffff80101a80                bm_allocate
                0xffffffff80101b40                bm_mark_block_used
                0xffffffff80101ba0                bm_mark_block_free
                0xffffffff80101bb0                bm_is_in_range
                0xffffffff80101bc0                find_kernel_entries
                0xffffffff80101be0                bm_get_region
 *fill*         0xffffffff80101bf6        0xa 
 .text          0xffffffff80101c00       0x38 ./out/src/arch/x86/mem/virtual_range.o
                0xffffffff80101c00                new_vrange
                0xffffffff80101c10                vrange_contains
                0xffffffff80101c30                end
 *fill*         0xffffffff80101c38        0x8 
 .text          0xffffffff80101c40      0x143 ./out/src/arch/x86/mem/kmalloc.o
                0xffffffff80101c40                init_kmalloc
                0xffffffff80101c90                kmalloc
                0xffffffff80101d80                kfree
 .text          0xffffffff80101d83        0x0 ./out/src/arch/x86/mem/physical_page.o
 .text          0xffffffff80101d83        0x0 ./out/src/arch/x86/mem/page_dir.o
 *fill*         0xffffffff80101d83        0xd 
 .text          0xffffffff80101d90      0x52b ./out/src/arch/x86/mem/kmem_manager.o
                0xffffffff80101d90                prep_mmap
                0xffffffff80101dc0                init_kmem_manager
                0xffffffff80101dd0                init_mmap
                0xffffffff80101e80                get_bitmap_region
                0xffffffff80101f40                alloc_frame
                0xffffffff80101f90                phys_to_virt
                0xffffffff801021f0                get_vaddr
                0xffffffff80102260                clear_table
                0xffffffff80102290                ensure_address_in_higher_half
                0xffffffff801022b0                is_address_higher_half
 *fill*         0xffffffff801022bb        0x5 
 .text          0xffffffff801022c0      0x176 ./out/src/arch/x86/multiboot.o
                0xffffffff801022c0                mb_initialize
                0xffffffff801023c0                next_mb2_tag
                0xffffffff80102400                get_mb2_tag
 *fill*         0xffffffff80102436        0xa 
 .text          0xffffffff80102440      0x186 ./out/src/arch/x86/kmain.o
                0xffffffff80102440                thing
                0xffffffff80102470                _start
 *fill*         0xffffffff801025c6        0xa 
 .text.startup  0xffffffff801025d0       0x16 ./out/src/arch/x86/kmain.o
                0xffffffff801025d0                test
 *fill*         0xffffffff801025e6        0xa 
 .text          0xffffffff801025f0       0x5c ./out/libraries/libc/io.o
                0xffffffff801025f0                in8
                0xffffffff80102600                in16
                0xffffffff80102610                out8
                0xffffffff80102620                out16
                0xffffffff80102630                delay
 *fill*         0xffffffff8010264c        0x4 
 .text          0xffffffff80102650      0x49a ./out/libraries/libc/string.o
                0xffffffff80102650                strlen
                0xffffffff80102680                strcmp
                0xffffffff801026c0                strcpy
                0xffffffff801026f0                memcpy
                0xffffffff80102700                memcmp
                0xffffffff80102730                memset
                0xffffffff80102740                memchr
                0xffffffff80102770                string_from_dec
                0xffffffff80102a60                string_from_hex
 *fill*         0xffffffff80102aea        0x6 
 .text          0xffffffff80102af0       0x17 ./out/src/arch/x86/asm/gdt.o
                0xffffffff80102af0                load_gdt
                0xffffffff80102af6                gdt_flush
 *fill*         0xffffffff80102b07        0x9 
 .text          0xffffffff80102b10      0x1cd ./out/src/arch/x86/asm/irq.o
                0xffffffff80102b10                flush_idt
                0xffffffff80102b55                _isr0
                0xffffffff80102b5b                _isr1
                0xffffffff80102b61                _isr2
                0xffffffff80102b67                _isr3
                0xffffffff80102b6d                _isr4
                0xffffffff80102b73                _isr5
                0xffffffff80102b79                _isr6
                0xffffffff80102b7f                _isr7
                0xffffffff80102b85                _isr8
                0xffffffff80102b89                _isr9
                0xffffffff80102b8f                _isr10
                0xffffffff80102b93                _isr11
                0xffffffff80102b9a                _isr12
                0xffffffff80102ba1                _isr13
                0xffffffff80102ba8                _isr14
                0xffffffff80102baf                _isr15
                0xffffffff80102bb8                _isr16
                0xffffffff80102bc1                _isr17
                0xffffffff80102bc8                _isr18
                0xffffffff80102bd1                _isr19
                0xffffffff80102bda                _isr20
                0xffffffff80102be3                _isr21
                0xffffffff80102bec                _isr22
                0xffffffff80102bf5                _isr23
                0xffffffff80102bfe                _isr24
                0xffffffff80102c07                _isr25
                0xffffffff80102c10                _isr26
                0xffffffff80102c19                _isr27
                0xffffffff80102c22                _isr28
                0xffffffff80102c2b                _isr29
                0xffffffff80102c34                _isr30
                0xffffffff80102c3b                _isr31
                0xffffffff80102c44                _isr32
                0xffffffff80102c4d                _isr33
                0xffffffff80102c56                _isr34
                0xffffffff80102c5f                _isr35
                0xffffffff80102c68                _isr36
                0xffffffff80102c71                _isr37
                0xffffffff80102c7a                _isr38
                0xffffffff80102c83                _isr39
                0xffffffff80102c8c                _isr40
                0xffffffff80102c95                _isr41
                0xffffffff80102c9e                _isr42
                0xffffffff80102ca7                _isr43
                0xffffffff80102cb0                _isr44
                0xffffffff80102cb9                _isr45
                0xffffffff80102cc2                _isr46
                0xffffffff80102ccb                _isr47
                0xffffffff80102cd4                _isr50
 *fill*         0xffffffff80102cdd        0x3 
 .text          0xffffffff80102ce0       0x38 ./out/src/boot/multiboot.o

.iplt           0xffffffff80102d18        0x0 load address 0x0000000000102d18
 .iplt          0xffffffff80102d18        0x0 ./out/src/arch/x86/interupts/gdt.o

.rodata         0xffffffff80103000      0x67c load address 0x0000000000103000
                0xffffffff80103000                start_ctors = .
 *(.ctors)
 .ctors         0xffffffff80103000        0x8 ./out/src/arch/x86/kmain.o
 *(.init_array)
                0xffffffff80103008                end_ctors = .
 *(.rodata*)
 .rodata.str1.1
                0xffffffff80103008        0xa ./out/src/arch/x86/interupts/idt.o
 *fill*         0xffffffff80103012        0xe 
 .rodata        0xffffffff80103020      0x400 ./out/src/arch/x86/interupts/idt.o
 .rodata.str1.1
                0xffffffff80103420       0x2d ./out/src/arch/x86/interupts/interupts.o
 .rodata.str1.1
                0xffffffff8010344d       0x10 ./out/src/arch/x86/interupts/control/pic.o
 .rodata.str1.1
                0xffffffff8010345d       0x9e ./out/src/arch/x86/mem/kmem_bitmap.o
 *fill*         0xffffffff801034fb        0x5 
 .rodata.str1.8
                0xffffffff80103500       0x54 ./out/src/arch/x86/mem/kmem_bitmap.o
 .rodata.str1.1
                0xffffffff80103554       0x14 ./out/src/arch/x86/mem/kmalloc.o
                                         0x1a (size before relaxing)
 .rodata.str1.1
                0xffffffff80103568       0x49 ./out/src/arch/x86/mem/kmem_manager.o
 *fill*         0xffffffff801035b1        0x7 
 .rodata.str1.8
                0xffffffff801035b8       0x22 ./out/src/arch/x86/mem/kmem_manager.o
 .rodata.str1.1
                0xffffffff801035da       0x1c ./out/src/arch/x86/multiboot.o
 .rodata.str1.1
                0xffffffff801035f6       0x45 ./out/src/arch/x86/kmain.o
                                         0x4d (size before relaxing)
 *fill*         0xffffffff8010363b        0x5 
 .rodata.cst16  0xffffffff80103640       0x10 ./out/libraries/libc/string.o
 .rodata        0xffffffff80103650       0x2c ./out/src/boot/multiboot.o

.eh_frame       0xffffffff80103680      0x790 load address 0x0000000000103680
 .eh_frame      0xffffffff80103680       0x30 ./out/src/arch/x86/interupts/gdt.o
 .eh_frame      0xffffffff801036b0       0x70 ./out/src/arch/x86/interupts/idt.o
                                         0x88 (size before relaxing)
 .eh_frame      0xffffffff80103720       0xa8 ./out/src/arch/x86/interupts/interupts.o
                                         0xc0 (size before relaxing)
 .eh_frame      0xffffffff801037c8       0x70 ./out/src/arch/x86/interupts/control/pic.o
                                         0x88 (size before relaxing)
 .eh_frame      0xffffffff80103838       0xd8 ./out/src/arch/x86/dev/debug/serial.o
                                         0xf0 (size before relaxing)
 .eh_frame      0xffffffff80103910      0x120 ./out/src/arch/x86/mem/kmem_bitmap.o
                                        0x138 (size before relaxing)
 .eh_frame      0xffffffff80103a30       0x40 ./out/src/arch/x86/mem/virtual_range.o
                                         0x58 (size before relaxing)
 .eh_frame      0xffffffff80103a70       0x68 ./out/src/arch/x86/mem/kmalloc.o
                                         0x80 (size before relaxing)
 .eh_frame      0xffffffff80103ad8      0x150 ./out/src/arch/x86/mem/kmem_manager.o
                                        0x168 (size before relaxing)
 .eh_frame      0xffffffff80103c28       0x50 ./out/src/arch/x86/multiboot.o
                                         0x68 (size before relaxing)
 .eh_frame      0xffffffff80103c78       0x60 ./out/src/arch/x86/kmain.o
                                         0x78 (size before relaxing)
 .eh_frame      0xffffffff80103cd8       0x68 ./out/libraries/libc/io.o
                                         0x80 (size before relaxing)
 .eh_frame      0xffffffff80103d40       0xd0 ./out/libraries/libc/string.o
                                         0xe8 (size before relaxing)

.rela.dyn       0xffffffff80103e10        0x0 load address 0x0000000000103e10
 .rela.got      0xffffffff80103e10        0x0 ./out/src/arch/x86/interupts/gdt.o
 .rela.iplt     0xffffffff80103e10        0x0 ./out/src/arch/x86/interupts/gdt.o
 .rela.text     0xffffffff80103e10        0x0 ./out/src/arch/x86/interupts/gdt.o

.data           0xffffffff80104000       0x3a load address 0x0000000000104000
 *(.data*)
 .data          0xffffffff80104000       0x3a ./out/src/arch/x86/interupts/gdt.o
 .data          0xffffffff8010403a        0x0 ./out/src/arch/x86/interupts/idt.o
 .data          0xffffffff8010403a        0x0 ./out/src/arch/x86/interupts/interupts.o
 .data          0xffffffff8010403a        0x0 ./out/src/arch/x86/interupts/control/apic.o
 .data          0xffffffff8010403a        0x0 ./out/src/arch/x86/interupts/control/pic.o
 .data          0xffffffff8010403a        0x0 ./out/src/arch/x86/dev/debug/serial.o
 .data          0xffffffff8010403a        0x0 ./out/src/arch/x86/mem/kmem_bitmap.o
 .data          0xffffffff8010403a        0x0 ./out/src/arch/x86/mem/virtual_range.o
 .data          0xffffffff8010403a        0x0 ./out/src/arch/x86/mem/kmalloc.o
 .data          0xffffffff8010403a        0x0 ./out/src/arch/x86/mem/physical_page.o
 .data          0xffffffff8010403a        0x0 ./out/src/arch/x86/mem/page_dir.o
 .data          0xffffffff8010403a        0x0 ./out/src/arch/x86/mem/kmem_manager.o
 .data          0xffffffff8010403a        0x0 ./out/src/arch/x86/multiboot.o
 .data          0xffffffff8010403a        0x0 ./out/src/arch/x86/kmain.o
 .data          0xffffffff8010403a        0x0 ./out/libraries/libc/io.o
 .data          0xffffffff8010403a        0x0 ./out/libraries/libc/string.o

.got            0xffffffff80104040        0x0 load address 0x0000000000104040
 .got           0xffffffff80104040        0x0 ./out/src/arch/x86/interupts/gdt.o

.got.plt        0xffffffff80104040        0x0 load address 0x0000000000104040
 .got.plt       0xffffffff80104040        0x0 ./out/src/arch/x86/interupts/gdt.o

.igot.plt       0xffffffff80104040        0x0 load address 0x0000000000104040
 .igot.plt      0xffffffff80104040        0x0 ./out/src/arch/x86/interupts/gdt.o

.bss            0xffffffff80105000     0xb000 load address 0x0000000000105000
 *(COMMON)
 *(.bss*)
 .bss           0xffffffff80105000        0x0 ./out/src/arch/x86/interupts/gdt.o
 .bss           0xffffffff80105000     0x180a ./out/src/arch/x86/interupts/idt.o
                0xffffffff80105000                idt_entries
                0xffffffff80106800                idt_ptr
 *fill*         0xffffffff8010680a       0x16 
 .bss           0xffffffff80106820       0x80 ./out/src/arch/x86/interupts/interupts.o
 .bss           0xffffffff801068a0        0x0 ./out/src/arch/x86/interupts/control/apic.o
 .bss           0xffffffff801068a0        0x0 ./out/src/arch/x86/interupts/control/pic.o
 .bss           0xffffffff801068a0        0x4 ./out/src/arch/x86/dev/debug/serial.o
 .bss           0xffffffff801068a4        0x0 ./out/src/arch/x86/mem/kmem_bitmap.o
 .bss           0xffffffff801068a4        0x0 ./out/src/arch/x86/mem/virtual_range.o
 *fill*         0xffffffff801068a4        0xc 
 .bss           0xffffffff801068b0       0x28 ./out/src/arch/x86/mem/kmalloc.o
 .bss           0xffffffff801068d8        0x0 ./out/src/arch/x86/mem/physical_page.o
 .bss           0xffffffff801068d8        0x0 ./out/src/arch/x86/mem/page_dir.o
 *fill*         0xffffffff801068d8        0x8 
 .bss           0xffffffff801068e0       0x48 ./out/src/arch/x86/mem/kmem_manager.o
 .bss           0xffffffff80106928        0x8 ./out/src/arch/x86/multiboot.o
 .bss           0xffffffff80106930        0x0 ./out/src/arch/x86/kmain.o
 .bss           0xffffffff80106930        0x0 ./out/libraries/libc/io.o
 .bss           0xffffffff80106930        0x0 ./out/libraries/libc/string.o
 *fill*         0xffffffff80106930      0x6d0 
 .bss           0xffffffff80107000     0x8009 ./out/src/boot/multiboot.o
                0xffffffff80107000                boot_pml4t
                0xffffffff80108000                boot_pdpt
                0xffffffff80109000                boot_pdt
                0xffffffff8010a000                boot_pt
                0xffffffff8010b000                end_of_mapped_memory
                0xffffffff8010f009                stack_top
                0xffffffff80110000                . = ALIGN (0x1000)
 *fill*         0xffffffff8010f009      0xff7 
 *(.heap)
                0xffffffff80110000                _kernel_end = .
                0x0000000000110000                _kernel_physical_end = (. - _kern_virtual_offset)
LOAD ./out/src/arch/x86/interupts/gdt.o
LOAD ./out/src/arch/x86/interupts/idt.o
LOAD ./out/src/arch/x86/interupts/interupts.o
LOAD ./out/src/arch/x86/interupts/control/apic.o
LOAD ./out/src/arch/x86/interupts/control/pic.o
LOAD ./out/src/arch/x86/dev/debug/serial.o
LOAD ./out/src/arch/x86/mem/kmem_bitmap.o
LOAD ./out/src/arch/x86/mem/virtual_range.o
LOAD ./out/src/arch/x86/mem/kmalloc.o
LOAD ./out/src/arch/x86/mem/physical_page.o
LOAD ./out/src/arch/x86/mem/page_dir.o
LOAD ./out/src/arch/x86/mem/kmem_manager.o
LOAD ./out/src/arch/x86/multiboot.o
LOAD ./out/src/arch/x86/kmain.o
LOAD ./out/libraries/libc/io.o
LOAD ./out/libraries/libc/string.o
LOAD ./out/src/arch/x86/asm/gdt.o
LOAD ./out/src/arch/x86/asm/irq.o
LOAD ./out/src/boot/multiboot.o
OUTPUT(lightos.elf elf64-x86-64)

.debug_info     0x0000000000000000     0x3e03
 .debug_info    0x0000000000000000      0x1e4 ./out/src/arch/x86/interupts/gdt.o
 .debug_info    0x00000000000001e4      0x612 ./out/src/arch/x86/interupts/idt.o
 .debug_info    0x00000000000007f6      0x41b ./out/src/arch/x86/interupts/interupts.o
 .debug_info    0x0000000000000c11      0x2ba ./out/src/arch/x86/interupts/control/pic.o
 .debug_info    0x0000000000000ecb      0x438 ./out/src/arch/x86/dev/debug/serial.o
 .debug_info    0x0000000000001303      0x93f ./out/src/arch/x86/mem/kmem_bitmap.o
 .debug_info    0x0000000000001c42      0x1bc ./out/src/arch/x86/mem/virtual_range.o
 .debug_info    0x0000000000001dfe      0x3b7 ./out/src/arch/x86/mem/kmalloc.o
 .debug_info    0x00000000000021b5      0x974 ./out/src/arch/x86/mem/kmem_manager.o
 .debug_info    0x0000000000002b29      0x448 ./out/src/arch/x86/multiboot.o
 .debug_info    0x0000000000002f71      0x69c ./out/src/arch/x86/kmain.o
 .debug_info    0x000000000000360d      0x23a ./out/libraries/libc/io.o
 .debug_info    0x0000000000003847      0x4b0 ./out/libraries/libc/string.o
 .debug_info    0x0000000000003cf7       0x5a ./out/src/arch/x86/asm/gdt.o
 .debug_info    0x0000000000003d51       0x5a ./out/src/arch/x86/asm/irq.o
 .debug_info    0x0000000000003dab       0x58 ./out/src/boot/multiboot.o

.debug_abbrev   0x0000000000000000     0x149b
 .debug_abbrev  0x0000000000000000       0xd4 ./out/src/arch/x86/interupts/gdt.o
 .debug_abbrev  0x00000000000000d4      0x1fd ./out/src/arch/x86/interupts/idt.o
 .debug_abbrev  0x00000000000002d1      0x1fa ./out/src/arch/x86/interupts/interupts.o
 .debug_abbrev  0x00000000000004cb       0xd8 ./out/src/arch/x86/interupts/control/pic.o
 .debug_abbrev  0x00000000000005a3      0x185 ./out/src/arch/x86/dev/debug/serial.o
 .debug_abbrev  0x0000000000000728      0x246 ./out/src/arch/x86/mem/kmem_bitmap.o
 .debug_abbrev  0x000000000000096e       0xf4 ./out/src/arch/x86/mem/virtual_range.o
 .debug_abbrev  0x0000000000000a62      0x1bf ./out/src/arch/x86/mem/kmalloc.o
 .debug_abbrev  0x0000000000000c21      0x256 ./out/src/arch/x86/mem/kmem_manager.o
 .debug_abbrev  0x0000000000000e77      0x1cf ./out/src/arch/x86/multiboot.o
 .debug_abbrev  0x0000000000001046      0x1b4 ./out/src/arch/x86/kmain.o
 .debug_abbrev  0x00000000000011fa      0x138 ./out/libraries/libc/io.o
 .debug_abbrev  0x0000000000001332      0x118 ./out/libraries/libc/string.o
 .debug_abbrev  0x000000000000144a       0x1b ./out/src/arch/x86/asm/gdt.o
 .debug_abbrev  0x0000000000001465       0x1b ./out/src/arch/x86/asm/irq.o
 .debug_abbrev  0x0000000000001480       0x1b ./out/src/boot/multiboot.o

.debug_aranges  0x0000000000000000      0x310
 .debug_aranges
                0x0000000000000000       0x30 ./out/src/arch/x86/interupts/gdt.o
 .debug_aranges
                0x0000000000000030       0x30 ./out/src/arch/x86/interupts/idt.o
 .debug_aranges
                0x0000000000000060       0x30 ./out/src/arch/x86/interupts/interupts.o
 .debug_aranges
                0x0000000000000090       0x30 ./out/src/arch/x86/interupts/control/pic.o
 .debug_aranges
                0x00000000000000c0       0x30 ./out/src/arch/x86/dev/debug/serial.o
 .debug_aranges
                0x00000000000000f0       0x30 ./out/src/arch/x86/mem/kmem_bitmap.o
 .debug_aranges
                0x0000000000000120       0x30 ./out/src/arch/x86/mem/virtual_range.o
 .debug_aranges
                0x0000000000000150       0x30 ./out/src/arch/x86/mem/kmalloc.o
 .debug_aranges
                0x0000000000000180       0x30 ./out/src/arch/x86/mem/kmem_manager.o
 .debug_aranges
                0x00000000000001b0       0x30 ./out/src/arch/x86/multiboot.o
 .debug_aranges
                0x00000000000001e0       0x40 ./out/src/arch/x86/kmain.o
 .debug_aranges
                0x0000000000000220       0x30 ./out/libraries/libc/io.o
 .debug_aranges
                0x0000000000000250       0x30 ./out/libraries/libc/string.o
 .debug_aranges
                0x0000000000000280       0x30 ./out/src/arch/x86/asm/gdt.o
 .debug_aranges
                0x00000000000002b0       0x30 ./out/src/arch/x86/asm/irq.o
 .debug_aranges
                0x00000000000002e0       0x30 ./out/src/boot/multiboot.o

.debug_line     0x0000000000000000     0x215d
 .debug_line    0x0000000000000000       0x92 ./out/src/arch/x86/interupts/gdt.o
 .debug_line    0x0000000000000092      0x227 ./out/src/arch/x86/interupts/idt.o
 .debug_line    0x00000000000002b9      0x1b1 ./out/src/arch/x86/interupts/interupts.o
 .debug_line    0x000000000000046a        0x0 ./out/src/arch/x86/interupts/control/apic.o
 .debug_line    0x000000000000046a      0x154 ./out/src/arch/x86/interupts/control/pic.o
 .debug_line    0x00000000000005be      0x1e8 ./out/src/arch/x86/dev/debug/serial.o
 .debug_line    0x00000000000007a6      0x50c ./out/src/arch/x86/mem/kmem_bitmap.o
 .debug_line    0x0000000000000cb2       0xb8 ./out/src/arch/x86/mem/virtual_range.o
 .debug_line    0x0000000000000d6a      0x1a9 ./out/src/arch/x86/mem/kmalloc.o
 .debug_line    0x0000000000000f13        0x0 ./out/src/arch/x86/mem/physical_page.o
 .debug_line    0x0000000000000f13        0x0 ./out/src/arch/x86/mem/page_dir.o
 .debug_line    0x0000000000000f13      0x4a8 ./out/src/arch/x86/mem/kmem_manager.o
 .debug_line    0x00000000000013bb      0x261 ./out/src/arch/x86/multiboot.o
 .debug_line    0x000000000000161c      0x250 ./out/src/arch/x86/kmain.o
 .debug_line    0x000000000000186c       0xbf ./out/libraries/libc/io.o
 .debug_line    0x000000000000192b      0x662 ./out/libraries/libc/string.o
 .debug_line    0x0000000000001f8d       0x54 ./out/src/arch/x86/asm/gdt.o
 .debug_line    0x0000000000001fe1      0x126 ./out/src/arch/x86/asm/irq.o
 .debug_line    0x0000000000002107       0x56 ./out/src/boot/multiboot.o

.debug_str      0x0000000000000000      0xbfe
 .debug_str     0x0000000000000000      0x23f ./out/src/arch/x86/interupts/gdt.o
                                        0x284 (size before relaxing)
 .debug_str     0x000000000000023f       0xd7 ./out/src/arch/x86/interupts/idt.o
                                        0x2dd (size before relaxing)
 .debug_str     0x0000000000000316       0xc9 ./out/src/arch/x86/interupts/interupts.o
                                        0x2bf (size before relaxing)
 .debug_str     0x00000000000003df       0x26 ./out/src/arch/x86/interupts/control/apic.o
                                        0x157 (size before relaxing)
 .debug_str     0x0000000000000405       0x3f ./out/src/arch/x86/interupts/control/pic.o
                                        0x204 (size before relaxing)
 .debug_str     0x0000000000000444       0x3f ./out/src/arch/x86/dev/debug/serial.o
                                        0x212 (size before relaxing)
 .debug_str     0x0000000000000483      0x220 ./out/src/arch/x86/mem/kmem_bitmap.o
                                        0x447 (size before relaxing)
 .debug_str     0x00000000000006a3       0x5a ./out/src/arch/x86/mem/virtual_range.o
                                        0x233 (size before relaxing)
 .debug_str     0x00000000000006fd       0xef ./out/src/arch/x86/mem/kmalloc.o
                                        0x362 (size before relaxing)
 .debug_str     0x00000000000007ec       0x21 ./out/src/arch/x86/mem/physical_page.o
                                        0x152 (size before relaxing)
 .debug_str     0x000000000000080d       0x1c ./out/src/arch/x86/mem/page_dir.o
                                        0x14d (size before relaxing)
 .debug_str     0x0000000000000829      0x1d4 ./out/src/arch/x86/mem/kmem_manager.o
                                        0x50c (size before relaxing)
 .debug_str     0x00000000000009fd       0x74 ./out/src/arch/x86/multiboot.o
                                        0x2e9 (size before relaxing)
 .debug_str     0x0000000000000a71       0x98 ./out/src/arch/x86/kmain.o
                                        0x3cb (size before relaxing)
 .debug_str     0x0000000000000b09       0x37 ./out/libraries/libc/io.o
                                        0x210 (size before relaxing)
 .debug_str     0x0000000000000b40       0xbe ./out/libraries/libc/string.o
                                        0x29b (size before relaxing)

.comment        0x0000000000000000       0x12
 .comment       0x0000000000000000       0x12 ./out/src/arch/x86/interupts/gdt.o
                                         0x13 (size before relaxing)
 .comment       0x0000000000000012       0x13 ./out/src/arch/x86/interupts/idt.o
 .comment       0x0000000000000012       0x13 ./out/src/arch/x86/interupts/interupts.o
 .comment       0x0000000000000012       0x13 ./out/src/arch/x86/interupts/control/apic.o
 .comment       0x0000000000000012       0x13 ./out/src/arch/x86/interupts/control/pic.o
 .comment       0x0000000000000012       0x13 ./out/src/arch/x86/dev/debug/serial.o
 .comment       0x0000000000000012       0x13 ./out/src/arch/x86/mem/kmem_bitmap.o
 .comment       0x0000000000000012       0x13 ./out/src/arch/x86/mem/virtual_range.o
 .comment       0x0000000000000012       0x13 ./out/src/arch/x86/mem/kmalloc.o
 .comment       0x0000000000000012       0x13 ./out/src/arch/x86/mem/physical_page.o
 .comment       0x0000000000000012       0x13 ./out/src/arch/x86/mem/page_dir.o
 .comment       0x0000000000000012       0x13 ./out/src/arch/x86/mem/kmem_manager.o
 .comment       0x0000000000000012       0x13 ./out/src/arch/x86/multiboot.o
 .comment       0x0000000000000012       0x13 ./out/src/arch/x86/kmain.o
 .comment       0x0000000000000012       0x13 ./out/libraries/libc/io.o
 .comment       0x0000000000000012       0x13 ./out/libraries/libc/string.o

.debug_loc      0x0000000000000000     0x4070
 .debug_loc     0x0000000000000000      0x5a8 ./out/src/arch/x86/interupts/idt.o
 .debug_loc     0x00000000000005a8      0x34d ./out/src/arch/x86/interupts/interupts.o
 .debug_loc     0x00000000000008f5       0x6a ./out/src/arch/x86/interupts/control/pic.o
 .debug_loc     0x000000000000095f      0x1e9 ./out/src/arch/x86/dev/debug/serial.o
 .debug_loc     0x0000000000000b48      0xe16 ./out/src/arch/x86/mem/kmem_bitmap.o
 .debug_loc     0x000000000000195e       0x25 ./out/src/arch/x86/mem/virtual_range.o
 .debug_loc     0x0000000000001983      0x327 ./out/src/arch/x86/mem/kmalloc.o
 .debug_loc     0x0000000000001caa      0xad4 ./out/src/arch/x86/mem/kmem_manager.o
 .debug_loc     0x000000000000277e      0x477 ./out/src/arch/x86/multiboot.o
 .debug_loc     0x0000000000002bf5      0x1c1 ./out/src/arch/x86/kmain.o
 .debug_loc     0x0000000000002db6       0xac ./out/libraries/libc/io.o
 .debug_loc     0x0000000000002e62     0x120e ./out/libraries/libc/string.o
 .debug_loc     0x0000000000004070        0x0 ./out/src/arch/x86/asm/gdt.o
 .debug_loc     0x0000000000004070        0x0 ./out/src/arch/x86/asm/irq.o
 .debug_loc     0x0000000000004070        0x0 ./out/src/boot/multiboot.o

.debug_ranges   0x0000000000000000      0x980
 .debug_ranges  0x0000000000000000      0x110 ./out/src/arch/x86/interupts/idt.o
 .debug_ranges  0x0000000000000110       0x30 ./out/src/arch/x86/interupts/interupts.o
 .debug_ranges  0x0000000000000140       0xf0 ./out/src/arch/x86/dev/debug/serial.o
 .debug_ranges  0x0000000000000230      0x270 ./out/src/arch/x86/mem/kmem_bitmap.o
 .debug_ranges  0x00000000000004a0       0x40 ./out/src/arch/x86/mem/kmalloc.o
 .debug_ranges  0x00000000000004e0      0x130 ./out/src/arch/x86/mem/kmem_manager.o
 .debug_ranges  0x0000000000000610       0xd0 ./out/src/arch/x86/multiboot.o
 .debug_ranges  0x00000000000006e0       0x70 ./out/src/arch/x86/kmain.o
 .debug_ranges  0x0000000000000750      0x230 ./out/libraries/libc/string.o

.debug_pubnames
                0x0000000000000000        0x0
 .debug_pubnames
                0x0000000000000000        0x0 ./out/src/arch/x86/asm/gdt.o
 .debug_pubnames
                0x0000000000000000        0x0 ./out/src/arch/x86/asm/irq.o
 .debug_pubnames
                0x0000000000000000        0x0 ./out/src/boot/multiboot.o

.debug_frame    0x0000000000000000        0x0
 .debug_frame   0x0000000000000000        0x0 ./out/src/arch/x86/asm/gdt.o
 .debug_frame   0x0000000000000000        0x0 ./out/src/arch/x86/asm/irq.o
 .debug_frame   0x0000000000000000        0x0 ./out/src/boot/multiboot.o
