
Memory Configuration

Name             Origin             Length             Attributes
*default*        0x0000000000000000 0xffffffffffffffff

Linker script and memory map

                0x0000000000100000                . = 0x100000
                0x0000000000100000                _kernel_start = .
                0xffffffff80000000                _kern_virtual_offset = 0xffffffff80000000

.multiboot_header
                0x0000000000100000       0x18
 *(.multiboot_header)
 .multiboot_header
                0x0000000000100000       0x18 ./out/src/boot/multiboot.o

.pre_text       0x0000000000100018       0xa8
 *(.pre_text)
 .pre_text      0x0000000000100018       0xa8 ./out/src/boot/multiboot.o
                0x0000000000100018                start
                0xffffffff801000c0                . = (. + _kern_virtual_offset)

.text           0xffffffff80101000     0x1668 load address 0x0000000000101000
 *(.text*)
 .text          0xffffffff80101000       0x23 ./out/src/arch/x86/interupts/gdt.o
                0xffffffff80101000                setup_gdt
 *fill*         0xffffffff80101023        0xd 
 .text          0xffffffff80101030      0x151 ./out/src/arch/x86/interupts/idt.o
                0xffffffff80101030                populate_gate
                0xffffffff801010a0                setup_idt
                0xffffffff80101170                handle_isr
                0xffffffff80101180                handle_irq
 *fill*         0xffffffff80101181        0xf 
 .text          0xffffffff80101190       0xf2 ./out/src/arch/x86/interupts/interupts.o
                0xffffffff80101190                add_handler
                0xffffffff801011e0                remove_handler
                0xffffffff80101200                interupt_handler
                0xffffffff80101270                disable_interupts
                0xffffffff80101280                enable_interupts
 .text          0xffffffff80101282        0x0 ./out/src/arch/x86/interupts/control/apic.o
 *fill*         0xffffffff80101282        0xe 
 .text          0xffffffff80101290      0x13b ./out/src/arch/x86/interupts/control/pic.o
                0xffffffff80101290                init_pic
                0xffffffff80101360                disable_pic
                0xffffffff80101390                pic_eoi
 *fill*         0xffffffff801013cb        0x5 
 .text          0xffffffff801013d0      0x25f ./out/src/arch/x86/dev/debug/serial.o
                0xffffffff801013d0                init_serial
                0xffffffff80101440                putch
                0xffffffff801014b0                print
                0xffffffff80101530                println
 .text          0xffffffff8010162f        0x0 ./out/src/arch/x86/mem/mmu.o
 *fill*         0xffffffff8010162f        0x1 
 .text          0xffffffff80101630      0x556 ./out/src/arch/x86/mem/kmem_bitmap.o
                0xffffffff80101630                init_bitmap
                0xffffffff801017e0                bm_get
                0xffffffff80101820                bm_set
                0xffffffff80101880                bm_find
                0xffffffff80101920                bm_allocate
                0xffffffff801019e0                bm_mark_block_used
                0xffffffff80101ac0                bm_mark_block_free
                0xffffffff80101b40                bm_is_in_range
                0xffffffff80101b50                find_kernel_entries
                0xffffffff80101b70                bm_get_region
 .text          0xffffffff80101b86        0x0 ./out/src/arch/x86/mem/kmalloc.o
 *fill*         0xffffffff80101b86        0xa 
 .text          0xffffffff80101b90      0x113 ./out/src/arch/x86/mem/kmem_manager.o
                0xffffffff80101b90                prep_mmap
                0xffffffff80101bc0                init_kmem_manager
                0xffffffff80101c00                init_mmap
                0xffffffff80101c10                get_bitmap_region
 *fill*         0xffffffff80101ca3        0xd 
 .text          0xffffffff80101cb0      0x166 ./out/src/arch/x86/multiboot.o
                0xffffffff80101cb0                mb_initialize
                0xffffffff80101da0                next_mb2_tag
                0xffffffff80101de0                get_mb2_tag
 *fill*         0xffffffff80101e16        0xa 
 .text          0xffffffff80101e20      0x118 ./out/src/arch/x86/kmain.o
                0xffffffff80101e20                thing
                0xffffffff80101e40                _start
 *fill*         0xffffffff80101f38        0x8 
 .text.startup  0xffffffff80101f40        0xc ./out/src/arch/x86/kmain.o
                0xffffffff80101f40                test
 *fill*         0xffffffff80101f4c        0x4 
 .text          0xffffffff80101f50       0x5c ./out/libraries/libc/io.o
                0xffffffff80101f50                in8
                0xffffffff80101f60                in16
                0xffffffff80101f70                out8
                0xffffffff80101f80                out16
                0xffffffff80101f90                delay
 *fill*         0xffffffff80101fac        0x4 
 .text          0xffffffff80101fb0      0x48a ./out/libraries/libc/string.o
                0xffffffff80101fb0                strlen
                0xffffffff80101fe0                strcmp
                0xffffffff80102020                strcpy
                0xffffffff80102050                memcpy
                0xffffffff80102060                memcmp
                0xffffffff80102090                memset
                0xffffffff801020a0                memchr
                0xffffffff801020d0                string_from_dec
                0xffffffff801023b0                string_from_hex
 *fill*         0xffffffff8010243a        0x6 
 .text          0xffffffff80102440       0x17 ./out/src/arch/x86/asm/gdt.o
                0xffffffff80102440                load_gdt
                0xffffffff80102446                gdt_flush
 *fill*         0xffffffff80102457        0x9 
 .text          0xffffffff80102460      0x1cd ./out/src/arch/x86/asm/irq.o
                0xffffffff80102460                flush_idt
                0xffffffff801024a5                _isr0
                0xffffffff801024ab                _isr1
                0xffffffff801024b1                _isr2
                0xffffffff801024b7                _isr3
                0xffffffff801024bd                _isr4
                0xffffffff801024c3                _isr5
                0xffffffff801024c9                _isr6
                0xffffffff801024cf                _isr7
                0xffffffff801024d5                _isr8
                0xffffffff801024d9                _isr9
                0xffffffff801024df                _isr10
                0xffffffff801024e3                _isr11
                0xffffffff801024ea                _isr12
                0xffffffff801024f1                _isr13
                0xffffffff801024f8                _isr14
                0xffffffff801024ff                _isr15
                0xffffffff80102508                _isr16
                0xffffffff80102511                _isr17
                0xffffffff80102518                _isr18
                0xffffffff80102521                _isr19
                0xffffffff8010252a                _isr20
                0xffffffff80102533                _isr21
                0xffffffff8010253c                _isr22
                0xffffffff80102545                _isr23
                0xffffffff8010254e                _isr24
                0xffffffff80102557                _isr25
                0xffffffff80102560                _isr26
                0xffffffff80102569                _isr27
                0xffffffff80102572                _isr28
                0xffffffff8010257b                _isr29
                0xffffffff80102584                _isr30
                0xffffffff8010258b                _isr31
                0xffffffff80102594                _isr32
                0xffffffff8010259d                _isr33
                0xffffffff801025a6                _isr34
                0xffffffff801025af                _isr35
                0xffffffff801025b8                _isr36
                0xffffffff801025c1                _isr37
                0xffffffff801025ca                _isr38
                0xffffffff801025d3                _isr39
                0xffffffff801025dc                _isr40
                0xffffffff801025e5                _isr41
                0xffffffff801025ee                _isr42
                0xffffffff801025f7                _isr43
                0xffffffff80102600                _isr44
                0xffffffff80102609                _isr45
                0xffffffff80102612                _isr46
                0xffffffff8010261b                _isr47
                0xffffffff80102624                _isr50
 *fill*         0xffffffff8010262d        0x3 
 .text          0xffffffff80102630       0x38 ./out/src/boot/multiboot.o

.iplt           0xffffffff80102668        0x0 load address 0x0000000000102668
 .iplt          0xffffffff80102668        0x0 ./out/src/arch/x86/interupts/gdt.o

.rodata         0xffffffff80103000      0x6dc load address 0x0000000000103000
                0xffffffff80103000                start_ctors = .
 *(.ctors)
 .ctors         0xffffffff80103000        0x8 ./out/src/arch/x86/kmain.o
 *(.init_array)
                0xffffffff80103008                end_ctors = .
 *(.rodata*)
 .rodata.str1.1
                0xffffffff80103008        0xa ./out/src/arch/x86/interupts/idt.o
 *fill*         0xffffffff80103012        0xe 
 .rodata        0xffffffff80103020      0x400 ./out/src/arch/x86/interupts/idt.o
 .rodata.str1.1
                0xffffffff80103420       0x2d ./out/src/arch/x86/interupts/interupts.o
 .rodata.str1.1
                0xffffffff8010344d       0x10 ./out/src/arch/x86/interupts/control/pic.o
 *fill*         0xffffffff8010345d        0x3 
 .rodata.str1.8
                0xffffffff80103460      0x10c ./out/src/arch/x86/mem/kmem_bitmap.o
 .rodata.str1.1
                0xffffffff8010356c       0x1d ./out/src/arch/x86/mem/kmem_bitmap.o
 *fill*         0xffffffff80103589       0x17 
 .rodata.cst32  0xffffffff801035a0       0x20 ./out/src/arch/x86/mem/kmem_bitmap.o
 .rodata.str1.1
                0xffffffff801035c0       0x28 ./out/src/arch/x86/mem/kmem_manager.o
 .rodata.str1.8
                0xffffffff801035e8       0x22 ./out/src/arch/x86/mem/kmem_manager.o
 .rodata.str1.1
                0xffffffff8010360a       0x39 ./out/src/arch/x86/multiboot.o
 .rodata.str1.1
                0xffffffff80103643       0x57 ./out/src/arch/x86/kmain.o
                                         0x5f (size before relaxing)
 *fill*         0xffffffff8010369a        0x6 
 .rodata.cst16  0xffffffff801036a0       0x10 ./out/libraries/libc/string.o
 .rodata        0xffffffff801036b0       0x2c ./out/src/boot/multiboot.o

.eh_frame       0xffffffff801036e0      0x640 load address 0x00000000001036e0
 .eh_frame      0xffffffff801036e0       0x30 ./out/src/arch/x86/interupts/gdt.o
 .eh_frame      0xffffffff80103710       0x70 ./out/src/arch/x86/interupts/idt.o
                                         0x88 (size before relaxing)
 .eh_frame      0xffffffff80103780       0x98 ./out/src/arch/x86/interupts/interupts.o
                                         0xb0 (size before relaxing)
 .eh_frame      0xffffffff80103818       0x60 ./out/src/arch/x86/interupts/control/pic.o
                                         0x78 (size before relaxing)
 .eh_frame      0xffffffff80103878       0xb8 ./out/src/arch/x86/dev/debug/serial.o
                                         0xd0 (size before relaxing)
 .eh_frame      0xffffffff80103930      0x180 ./out/src/arch/x86/mem/kmem_bitmap.o
                                        0x198 (size before relaxing)
 .eh_frame      0xffffffff80103ab0       0x80 ./out/src/arch/x86/mem/kmem_manager.o
                                         0x98 (size before relaxing)
 .eh_frame      0xffffffff80103b30       0x58 ./out/src/arch/x86/multiboot.o
                                         0x70 (size before relaxing)
 .eh_frame      0xffffffff80103b88       0x60 ./out/src/arch/x86/kmain.o
                                         0x78 (size before relaxing)
 .eh_frame      0xffffffff80103be8       0x68 ./out/libraries/libc/io.o
                                         0x80 (size before relaxing)
 .eh_frame      0xffffffff80103c50       0xd0 ./out/libraries/libc/string.o
                                         0xe8 (size before relaxing)

.rela.dyn       0xffffffff80103d20        0x0 load address 0x0000000000103d20
 .rela.got      0xffffffff80103d20        0x0 ./out/src/arch/x86/interupts/gdt.o
 .rela.iplt     0xffffffff80103d20        0x0 ./out/src/arch/x86/interupts/gdt.o
 .rela.text     0xffffffff80103d20        0x0 ./out/src/arch/x86/interupts/gdt.o

.data           0xffffffff80104000       0x3a load address 0x0000000000104000
 *(.data*)
 .data          0xffffffff80104000       0x3a ./out/src/arch/x86/interupts/gdt.o
 .data          0xffffffff8010403a        0x0 ./out/src/arch/x86/interupts/idt.o
 .data          0xffffffff8010403a        0x0 ./out/src/arch/x86/interupts/interupts.o
 .data          0xffffffff8010403a        0x0 ./out/src/arch/x86/interupts/control/apic.o
 .data          0xffffffff8010403a        0x0 ./out/src/arch/x86/interupts/control/pic.o
 .data          0xffffffff8010403a        0x0 ./out/src/arch/x86/dev/debug/serial.o
 .data          0xffffffff8010403a        0x0 ./out/src/arch/x86/mem/mmu.o
 .data          0xffffffff8010403a        0x0 ./out/src/arch/x86/mem/kmem_bitmap.o
 .data          0xffffffff8010403a        0x0 ./out/src/arch/x86/mem/kmalloc.o
 .data          0xffffffff8010403a        0x0 ./out/src/arch/x86/mem/kmem_manager.o
 .data          0xffffffff8010403a        0x0 ./out/src/arch/x86/multiboot.o
 .data          0xffffffff8010403a        0x0 ./out/src/arch/x86/kmain.o
 .data          0xffffffff8010403a        0x0 ./out/libraries/libc/io.o
 .data          0xffffffff8010403a        0x0 ./out/libraries/libc/string.o

.got            0xffffffff80104040        0x0 load address 0x0000000000104040
 .got           0xffffffff80104040        0x0 ./out/src/arch/x86/interupts/gdt.o

.got.plt        0xffffffff80104040        0x0 load address 0x0000000000104040
 .got.plt       0xffffffff80104040        0x0 ./out/src/arch/x86/interupts/gdt.o

.igot.plt       0xffffffff80104040        0x0 load address 0x0000000000104040
 .igot.plt      0xffffffff80104040        0x0 ./out/src/arch/x86/interupts/gdt.o

.bss            0xffffffff80105000     0xa009 load address 0x0000000000105000
 *(COMMON)
 *(.bss*)
 .bss           0xffffffff80105000        0x0 ./out/src/arch/x86/interupts/gdt.o
 .bss           0xffffffff80105000     0x180a ./out/src/arch/x86/interupts/idt.o
                0xffffffff80105000                idt_entries
                0xffffffff80106800                idt_ptr
 *fill*         0xffffffff8010680a       0x16 
 .bss           0xffffffff80106820       0x80 ./out/src/arch/x86/interupts/interupts.o
 .bss           0xffffffff801068a0        0x0 ./out/src/arch/x86/interupts/control/apic.o
 .bss           0xffffffff801068a0        0x0 ./out/src/arch/x86/interupts/control/pic.o
 .bss           0xffffffff801068a0        0x4 ./out/src/arch/x86/dev/debug/serial.o
 .bss           0xffffffff801068a4        0x0 ./out/src/arch/x86/mem/mmu.o
 .bss           0xffffffff801068a4        0x0 ./out/src/arch/x86/mem/kmem_bitmap.o
 .bss           0xffffffff801068a4        0x0 ./out/src/arch/x86/mem/kmalloc.o
 *fill*         0xffffffff801068a4       0x1c 
 .bss           0xffffffff801068c0       0x40 ./out/src/arch/x86/mem/kmem_manager.o
 .bss           0xffffffff80106900        0x8 ./out/src/arch/x86/multiboot.o
 .bss           0xffffffff80106908        0x0 ./out/src/arch/x86/kmain.o
 .bss           0xffffffff80106908        0x0 ./out/libraries/libc/io.o
 .bss           0xffffffff80106908        0x0 ./out/libraries/libc/string.o
 *fill*         0xffffffff80106908      0x6f8 
 .bss           0xffffffff80107000     0x8009 ./out/src/boot/multiboot.o
                0xffffffff8010b000                end_of_mapped_memory
                0xffffffff8010f009                stack_top
                0xffffffff8010f009                _kernel_end = .
                0x000000000010f009                _kernel_physical_end = (. - _kern_virtual_offset)
LOAD ./out/src/arch/x86/interupts/gdt.o
LOAD ./out/src/arch/x86/interupts/idt.o
LOAD ./out/src/arch/x86/interupts/interupts.o
LOAD ./out/src/arch/x86/interupts/control/apic.o
LOAD ./out/src/arch/x86/interupts/control/pic.o
LOAD ./out/src/arch/x86/dev/debug/serial.o
LOAD ./out/src/arch/x86/mem/mmu.o
LOAD ./out/src/arch/x86/mem/kmem_bitmap.o
LOAD ./out/src/arch/x86/mem/kmalloc.o
LOAD ./out/src/arch/x86/mem/kmem_manager.o
LOAD ./out/src/arch/x86/multiboot.o
LOAD ./out/src/arch/x86/kmain.o
LOAD ./out/libraries/libc/io.o
LOAD ./out/libraries/libc/string.o
LOAD ./out/src/arch/x86/asm/gdt.o
LOAD ./out/src/arch/x86/asm/irq.o
LOAD ./out/src/boot/multiboot.o
OUTPUT(lightos.elf elf64-x86-64)

.debug_info     0x0000000000000000     0x36f0
 .debug_info    0x0000000000000000      0x1e4 ./out/src/arch/x86/interupts/gdt.o
 .debug_info    0x00000000000001e4      0x60c ./out/src/arch/x86/interupts/idt.o
 .debug_info    0x00000000000007f0      0x41b ./out/src/arch/x86/interupts/interupts.o
 .debug_info    0x0000000000000c0b      0x2d8 ./out/src/arch/x86/interupts/control/pic.o
 .debug_info    0x0000000000000ee3      0x438 ./out/src/arch/x86/dev/debug/serial.o
 .debug_info    0x000000000000131b      0xc23 ./out/src/arch/x86/mem/kmem_bitmap.o
 .debug_info    0x0000000000001f3e      0x4c9 ./out/src/arch/x86/mem/kmem_manager.o
 .debug_info    0x0000000000002407      0x482 ./out/src/arch/x86/multiboot.o
 .debug_info    0x0000000000002889      0x671 ./out/src/arch/x86/kmain.o
 .debug_info    0x0000000000002efa      0x23a ./out/libraries/libc/io.o
 .debug_info    0x0000000000003134      0x4b0 ./out/libraries/libc/string.o
 .debug_info    0x00000000000035e4       0x5a ./out/src/arch/x86/asm/gdt.o
 .debug_info    0x000000000000363e       0x5a ./out/src/arch/x86/asm/irq.o
 .debug_info    0x0000000000003698       0x58 ./out/src/boot/multiboot.o

.debug_abbrev   0x0000000000000000     0x1159
 .debug_abbrev  0x0000000000000000       0xd4 ./out/src/arch/x86/interupts/gdt.o
 .debug_abbrev  0x00000000000000d4      0x1fd ./out/src/arch/x86/interupts/idt.o
 .debug_abbrev  0x00000000000002d1      0x1fa ./out/src/arch/x86/interupts/interupts.o
 .debug_abbrev  0x00000000000004cb       0xcd ./out/src/arch/x86/interupts/control/pic.o
 .debug_abbrev  0x0000000000000598      0x185 ./out/src/arch/x86/dev/debug/serial.o
 .debug_abbrev  0x000000000000071d      0x286 ./out/src/arch/x86/mem/kmem_bitmap.o
 .debug_abbrev  0x00000000000009a3      0x183 ./out/src/arch/x86/mem/kmem_manager.o
 .debug_abbrev  0x0000000000000b26      0x1dc ./out/src/arch/x86/multiboot.o
 .debug_abbrev  0x0000000000000d02      0x1b6 ./out/src/arch/x86/kmain.o
 .debug_abbrev  0x0000000000000eb8      0x138 ./out/libraries/libc/io.o
 .debug_abbrev  0x0000000000000ff0      0x118 ./out/libraries/libc/string.o
 .debug_abbrev  0x0000000000001108       0x1b ./out/src/arch/x86/asm/gdt.o
 .debug_abbrev  0x0000000000001123       0x1b ./out/src/arch/x86/asm/irq.o
 .debug_abbrev  0x000000000000113e       0x1b ./out/src/boot/multiboot.o

.debug_aranges  0x0000000000000000      0x2b0
 .debug_aranges
                0x0000000000000000       0x30 ./out/src/arch/x86/interupts/gdt.o
 .debug_aranges
                0x0000000000000030       0x30 ./out/src/arch/x86/interupts/idt.o
 .debug_aranges
                0x0000000000000060       0x30 ./out/src/arch/x86/interupts/interupts.o
 .debug_aranges
                0x0000000000000090       0x30 ./out/src/arch/x86/interupts/control/pic.o
 .debug_aranges
                0x00000000000000c0       0x30 ./out/src/arch/x86/dev/debug/serial.o
 .debug_aranges
                0x00000000000000f0       0x30 ./out/src/arch/x86/mem/kmem_bitmap.o
 .debug_aranges
                0x0000000000000120       0x30 ./out/src/arch/x86/mem/kmem_manager.o
 .debug_aranges
                0x0000000000000150       0x30 ./out/src/arch/x86/multiboot.o
 .debug_aranges
                0x0000000000000180       0x40 ./out/src/arch/x86/kmain.o
 .debug_aranges
                0x00000000000001c0       0x30 ./out/libraries/libc/io.o
 .debug_aranges
                0x00000000000001f0       0x30 ./out/libraries/libc/string.o
 .debug_aranges
                0x0000000000000220       0x30 ./out/src/arch/x86/asm/gdt.o
 .debug_aranges
                0x0000000000000250       0x30 ./out/src/arch/x86/asm/irq.o
 .debug_aranges
                0x0000000000000280       0x30 ./out/src/boot/multiboot.o

.debug_line     0x0000000000000000     0x1e05
 .debug_line    0x0000000000000000       0x92 ./out/src/arch/x86/interupts/gdt.o
 .debug_line    0x0000000000000092      0x20f ./out/src/arch/x86/interupts/idt.o
 .debug_line    0x00000000000002a1      0x196 ./out/src/arch/x86/interupts/interupts.o
 .debug_line    0x0000000000000437        0x0 ./out/src/arch/x86/interupts/control/apic.o
 .debug_line    0x0000000000000437      0x14e ./out/src/arch/x86/interupts/control/pic.o
 .debug_line    0x0000000000000585      0x1e7 ./out/src/arch/x86/dev/debug/serial.o
 .debug_line    0x000000000000076c        0x0 ./out/src/arch/x86/mem/mmu.o
 .debug_line    0x000000000000076c      0x730 ./out/src/arch/x86/mem/kmem_bitmap.o
 .debug_line    0x0000000000000e9c        0x0 ./out/src/arch/x86/mem/kmalloc.o
 .debug_line    0x0000000000000e9c      0x1e1 ./out/src/arch/x86/mem/kmem_manager.o
 .debug_line    0x000000000000107d      0x27b ./out/src/arch/x86/multiboot.o
 .debug_line    0x00000000000012f8      0x21f ./out/src/arch/x86/kmain.o
 .debug_line    0x0000000000001517       0xbf ./out/libraries/libc/io.o
 .debug_line    0x00000000000015d6      0x65f ./out/libraries/libc/string.o
 .debug_line    0x0000000000001c35       0x54 ./out/src/arch/x86/asm/gdt.o
 .debug_line    0x0000000000001c89      0x126 ./out/src/arch/x86/asm/irq.o
 .debug_line    0x0000000000001daf       0x56 ./out/src/boot/multiboot.o

.debug_str      0x0000000000000000      0x9da
 .debug_str     0x0000000000000000      0x246 ./out/src/arch/x86/interupts/gdt.o
                                        0x285 (size before relaxing)
 .debug_str     0x0000000000000246       0xd7 ./out/src/arch/x86/interupts/idt.o
                                        0x2de (size before relaxing)
 .debug_str     0x000000000000031d       0xc9 ./out/src/arch/x86/interupts/interupts.o
                                        0x2c0 (size before relaxing)
 .debug_str     0x00000000000003e6       0x26 ./out/src/arch/x86/interupts/control/apic.o
                                        0x158 (size before relaxing)
 .debug_str     0x000000000000040c       0x3f ./out/src/arch/x86/interupts/control/pic.o
                                        0x205 (size before relaxing)
 .debug_str     0x000000000000044b       0x3f ./out/src/arch/x86/dev/debug/serial.o
                                        0x213 (size before relaxing)
 .debug_str     0x000000000000048a       0x17 ./out/src/arch/x86/mem/mmu.o
                                        0x149 (size before relaxing)
 .debug_str     0x00000000000004a1      0x1eb ./out/src/arch/x86/mem/kmem_bitmap.o
                                        0x3f2 (size before relaxing)
 .debug_str     0x000000000000068c       0x1b ./out/src/arch/x86/mem/kmalloc.o
                                        0x14d (size before relaxing)
 .debug_str     0x00000000000006a7      0x12d ./out/src/arch/x86/mem/kmem_manager.o
                                        0x417 (size before relaxing)
 .debug_str     0x00000000000007d4       0x7b ./out/src/arch/x86/multiboot.o
                                        0x2ea (size before relaxing)
 .debug_str     0x000000000000084f       0x8f ./out/src/arch/x86/kmain.o
                                        0x3bb (size before relaxing)
 .debug_str     0x00000000000008de       0x37 ./out/libraries/libc/io.o
                                        0x211 (size before relaxing)
 .debug_str     0x0000000000000915       0xc5 ./out/libraries/libc/string.o
                                        0x29c (size before relaxing)

.comment        0x0000000000000000       0x12
 .comment       0x0000000000000000       0x12 ./out/src/arch/x86/interupts/gdt.o
                                         0x13 (size before relaxing)
 .comment       0x0000000000000012       0x13 ./out/src/arch/x86/interupts/idt.o
 .comment       0x0000000000000012       0x13 ./out/src/arch/x86/interupts/interupts.o
 .comment       0x0000000000000012       0x13 ./out/src/arch/x86/interupts/control/apic.o
 .comment       0x0000000000000012       0x13 ./out/src/arch/x86/interupts/control/pic.o
 .comment       0x0000000000000012       0x13 ./out/src/arch/x86/dev/debug/serial.o
 .comment       0x0000000000000012       0x13 ./out/src/arch/x86/mem/mmu.o
 .comment       0x0000000000000012       0x13 ./out/src/arch/x86/mem/kmem_bitmap.o
 .comment       0x0000000000000012       0x13 ./out/src/arch/x86/mem/kmalloc.o
 .comment       0x0000000000000012       0x13 ./out/src/arch/x86/mem/kmem_manager.o
 .comment       0x0000000000000012       0x13 ./out/src/arch/x86/multiboot.o
 .comment       0x0000000000000012       0x13 ./out/src/arch/x86/kmain.o
 .comment       0x0000000000000012       0x13 ./out/libraries/libc/io.o
 .comment       0x0000000000000012       0x13 ./out/libraries/libc/string.o

.debug_loc      0x0000000000000000     0x3d53
 .debug_loc     0x0000000000000000      0x5ae ./out/src/arch/x86/interupts/idt.o
 .debug_loc     0x00000000000005ae      0x2ee ./out/src/arch/x86/interupts/interupts.o
 .debug_loc     0x000000000000089c       0x6a ./out/src/arch/x86/interupts/control/pic.o
 .debug_loc     0x0000000000000906      0x1e9 ./out/src/arch/x86/dev/debug/serial.o
 .debug_loc     0x0000000000000aef     0x1716 ./out/src/arch/x86/mem/kmem_bitmap.o
 .debug_loc     0x0000000000002205      0x2b4 ./out/src/arch/x86/mem/kmem_manager.o
 .debug_loc     0x00000000000024b9      0x444 ./out/src/arch/x86/multiboot.o
 .debug_loc     0x00000000000028fd      0x19c ./out/src/arch/x86/kmain.o
 .debug_loc     0x0000000000002a99       0xac ./out/libraries/libc/io.o
 .debug_loc     0x0000000000002b45     0x120e ./out/libraries/libc/string.o
 .debug_loc     0x0000000000003d53        0x0 ./out/src/arch/x86/asm/gdt.o
 .debug_loc     0x0000000000003d53        0x0 ./out/src/arch/x86/asm/irq.o
 .debug_loc     0x0000000000003d53        0x0 ./out/src/boot/multiboot.o

.debug_ranges   0x0000000000000000      0x9f0
 .debug_ranges  0x0000000000000000      0x110 ./out/src/arch/x86/interupts/idt.o
 .debug_ranges  0x0000000000000110       0x30 ./out/src/arch/x86/interupts/interupts.o
 .debug_ranges  0x0000000000000140      0x100 ./out/src/arch/x86/dev/debug/serial.o
 .debug_ranges  0x0000000000000240      0x3e0 ./out/src/arch/x86/mem/kmem_bitmap.o
 .debug_ranges  0x0000000000000620       0xb0 ./out/src/arch/x86/mem/kmem_manager.o
 .debug_ranges  0x00000000000006d0       0xc0 ./out/src/arch/x86/multiboot.o
 .debug_ranges  0x0000000000000790       0x30 ./out/src/arch/x86/kmain.o
 .debug_ranges  0x00000000000007c0      0x230 ./out/libraries/libc/string.o

.debug_pubnames
                0x0000000000000000        0x0
 .debug_pubnames
                0x0000000000000000        0x0 ./out/src/arch/x86/asm/gdt.o
 .debug_pubnames
                0x0000000000000000        0x0 ./out/src/arch/x86/asm/irq.o
 .debug_pubnames
                0x0000000000000000        0x0 ./out/src/boot/multiboot.o

.debug_frame    0x0000000000000000        0x0
 .debug_frame   0x0000000000000000        0x0 ./out/src/arch/x86/asm/gdt.o
 .debug_frame   0x0000000000000000        0x0 ./out/src/arch/x86/asm/irq.o
 .debug_frame   0x0000000000000000        0x0 ./out/src/boot/multiboot.o
