
Memory Configuration

Name             Origin             Length             Attributes
*default*        0x0000000000000000 0xffffffffffffffff

Linker script and memory map

                0x0000000000100000                . = 0x100000

.multiboot_header
                0x0000000000100000       0x30
 *(.multiboot_header)
 .multiboot_header
                0x0000000000100000       0x30 ./out/src/arch/x86/asm/multiboot.o

.text           0x0000000000101000       0x1a
 *(.text*)
 .text          0x0000000000101000        0x2 ./out/src/arch/x86/kmain.o
                0x0000000000101000                _start
 *fill*         0x0000000000101002        0xe 
 .text          0x0000000000101010        0xa ./out/src/arch/x86/asm/multiboot.o
                0x0000000000101010                start

.iplt           0x000000000010101a        0x0
 .iplt          0x000000000010101a        0x0 ./out/src/arch/x86/kmain.o

.rel.dyn        0x000000000010101c        0x0
 .rel.got       0x000000000010101c        0x0 ./out/src/arch/x86/kmain.o
 .rel.iplt      0x000000000010101c        0x0 ./out/src/arch/x86/kmain.o

.rodata
 *(.rodata*)

.data           0x0000000000102000        0x0
 *(.data*)
 .data          0x0000000000102000        0x0 ./out/src/arch/x86/kmain.o

.got            0x000000000010101c        0x0
 .got           0x000000000010101c        0x0 ./out/src/arch/x86/kmain.o

.got.plt        0x000000000010101c        0x0
 .got.plt       0x000000000010101c        0x0 ./out/src/arch/x86/kmain.o

.igot.plt       0x000000000010101c        0x0
 .igot.plt      0x000000000010101c        0x0 ./out/src/arch/x86/kmain.o

.bss            0x0000000000102000        0x0
 *(COMMON)
 *(.bss*)
 .bss           0x0000000000102000        0x0 ./out/src/arch/x86/kmain.o
LOAD ./out/src/arch/x86/kmain.o
LOAD ./out/src/arch/x86/asm/multiboot.o
OUTPUT(lightos.elf elf32-i386)

.comment        0x0000000000000000       0x12
 .comment       0x0000000000000000       0x12 ./out/src/arch/x86/kmain.o
                                         0x13 (size before relaxing)
