
Discarded input sections

 .comment       0x0000000000000000       0x13 ./out/src/arch/x86/interupts/gdt.o
 .eh_frame      0x0000000000000000       0x30 ./out/src/arch/x86/interupts/gdt.o
 .comment       0x0000000000000000       0x13 ./out/src/arch/x86/interupts/idt.o
 .eh_frame      0x0000000000000000       0x78 ./out/src/arch/x86/interupts/idt.o
 .comment       0x0000000000000000       0x13 ./out/src/arch/x86/interupts/interupts.o
 .eh_frame      0x0000000000000000       0xc0 ./out/src/arch/x86/interupts/interupts.o
 .comment       0x0000000000000000       0x13 ./out/src/arch/x86/interupts/control/apic.o
 .comment       0x0000000000000000       0x13 ./out/src/arch/x86/interupts/control/pic.o
 .eh_frame      0x0000000000000000       0x88 ./out/src/arch/x86/interupts/control/pic.o
 .comment       0x0000000000000000       0x13 ./out/src/arch/x86/dev/debug/serial.o
 .eh_frame      0x0000000000000000       0xd8 ./out/src/arch/x86/dev/debug/serial.o
 .comment       0x0000000000000000       0x13 ./out/src/arch/x86/mem/kmem_bitmap.o
 .eh_frame      0x0000000000000000      0x120 ./out/src/arch/x86/mem/kmem_bitmap.o
 .comment       0x0000000000000000       0x13 ./out/src/arch/x86/mem/virtual_range.o
 .eh_frame      0x0000000000000000       0x58 ./out/src/arch/x86/mem/virtual_range.o
 .comment       0x0000000000000000       0x13 ./out/src/arch/x86/mem/kmalloc.o
 .eh_frame      0x0000000000000000       0x58 ./out/src/arch/x86/mem/kmalloc.o
 .comment       0x0000000000000000       0x13 ./out/src/arch/x86/mem/kmem_manager.o
 .eh_frame      0x0000000000000000       0xb8 ./out/src/arch/x86/mem/kmem_manager.o
 .comment       0x0000000000000000       0x13 ./out/src/arch/x86/multiboot.o
 .eh_frame      0x0000000000000000       0x90 ./out/src/arch/x86/multiboot.o
 .comment       0x0000000000000000       0x13 ./out/src/arch/x86/kmain.o
 .eh_frame      0x0000000000000000       0x78 ./out/src/arch/x86/kmain.o
 .comment       0x0000000000000000       0x13 ./out/libraries/libc/linkedlist.o
 .eh_frame      0x0000000000000000       0x40 ./out/libraries/libc/linkedlist.o
 .comment       0x0000000000000000       0x13 ./out/libraries/libc/io.o
 .eh_frame      0x0000000000000000       0x80 ./out/libraries/libc/io.o
 .comment       0x0000000000000000       0x13 ./out/libraries/libc/string.o
 .eh_frame      0x0000000000000000       0xb8 ./out/libraries/libc/string.o

Memory Configuration

Name             Origin             Length             Attributes
*default*        0x0000000000000000 0xffffffffffffffff

Linker script and memory map

                0x0000000000100000                . = 0x100000
                0x0000000000100000                _kernel_start = .

.multiboot_header
                0x0000000000100000       0x18
 *(.multiboot_header)
 .multiboot_header
                0x0000000000100000       0x18 ./out/src/boot/multiboot.o

.text           0x0000000000101000     0x1882
 *(.pre_text)
 .pre_text      0x0000000000101000       0x80 ./out/src/boot/multiboot.o
                0x0000000000101000                start
 *(.text*)
 .text          0x0000000000101080       0x27 ./out/src/arch/x86/interupts/gdt.o
                0x0000000000101080                setup_gdt
 *fill*         0x00000000001010a7        0x9 
 .text          0x00000000001010b0      0x141 ./out/src/arch/x86/interupts/idt.o
                0x00000000001010b0                populate_gate
                0x00000000001010f0                setup_idt
                0x00000000001011e0                handle_isr
                0x00000000001011f0                handle_irq
 *fill*         0x00000000001011f1        0xf 
 .text          0x0000000000101200      0x122 ./out/src/arch/x86/interupts/interupts.o
                0x0000000000101200                add_handler
                0x0000000000101270                remove_handler
                0x0000000000101290                interupt_handler
                0x0000000000101310                disable_interupts
                0x0000000000101320                enable_interupts
 .text          0x0000000000101322        0x0 ./out/src/arch/x86/interupts/control/apic.o
 *fill*         0x0000000000101322        0xe 
 .text          0x0000000000101330      0x14e ./out/src/arch/x86/interupts/control/pic.o
                0x0000000000101330                init_pic
                0x0000000000101400                disable_pic
                0x0000000000101440                pic_eoi
 *fill*         0x000000000010147e        0x2 
 .text          0x0000000000101480      0x1b9 ./out/src/arch/x86/dev/debug/serial.o
                0x0000000000101480                init_serial
                0x00000000001014f0                putch
                0x0000000000101580                print
                0x00000000001015c0                println
 *fill*         0x0000000000101639        0x7 
 .text          0x0000000000101640      0x3b6 ./out/src/arch/x86/mem/kmem_bitmap.o
                0x0000000000101640                init_bitmap
                0x0000000000101650                bm_find
                0x0000000000101880                bm_allocate
                0x0000000000101940                bm_mark_block_used
                0x00000000001019a0                bm_mark_block_free
                0x00000000001019b0                bm_is_in_range
                0x00000000001019c0                find_kernel_entries
                0x00000000001019e0                bm_get_region
 *fill*         0x00000000001019f6        0xa 
 .text          0x0000000000101a00       0x38 ./out/src/arch/x86/mem/virtual_range.o
                0x0000000000101a00                new_vrange
                0x0000000000101a10                vrange_contains
                0x0000000000101a30                end
 *fill*         0x0000000000101a38        0x8 
 .text          0x0000000000101a40       0x23 ./out/src/arch/x86/mem/kmalloc.o
                0x0000000000101a40                init_kmalloc
                0x0000000000101a50                kmalloc
                0x0000000000101a60                kfree
 *fill*         0x0000000000101a63        0xd 
 .text          0x0000000000101a70      0x59a ./out/src/arch/x86/mem/kmem_manager.o
                0x0000000000101a70                prep_mmap
                0x0000000000101aa0                init_kmem_manager
                0x0000000000101e00                parse_memmap
                0x0000000000101fc0                kmem_from_phys
                0x0000000000101fd0                kmem_mark_frame
 *fill*         0x000000000010200a        0x6 
 .text          0x0000000000102010      0x246 ./out/src/arch/x86/multiboot.o
                0x0000000000102010                mb_initialize
                0x00000000001021e0                next_mb2_tag
                0x0000000000102220                get_mb2_tag
 *fill*         0x0000000000102256        0xa 
 .text          0x0000000000102260      0x150 ./out/src/arch/x86/kmain.o
                0x0000000000102260                thing
                0x0000000000102290                _start
 .text.startup  0x00000000001023b0       0x16 ./out/src/arch/x86/kmain.o
                0x00000000001023b0                test
 *fill*         0x00000000001023c6        0xa 
 .text          0x00000000001023d0       0x3b ./out/libraries/libc/linkedlist.o
                0x00000000001023d0                init_list
                0x00000000001023e0                add_node
 *fill*         0x000000000010240b        0x5 
 .text          0x0000000000102410       0x5c ./out/libraries/libc/io.o
                0x0000000000102410                in8
                0x0000000000102420                in16
                0x0000000000102430                out8
                0x0000000000102440                out16
                0x0000000000102450                delay
 *fill*         0x000000000010246c        0x4 
 .text          0x0000000000102470      0x1e3 ./out/libraries/libc/string.o
                0x0000000000102470                strlen
                0x00000000001024a0                strcmp
                0x00000000001024e0                strcpy
                0x0000000000102510                memcpy
                0x0000000000102520                memcmp
                0x0000000000102550                memset
                0x0000000000102560                memchr
                0x0000000000102590                to_string
 *fill*         0x0000000000102653        0xd 
 .text          0x0000000000102660       0x17 ./out/src/arch/x86/asm/gdt.o
                0x0000000000102660                load_gdt
                0x0000000000102666                gdt_flush
 *fill*         0x0000000000102677        0x9 
 .text          0x0000000000102680      0x1cd ./out/src/arch/x86/asm/irq.o
                0x0000000000102680                flush_idt
                0x00000000001026c5                _isr0
                0x00000000001026cb                _isr1
                0x00000000001026d1                _isr2
                0x00000000001026d7                _isr3
                0x00000000001026dd                _isr4
                0x00000000001026e3                _isr5
                0x00000000001026e9                _isr6
                0x00000000001026ef                _isr7
                0x00000000001026f5                _isr8
                0x00000000001026f9                _isr9
                0x00000000001026ff                _isr10
                0x0000000000102703                _isr11
                0x000000000010270a                _isr12
                0x0000000000102711                _isr13
                0x0000000000102718                _isr14
                0x000000000010271f                _isr15
                0x0000000000102728                _isr16
                0x0000000000102731                _isr17
                0x0000000000102738                _isr18
                0x0000000000102741                _isr19
                0x000000000010274a                _isr20
                0x0000000000102753                _isr21
                0x000000000010275c                _isr22
                0x0000000000102765                _isr23
                0x000000000010276e                _isr24
                0x0000000000102777                _isr25
                0x0000000000102780                _isr26
                0x0000000000102789                _isr27
                0x0000000000102792                _isr28
                0x000000000010279b                _isr29
                0x00000000001027a4                _isr30
                0x00000000001027ab                _isr31
                0x00000000001027b4                _isr32
                0x00000000001027bd                _isr33
                0x00000000001027c6                _isr34
                0x00000000001027cf                _isr35
                0x00000000001027d8                _isr36
                0x00000000001027e1                _isr37
                0x00000000001027ea                _isr38
                0x00000000001027f3                _isr39
                0x00000000001027fc                _isr40
                0x0000000000102805                _isr41
                0x000000000010280e                _isr42
                0x0000000000102817                _isr43
                0x0000000000102820                _isr44
                0x0000000000102829                _isr45
                0x0000000000102832                _isr46
                0x000000000010283b                _isr47
                0x0000000000102844                _isr50
 *fill*         0x000000000010284d        0x3 
 .text          0x0000000000102850       0x32 ./out/src/boot/multiboot.o

.iplt           0x0000000000102882        0x0
 .iplt          0x0000000000102882        0x0 ./out/src/arch/x86/interupts/gdt.o

.rela.dyn       0x0000000000102888        0x0
 .rela.got      0x0000000000102888        0x0 ./out/src/arch/x86/interupts/gdt.o
 .rela.iplt     0x0000000000102888        0x0 ./out/src/arch/x86/interupts/gdt.o
 .rela.text     0x0000000000102888        0x0 ./out/src/arch/x86/interupts/gdt.o
 .rela.data     0x0000000000102888        0x0 ./out/src/arch/x86/interupts/gdt.o

.rodata         0x0000000000103000      0x6a2
                0x0000000000103000                start_ctors = .
 *(.ctors)
 .ctors         0x0000000000103000        0x8 ./out/src/arch/x86/kmain.o
 *(.init_array)
                0x0000000000103008                end_ctors = .
 *(.rodata*)
 .rodata.str1.1
                0x0000000000103008        0xa ./out/src/arch/x86/interupts/idt.o
 *fill*         0x0000000000103012        0xe 
 .rodata        0x0000000000103020      0x400 ./out/src/arch/x86/interupts/idt.o
 .rodata.str1.1
                0x0000000000103420       0x2d ./out/src/arch/x86/interupts/interupts.o
 .rodata.str1.1
                0x000000000010344d       0x10 ./out/src/arch/x86/interupts/control/pic.o
 .rodata.str1.1
                0x000000000010345d       0x9e ./out/src/arch/x86/mem/kmem_bitmap.o
 *fill*         0x00000000001034fb        0x5 
 .rodata.str1.8
                0x0000000000103500       0x54 ./out/src/arch/x86/mem/kmem_bitmap.o
 .rodata.str1.1
                0x0000000000103554       0x80 ./out/src/arch/x86/mem/kmem_manager.o
 *fill*         0x00000000001035d4        0x4 
 .rodata.str1.8
                0x00000000001035d8       0x4a ./out/src/arch/x86/mem/kmem_manager.o
 .rodata.str1.1
                0x0000000000103622       0x1c ./out/src/arch/x86/multiboot.o
 .rodata.str1.1
                0x000000000010363e       0x41 ./out/src/arch/x86/kmain.o
                                         0x49 (size before relaxing)
 *fill*         0x000000000010367f        0x1 
 .rodata        0x0000000000103680       0x22 ./out/src/boot/multiboot.o

.data           0x0000000000104000       0x48
 *(.data*)
 .data          0x0000000000104000       0x3a ./out/src/arch/x86/interupts/gdt.o
 .data          0x000000000010403a        0x0 ./out/src/arch/x86/interupts/idt.o
 .data          0x000000000010403a        0x0 ./out/src/arch/x86/interupts/interupts.o
 .data          0x000000000010403a        0x0 ./out/src/arch/x86/interupts/control/apic.o
 .data          0x000000000010403a        0x0 ./out/src/arch/x86/interupts/control/pic.o
 .data          0x000000000010403a        0x0 ./out/src/arch/x86/dev/debug/serial.o
 .data          0x000000000010403a        0x0 ./out/src/arch/x86/mem/kmem_bitmap.o
 .data          0x000000000010403a        0x0 ./out/src/arch/x86/mem/virtual_range.o
 .data          0x000000000010403a        0x0 ./out/src/arch/x86/mem/kmalloc.o
 .data          0x000000000010403a        0x0 ./out/src/arch/x86/mem/kmem_manager.o
 .data          0x000000000010403a        0x0 ./out/src/arch/x86/multiboot.o
 *fill*         0x000000000010403a        0x6 
 .data          0x0000000000104040        0x8 ./out/src/arch/x86/kmain.o
 .data          0x0000000000104048        0x0 ./out/libraries/libc/linkedlist.o
 .data          0x0000000000104048        0x0 ./out/libraries/libc/io.o
 .data          0x0000000000104048        0x0 ./out/libraries/libc/string.o

.got            0x0000000000104048        0x0
 .got           0x0000000000104048        0x0 ./out/src/arch/x86/interupts/gdt.o

.got.plt        0x0000000000104048        0x0
 .got.plt       0x0000000000104048        0x0 ./out/src/arch/x86/interupts/gdt.o

.igot.plt       0x0000000000104048        0x0
 .igot.plt      0x0000000000104048        0x0 ./out/src/arch/x86/interupts/gdt.o

.bss            0x0000000000105000    0x76000
 *(COMMON)
 *(.bss*)
 .bss           0x0000000000105000        0x0 ./out/src/arch/x86/interupts/gdt.o
 .bss           0x0000000000105000     0x180a ./out/src/arch/x86/interupts/idt.o
                0x0000000000105000                idt_entries
                0x0000000000106800                idt_ptr
 *fill*         0x000000000010680a       0x16 
 .bss           0x0000000000106820       0x80 ./out/src/arch/x86/interupts/interupts.o
 .bss           0x00000000001068a0        0x0 ./out/src/arch/x86/interupts/control/apic.o
 .bss           0x00000000001068a0        0x0 ./out/src/arch/x86/interupts/control/pic.o
 .bss           0x00000000001068a0        0x4 ./out/src/arch/x86/dev/debug/serial.o
 .bss           0x00000000001068a4        0x0 ./out/src/arch/x86/mem/kmem_bitmap.o
 .bss           0x00000000001068a4        0x0 ./out/src/arch/x86/mem/virtual_range.o
 .bss           0x00000000001068a4        0x0 ./out/src/arch/x86/mem/kmalloc.o
 *fill*         0x00000000001068a4      0x75c 
 .bss           0x0000000000107000    0x6b028 ./out/src/arch/x86/mem/kmem_manager.o
                0x0000000000107000                twom_high_pds
                0x0000000000147000                low_base_pmls
                0x0000000000169000                heap_base_pt
                0x000000000016c000                heap_base_pd
                0x000000000016d000                heap_base_pml
                0x000000000016e000                high_base_pml
                0x000000000016f000                base_init_pml
 .bss           0x0000000000172028        0x0 ./out/src/arch/x86/multiboot.o
 .bss           0x0000000000172028        0x8 ./out/src/arch/x86/kmain.o
 .bss           0x0000000000172030        0x0 ./out/libraries/libc/linkedlist.o
 .bss           0x0000000000172030        0x0 ./out/libraries/libc/io.o
 *fill*         0x0000000000172030       0x10 
 .bss           0x0000000000172040      0x100 ./out/libraries/libc/string.o
 *fill*         0x0000000000172140      0xec0 
 .bss           0x0000000000173000     0x4009 ./out/src/boot/multiboot.o
                0x0000000000173000                end_of_mapped_memory
                0x0000000000177009                stack_top
                0x0000000000178000                . = ALIGN (0x1000)
 *fill*         0x0000000000177009      0xff7 
 *(.pts*)
 .pts           0x0000000000178000     0x3000 ./out/src/boot/multiboot.o
                0x0000000000178000                boot_pml4t
                0x0000000000179000                boot_pdpt
                0x000000000017a000                boot_pdt
 *(.heap)
                0x000000000017b000                _kernel_end = .
                0x000000000017b000                _kernel_physical_end = .

/DISCARD/
 *(.comment)
 *(.eh_frame)
 *(.note.gnu.build-id)
LOAD ./out/src/arch/x86/interupts/gdt.o
LOAD ./out/src/arch/x86/interupts/idt.o
LOAD ./out/src/arch/x86/interupts/interupts.o
LOAD ./out/src/arch/x86/interupts/control/apic.o
LOAD ./out/src/arch/x86/interupts/control/pic.o
LOAD ./out/src/arch/x86/dev/debug/serial.o
LOAD ./out/src/arch/x86/mem/kmem_bitmap.o
LOAD ./out/src/arch/x86/mem/virtual_range.o
LOAD ./out/src/arch/x86/mem/kmalloc.o
LOAD ./out/src/arch/x86/mem/kmem_manager.o
LOAD ./out/src/arch/x86/multiboot.o
LOAD ./out/src/arch/x86/kmain.o
LOAD ./out/libraries/libc/linkedlist.o
LOAD ./out/libraries/libc/io.o
LOAD ./out/libraries/libc/string.o
LOAD ./out/src/arch/x86/asm/gdt.o
LOAD ./out/src/arch/x86/asm/irq.o
LOAD ./out/src/boot/multiboot.o
OUTPUT(lightos.elf elf64-x86-64)

.debug_info     0x0000000000000000     0x3ca1
 .debug_info    0x0000000000000000      0x1e4 ./out/src/arch/x86/interupts/gdt.o
 .debug_info    0x00000000000001e4      0x60c ./out/src/arch/x86/interupts/idt.o
 .debug_info    0x00000000000007f0      0x41b ./out/src/arch/x86/interupts/interupts.o
 .debug_info    0x0000000000000c0b      0x2ba ./out/src/arch/x86/interupts/control/pic.o
 .debug_info    0x0000000000000ec5      0x2fd ./out/src/arch/x86/dev/debug/serial.o
 .debug_info    0x00000000000011c2      0x842 ./out/src/arch/x86/mem/kmem_bitmap.o
 .debug_info    0x0000000000001a04      0x1bc ./out/src/arch/x86/mem/virtual_range.o
 .debug_info    0x0000000000001bc0      0x1cd ./out/src/arch/x86/mem/kmalloc.o
 .debug_info    0x0000000000001d8d      0xb51 ./out/src/arch/x86/mem/kmem_manager.o
 .debug_info    0x00000000000028de      0x61d ./out/src/arch/x86/multiboot.o
 .debug_info    0x0000000000002efb      0x4d3 ./out/src/arch/x86/kmain.o
 .debug_info    0x00000000000033ce      0x16a ./out/libraries/libc/linkedlist.o
 .debug_info    0x0000000000003538      0x23a ./out/libraries/libc/io.o
 .debug_info    0x0000000000003772      0x423 ./out/libraries/libc/string.o
 .debug_info    0x0000000000003b95       0x5a ./out/src/arch/x86/asm/gdt.o
 .debug_info    0x0000000000003bef       0x5a ./out/src/arch/x86/asm/irq.o
 .debug_info    0x0000000000003c49       0x58 ./out/src/boot/multiboot.o

.debug_abbrev   0x0000000000000000     0x1512
 .debug_abbrev  0x0000000000000000       0xd4 ./out/src/arch/x86/interupts/gdt.o
 .debug_abbrev  0x00000000000000d4      0x1fd ./out/src/arch/x86/interupts/idt.o
 .debug_abbrev  0x00000000000002d1      0x1fa ./out/src/arch/x86/interupts/interupts.o
 .debug_abbrev  0x00000000000004cb       0xd8 ./out/src/arch/x86/interupts/control/pic.o
 .debug_abbrev  0x00000000000005a3      0x11b ./out/src/arch/x86/dev/debug/serial.o
 .debug_abbrev  0x00000000000006be      0x229 ./out/src/arch/x86/mem/kmem_bitmap.o
 .debug_abbrev  0x00000000000008e7       0xf4 ./out/src/arch/x86/mem/virtual_range.o
 .debug_abbrev  0x00000000000009db       0xc7 ./out/src/arch/x86/mem/kmalloc.o
 .debug_abbrev  0x0000000000000aa2      0x2ea ./out/src/arch/x86/mem/kmem_manager.o
 .debug_abbrev  0x0000000000000d8c      0x23e ./out/src/arch/x86/multiboot.o
 .debug_abbrev  0x0000000000000fca      0x1ad ./out/src/arch/x86/kmain.o
 .debug_abbrev  0x0000000000001177       0xd7 ./out/libraries/libc/linkedlist.o
 .debug_abbrev  0x000000000000124e      0x138 ./out/libraries/libc/io.o
 .debug_abbrev  0x0000000000001386      0x13b ./out/libraries/libc/string.o
 .debug_abbrev  0x00000000000014c1       0x1b ./out/src/arch/x86/asm/gdt.o
 .debug_abbrev  0x00000000000014dc       0x1b ./out/src/arch/x86/asm/irq.o
 .debug_abbrev  0x00000000000014f7       0x1b ./out/src/boot/multiboot.o

.debug_aranges  0x0000000000000000      0x340
 .debug_aranges
                0x0000000000000000       0x30 ./out/src/arch/x86/interupts/gdt.o
 .debug_aranges
                0x0000000000000030       0x30 ./out/src/arch/x86/interupts/idt.o
 .debug_aranges
                0x0000000000000060       0x30 ./out/src/arch/x86/interupts/interupts.o
 .debug_aranges
                0x0000000000000090       0x30 ./out/src/arch/x86/interupts/control/pic.o
 .debug_aranges
                0x00000000000000c0       0x30 ./out/src/arch/x86/dev/debug/serial.o
 .debug_aranges
                0x00000000000000f0       0x30 ./out/src/arch/x86/mem/kmem_bitmap.o
 .debug_aranges
                0x0000000000000120       0x30 ./out/src/arch/x86/mem/virtual_range.o
 .debug_aranges
                0x0000000000000150       0x30 ./out/src/arch/x86/mem/kmalloc.o
 .debug_aranges
                0x0000000000000180       0x30 ./out/src/arch/x86/mem/kmem_manager.o
 .debug_aranges
                0x00000000000001b0       0x30 ./out/src/arch/x86/multiboot.o
 .debug_aranges
                0x00000000000001e0       0x40 ./out/src/arch/x86/kmain.o
 .debug_aranges
                0x0000000000000220       0x30 ./out/libraries/libc/linkedlist.o
 .debug_aranges
                0x0000000000000250       0x30 ./out/libraries/libc/io.o
 .debug_aranges
                0x0000000000000280       0x30 ./out/libraries/libc/string.o
 .debug_aranges
                0x00000000000002b0       0x30 ./out/src/arch/x86/asm/gdt.o
 .debug_aranges
                0x00000000000002e0       0x30 ./out/src/arch/x86/asm/irq.o
 .debug_aranges
                0x0000000000000310       0x30 ./out/src/boot/multiboot.o

.debug_line     0x0000000000000000     0x1ca6
 .debug_line    0x0000000000000000       0x92 ./out/src/arch/x86/interupts/gdt.o
 .debug_line    0x0000000000000092      0x213 ./out/src/arch/x86/interupts/idt.o
 .debug_line    0x00000000000002a5      0x1b1 ./out/src/arch/x86/interupts/interupts.o
 .debug_line    0x0000000000000456        0x0 ./out/src/arch/x86/interupts/control/apic.o
 .debug_line    0x0000000000000456      0x154 ./out/src/arch/x86/interupts/control/pic.o
 .debug_line    0x00000000000005aa      0x16a ./out/src/arch/x86/dev/debug/serial.o
 .debug_line    0x0000000000000714      0x3ca ./out/src/arch/x86/mem/kmem_bitmap.o
 .debug_line    0x0000000000000ade       0xb8 ./out/src/arch/x86/mem/virtual_range.o
 .debug_line    0x0000000000000b96       0xa7 ./out/src/arch/x86/mem/kmalloc.o
 .debug_line    0x0000000000000c3d      0x56d ./out/src/arch/x86/mem/kmem_manager.o
 .debug_line    0x00000000000011aa      0x35d ./out/src/arch/x86/multiboot.o
 .debug_line    0x0000000000001507      0x205 ./out/src/arch/x86/kmain.o
 .debug_line    0x000000000000170c       0xae ./out/libraries/libc/linkedlist.o
 .debug_line    0x00000000000017ba       0xbf ./out/libraries/libc/io.o
 .debug_line    0x0000000000001879      0x25c ./out/libraries/libc/string.o
 .debug_line    0x0000000000001ad5       0x54 ./out/src/arch/x86/asm/gdt.o
 .debug_line    0x0000000000001b29      0x126 ./out/src/arch/x86/asm/irq.o
 .debug_line    0x0000000000001c4f       0x57 ./out/src/boot/multiboot.o

.debug_str      0x0000000000000000      0xd55
 .debug_str     0x0000000000000000      0x23c ./out/src/arch/x86/interupts/gdt.o
                                        0x27b (size before relaxing)
 .debug_str     0x000000000000023c       0xd7 ./out/src/arch/x86/interupts/idt.o
                                        0x2d4 (size before relaxing)
 .debug_str     0x0000000000000313       0xc9 ./out/src/arch/x86/interupts/interupts.o
                                        0x2b6 (size before relaxing)
 .debug_str     0x00000000000003dc       0x26 ./out/src/arch/x86/interupts/control/apic.o
                                        0x14e (size before relaxing)
 .debug_str     0x0000000000000402       0x3f ./out/src/arch/x86/interupts/control/pic.o
                                        0x1fb (size before relaxing)
 .debug_str     0x0000000000000441       0x3f ./out/src/arch/x86/dev/debug/serial.o
                                        0x209 (size before relaxing)
 .debug_str     0x0000000000000480      0x1fc ./out/src/arch/x86/mem/kmem_bitmap.o
                                        0x41a (size before relaxing)
 .debug_str     0x000000000000067c       0x60 ./out/src/arch/x86/mem/virtual_range.o
                                        0x22a (size before relaxing)
 .debug_str     0x00000000000006dc       0x42 ./out/src/arch/x86/mem/kmalloc.o
                                        0x28a (size before relaxing)
 .debug_str     0x000000000000071e      0x428 ./out/src/arch/x86/mem/kmem_manager.o
                                        0x54d (size before relaxing)
 .debug_str     0x0000000000000b46       0xb0 ./out/src/arch/x86/multiboot.o
                                        0x342 (size before relaxing)
 .debug_str     0x0000000000000bf6       0x63 ./out/src/arch/x86/kmain.o
                                        0x2ef (size before relaxing)
 .debug_str     0x0000000000000c59       0x4c ./out/libraries/libc/linkedlist.o
                                        0x1ff (size before relaxing)
 .debug_str     0x0000000000000ca5       0x37 ./out/libraries/libc/io.o
                                        0x207 (size before relaxing)
 .debug_str     0x0000000000000cdc       0x79 ./out/libraries/libc/string.o
                                        0x25d (size before relaxing)

.debug_loc      0x0000000000000000     0x318c
 .debug_loc     0x0000000000000000      0x569 ./out/src/arch/x86/interupts/idt.o
 .debug_loc     0x0000000000000569      0x34d ./out/src/arch/x86/interupts/interupts.o
 .debug_loc     0x00000000000008b6       0x6a ./out/src/arch/x86/interupts/control/pic.o
 .debug_loc     0x0000000000000920      0x1ed ./out/src/arch/x86/dev/debug/serial.o
 .debug_loc     0x0000000000000b0d      0xb46 ./out/src/arch/x86/mem/kmem_bitmap.o
 .debug_loc     0x0000000000001653       0x25 ./out/src/arch/x86/mem/virtual_range.o
 .debug_loc     0x0000000000001678      0xc62 ./out/src/arch/x86/mem/kmem_manager.o
 .debug_loc     0x00000000000022da      0x7df ./out/src/arch/x86/multiboot.o
 .debug_loc     0x0000000000002ab9       0xd6 ./out/src/arch/x86/kmain.o
 .debug_loc     0x0000000000002b8f       0x25 ./out/libraries/libc/linkedlist.o
 .debug_loc     0x0000000000002bb4       0xac ./out/libraries/libc/io.o
 .debug_loc     0x0000000000002c60      0x52c ./out/libraries/libc/string.o
 .debug_loc     0x000000000000318c        0x0 ./out/src/arch/x86/asm/gdt.o
 .debug_loc     0x000000000000318c        0x0 ./out/src/arch/x86/asm/irq.o
 .debug_loc     0x000000000000318c        0x0 ./out/src/boot/multiboot.o

.debug_ranges   0x0000000000000000      0x690
 .debug_ranges  0x0000000000000000      0x110 ./out/src/arch/x86/interupts/idt.o
 .debug_ranges  0x0000000000000110       0x30 ./out/src/arch/x86/interupts/interupts.o
 .debug_ranges  0x0000000000000140      0x200 ./out/src/arch/x86/mem/kmem_bitmap.o
 .debug_ranges  0x0000000000000340      0x1c0 ./out/src/arch/x86/mem/kmem_manager.o
 .debug_ranges  0x0000000000000500       0xf0 ./out/src/arch/x86/multiboot.o
 .debug_ranges  0x00000000000005f0       0x70 ./out/src/arch/x86/kmain.o
 .debug_ranges  0x0000000000000660       0x30 ./out/libraries/libc/string.o

.debug_pubnames
                0x0000000000000000        0x0
 .debug_pubnames
                0x0000000000000000        0x0 ./out/src/arch/x86/asm/gdt.o
 .debug_pubnames
                0x0000000000000000        0x0 ./out/src/arch/x86/asm/irq.o
 .debug_pubnames
                0x0000000000000000        0x0 ./out/src/boot/multiboot.o

.debug_frame    0x0000000000000000        0x0
 .debug_frame   0x0000000000000000        0x0 ./out/src/arch/x86/asm/gdt.o
 .debug_frame   0x0000000000000000        0x0 ./out/src/arch/x86/asm/irq.o
 .debug_frame   0x0000000000000000        0x0 ./out/src/boot/multiboot.o
