
Memory Configuration

Name             Origin             Length             Attributes
*default*        0x0000000000000000 0xffffffffffffffff

Linker script and memory map

                0x0000000000100000                . = 0x100000
                0x0000000000100000                _kernel_start = .
                0xffffffff80000000                _kern_virtual_offset = 0xffffffff80000000

.multiboot_header
                0x0000000000100000       0x18
 *(.multiboot_header)
 .multiboot_header
                0x0000000000100000       0x18 ./out/src/boot/multiboot.o

.pre_text       0x0000000000100018       0xa8
 *(.pre_text)
 .pre_text      0x0000000000100018       0xa8 ./out/src/boot/multiboot.o
                0x0000000000100018                start
                0xffffffff801000c0                . = (. + _kern_virtual_offset)

.text           0xffffffff80101000     0x1228 load address 0x0000000000101000
 *(.text*)
 .text          0xffffffff80101000       0x34 ./out/src/arch/x86/interupts/gdt.o
                0xffffffff80101000                setup_gdt
 *fill*         0xffffffff80101034        0xc 
 .text          0xffffffff80101040      0x491 ./out/src/arch/x86/interupts/idt.o
                0xffffffff80101040                populate_gate
                0xffffffff80101090                setup_idt
                0xffffffff801014c0                handle_isr
                0xffffffff801014d0                handle_irq
 *fill*         0xffffffff801014d1        0xf 
 .text          0xffffffff801014e0       0xf2 ./out/src/arch/x86/interupts/interupts.o
                0xffffffff801014e0                add_handler
                0xffffffff80101530                remove_handler
                0xffffffff80101550                interupt_handler
                0xffffffff801015c0                disable_interupts
                0xffffffff801015d0                enable_interupts
 .text          0xffffffff801015d2        0x0 ./out/src/arch/x86/interupts/control/apic.o
 *fill*         0xffffffff801015d2        0xe 
 .text          0xffffffff801015e0      0x14b ./out/src/arch/x86/interupts/control/pic.o
                0xffffffff801015e0                init_pic
                0xffffffff801016c0                disable_pic
                0xffffffff801016f0                pic_eoi
 *fill*         0xffffffff8010172b        0x5 
 .text          0xffffffff80101730      0x25f ./out/src/arch/x86/dev/debug/serial.o
                0xffffffff80101730                init_serial
                0xffffffff801017a0                putch
                0xffffffff80101810                print
                0xffffffff80101890                println
 .text          0xffffffff8010198f        0x0 ./out/src/arch/x86/mem/mmu.o
 .text          0xffffffff8010198f        0x0 ./out/src/arch/x86/mem/kmalloc.o
 *fill*         0xffffffff8010198f        0x1 
 .text          0xffffffff80101990      0x166 ./out/src/arch/x86/multiboot.o
                0xffffffff80101990                mb_initialize
                0xffffffff80101a80                next_mb2_tag
                0xffffffff80101ac0                get_mb2_tag
 *fill*         0xffffffff80101af6        0xa 
 .text          0xffffffff80101b00      0x116 ./out/src/arch/x86/kmain.o
                0xffffffff80101b00                thing
                0xffffffff80101b20                _start
 *fill*         0xffffffff80101c16        0xa 
 .text.startup  0xffffffff80101c20        0xc ./out/src/arch/x86/kmain.o
                0xffffffff80101c20                test
 *fill*         0xffffffff80101c2c        0x4 
 .text          0xffffffff80101c30       0x5c ./out/libraries/libc/io.o
                0xffffffff80101c30                in8
                0xffffffff80101c40                in16
                0xffffffff80101c50                out8
                0xffffffff80101c60                out16
                0xffffffff80101c70                delay
 *fill*         0xffffffff80101c8c        0x4 
 .text          0xffffffff80101c90      0x48a ./out/libraries/libc/string.o
                0xffffffff80101c90                strlen
                0xffffffff80101cc0                strcmp
                0xffffffff80101d00                strcpy
                0xffffffff80101d30                memcpy
                0xffffffff80101d40                memcmp
                0xffffffff80101d70                memset
                0xffffffff80101d80                memchr
                0xffffffff80101db0                string_from_dec
                0xffffffff80102090                string_from_hex
 *fill*         0xffffffff8010211a        0x6 
 .text          0xffffffff80102120       0x17 ./out/src/arch/x86/asm/gdt.o
                0xffffffff80102120                load_gdt
                0xffffffff80102126                gdt_flush
 *fill*         0xffffffff80102137        0x9 
 .text          0xffffffff80102140       0xac ./out/src/arch/x86/asm/irq.o
                0xffffffff8010217d                _irq32
                0xffffffff80102183                _irq33
                0xffffffff80102189                _irq34
                0xffffffff8010218f                _irq35
                0xffffffff80102195                _irq36
                0xffffffff8010219b                _irq37
                0xffffffff801021a1                _irq38
                0xffffffff801021a7                _irq39
                0xffffffff801021ad                _irq40
                0xffffffff801021b3                _irq41
                0xffffffff801021b9                _irq42
                0xffffffff801021bf                _irq43
                0xffffffff801021c8                _irq44
                0xffffffff801021d1                _irq45
                0xffffffff801021da                _irq46
                0xffffffff801021e3                _irq47
 *fill*         0xffffffff801021ec        0x4 
 .text          0xffffffff801021f0       0x38 ./out/src/boot/multiboot.o

.iplt           0xffffffff80102228        0x0 load address 0x0000000000102228
 .iplt          0xffffffff80102228        0x0 ./out/src/arch/x86/interupts/gdt.o

.rodata         0xffffffff80103000      0x12c load address 0x0000000000103000
                0xffffffff80103000                start_ctors = .
 *(.ctors)
 .ctors         0xffffffff80103000        0x8 ./out/src/arch/x86/kmain.o
 *(.init_array)
                0xffffffff80103008                end_ctors = .
 *(.rodata*)
 .rodata.str1.1
                0xffffffff80103008        0x8 ./out/src/arch/x86/interupts/gdt.o
 .rodata.str1.1
                0xffffffff80103010        0xa ./out/src/arch/x86/interupts/idt.o
 .rodata.str1.1
                0xffffffff8010301a       0x25 ./out/src/arch/x86/interupts/interupts.o
                                         0x2d (size before relaxing)
 .rodata.str1.1
                0xffffffff8010303f       0x39 ./out/src/arch/x86/multiboot.o
 .rodata.str1.1
                0xffffffff80103078       0x76 ./out/src/arch/x86/kmain.o
 *fill*         0xffffffff801030ee        0x2 
 .rodata.cst16  0xffffffff801030f0       0x10 ./out/libraries/libc/string.o
 .rodata        0xffffffff80103100       0x2c ./out/src/boot/multiboot.o

.eh_frame       0xffffffff80103130      0x430 load address 0x0000000000103130
 .eh_frame      0xffffffff80103130       0x38 ./out/src/arch/x86/interupts/gdt.o
 .eh_frame      0xffffffff80103168       0x60 ./out/src/arch/x86/interupts/idt.o
                                         0x78 (size before relaxing)
 .eh_frame      0xffffffff801031c8       0x98 ./out/src/arch/x86/interupts/interupts.o
                                         0xb0 (size before relaxing)
 .eh_frame      0xffffffff80103260       0x60 ./out/src/arch/x86/interupts/control/pic.o
                                         0x78 (size before relaxing)
 .eh_frame      0xffffffff801032c0       0xb8 ./out/src/arch/x86/dev/debug/serial.o
                                         0xd0 (size before relaxing)
 .eh_frame      0xffffffff80103378       0x58 ./out/src/arch/x86/multiboot.o
                                         0x70 (size before relaxing)
 .eh_frame      0xffffffff801033d0       0x58 ./out/src/arch/x86/kmain.o
                                         0x70 (size before relaxing)
 .eh_frame      0xffffffff80103428       0x68 ./out/libraries/libc/io.o
                                         0x80 (size before relaxing)
 .eh_frame      0xffffffff80103490       0xd0 ./out/libraries/libc/string.o
                                         0xe8 (size before relaxing)

.rela.dyn       0xffffffff80103560        0x0 load address 0x0000000000103560
 .rela.got      0xffffffff80103560        0x0 ./out/src/arch/x86/interupts/gdt.o
 .rela.iplt     0xffffffff80103560        0x0 ./out/src/arch/x86/interupts/gdt.o
 .rela.text     0xffffffff80103560        0x0 ./out/src/arch/x86/interupts/gdt.o

.data           0xffffffff80104000       0x3a load address 0x0000000000104000
 *(.data*)
 .data          0xffffffff80104000       0x3a ./out/src/arch/x86/interupts/gdt.o
                0xffffffff80104000                gdt
 .data          0xffffffff8010403a        0x0 ./out/src/arch/x86/interupts/idt.o
 .data          0xffffffff8010403a        0x0 ./out/src/arch/x86/interupts/interupts.o
 .data          0xffffffff8010403a        0x0 ./out/src/arch/x86/interupts/control/apic.o
 .data          0xffffffff8010403a        0x0 ./out/src/arch/x86/interupts/control/pic.o
 .data          0xffffffff8010403a        0x0 ./out/src/arch/x86/dev/debug/serial.o
 .data          0xffffffff8010403a        0x0 ./out/src/arch/x86/mem/mmu.o
 .data          0xffffffff8010403a        0x0 ./out/src/arch/x86/mem/kmalloc.o
 .data          0xffffffff8010403a        0x0 ./out/src/arch/x86/multiboot.o
 .data          0xffffffff8010403a        0x0 ./out/src/arch/x86/kmain.o
 .data          0xffffffff8010403a        0x0 ./out/libraries/libc/io.o
 .data          0xffffffff8010403a        0x0 ./out/libraries/libc/string.o

.got            0xffffffff80104040        0x0 load address 0x0000000000104040
 .got           0xffffffff80104040        0x0 ./out/src/arch/x86/interupts/gdt.o

.got.plt        0xffffffff80104040        0x0 load address 0x0000000000104040
 .got.plt       0xffffffff80104040        0x0 ./out/src/arch/x86/interupts/gdt.o

.igot.plt       0xffffffff80104040        0x0 load address 0x0000000000104040
 .igot.plt      0xffffffff80104040        0x0 ./out/src/arch/x86/interupts/gdt.o

.bss            0xffffffff80105000     0xa009 load address 0x0000000000105000
 *(COMMON)
 *(.bss*)
 .bss           0xffffffff80105000        0x0 ./out/src/arch/x86/interupts/gdt.o
 .bss           0xffffffff80105000     0x180a ./out/src/arch/x86/interupts/idt.o
                0xffffffff80105000                idt_entries
                0xffffffff80106800                idt_ptr
 *fill*         0xffffffff8010680a       0x16 
 .bss           0xffffffff80106820       0x80 ./out/src/arch/x86/interupts/interupts.o
 .bss           0xffffffff801068a0        0x0 ./out/src/arch/x86/interupts/control/apic.o
 .bss           0xffffffff801068a0        0x0 ./out/src/arch/x86/interupts/control/pic.o
 .bss           0xffffffff801068a0        0x4 ./out/src/arch/x86/dev/debug/serial.o
 .bss           0xffffffff801068a4        0x0 ./out/src/arch/x86/mem/mmu.o
 .bss           0xffffffff801068a4        0x0 ./out/src/arch/x86/mem/kmalloc.o
 *fill*         0xffffffff801068a4        0x4 
 .bss           0xffffffff801068a8        0x8 ./out/src/arch/x86/multiboot.o
 .bss           0xffffffff801068b0        0x0 ./out/src/arch/x86/kmain.o
 .bss           0xffffffff801068b0        0x0 ./out/libraries/libc/io.o
 .bss           0xffffffff801068b0        0x0 ./out/libraries/libc/string.o
 *fill*         0xffffffff801068b0      0x750 
 .bss           0xffffffff80107000     0x8009 ./out/src/boot/multiboot.o
                0xffffffff8010b000                end_of_mapped_memory
                0xffffffff8010f009                stack_top
                0xffffffff8010f009                _kernel_end = .
                0x000000000010f009                _kernel_physical_end = (. - _kern_virtual_offset)
LOAD ./out/src/arch/x86/interupts/gdt.o
LOAD ./out/src/arch/x86/interupts/idt.o
LOAD ./out/src/arch/x86/interupts/interupts.o
LOAD ./out/src/arch/x86/interupts/control/apic.o
LOAD ./out/src/arch/x86/interupts/control/pic.o
LOAD ./out/src/arch/x86/dev/debug/serial.o
LOAD ./out/src/arch/x86/mem/mmu.o
LOAD ./out/src/arch/x86/mem/kmalloc.o
LOAD ./out/src/arch/x86/multiboot.o
LOAD ./out/src/arch/x86/kmain.o
LOAD ./out/libraries/libc/io.o
LOAD ./out/libraries/libc/string.o
LOAD ./out/src/arch/x86/asm/gdt.o
LOAD ./out/src/arch/x86/asm/irq.o
LOAD ./out/src/boot/multiboot.o
OUTPUT(lightos.elf elf64-x86-64)

.debug_info     0x0000000000000000     0x2a62
 .debug_info    0x0000000000000000      0x208 ./out/src/arch/x86/interupts/gdt.o
 .debug_info    0x0000000000000208      0xb6f ./out/src/arch/x86/interupts/idt.o
 .debug_info    0x0000000000000d77      0x41b ./out/src/arch/x86/interupts/interupts.o
 .debug_info    0x0000000000001192      0x32c ./out/src/arch/x86/interupts/control/pic.o
 .debug_info    0x00000000000014be      0x438 ./out/src/arch/x86/dev/debug/serial.o
 .debug_info    0x00000000000018f6      0x47b ./out/src/arch/x86/multiboot.o
 .debug_info    0x0000000000001d71      0x502 ./out/src/arch/x86/kmain.o
 .debug_info    0x0000000000002273      0x233 ./out/libraries/libc/io.o
 .debug_info    0x00000000000024a6      0x4b0 ./out/libraries/libc/string.o
 .debug_info    0x0000000000002956       0x5a ./out/src/arch/x86/asm/gdt.o
 .debug_info    0x00000000000029b0       0x5a ./out/src/arch/x86/asm/irq.o
 .debug_info    0x0000000000002a0a       0x58 ./out/src/boot/multiboot.o

.debug_abbrev   0x0000000000000000      0xd17
 .debug_abbrev  0x0000000000000000       0xd8 ./out/src/arch/x86/interupts/gdt.o
 .debug_abbrev  0x00000000000000d8      0x1b2 ./out/src/arch/x86/interupts/idt.o
 .debug_abbrev  0x000000000000028a      0x1fa ./out/src/arch/x86/interupts/interupts.o
 .debug_abbrev  0x0000000000000484       0xe9 ./out/src/arch/x86/interupts/control/pic.o
 .debug_abbrev  0x000000000000056d      0x185 ./out/src/arch/x86/dev/debug/serial.o
 .debug_abbrev  0x00000000000006f2      0x1d1 ./out/src/arch/x86/multiboot.o
 .debug_abbrev  0x00000000000008c3      0x1be ./out/src/arch/x86/kmain.o
 .debug_abbrev  0x0000000000000a81      0x12d ./out/libraries/libc/io.o
 .debug_abbrev  0x0000000000000bae      0x118 ./out/libraries/libc/string.o
 .debug_abbrev  0x0000000000000cc6       0x1b ./out/src/arch/x86/asm/gdt.o
 .debug_abbrev  0x0000000000000ce1       0x1b ./out/src/arch/x86/asm/irq.o
 .debug_abbrev  0x0000000000000cfc       0x1b ./out/src/boot/multiboot.o

.debug_aranges  0x0000000000000000      0x250
 .debug_aranges
                0x0000000000000000       0x30 ./out/src/arch/x86/interupts/gdt.o
 .debug_aranges
                0x0000000000000030       0x30 ./out/src/arch/x86/interupts/idt.o
 .debug_aranges
                0x0000000000000060       0x30 ./out/src/arch/x86/interupts/interupts.o
 .debug_aranges
                0x0000000000000090       0x30 ./out/src/arch/x86/interupts/control/pic.o
 .debug_aranges
                0x00000000000000c0       0x30 ./out/src/arch/x86/dev/debug/serial.o
 .debug_aranges
                0x00000000000000f0       0x30 ./out/src/arch/x86/multiboot.o
 .debug_aranges
                0x0000000000000120       0x40 ./out/src/arch/x86/kmain.o
 .debug_aranges
                0x0000000000000160       0x30 ./out/libraries/libc/io.o
 .debug_aranges
                0x0000000000000190       0x30 ./out/libraries/libc/string.o
 .debug_aranges
                0x00000000000001c0       0x30 ./out/src/arch/x86/asm/gdt.o
 .debug_aranges
                0x00000000000001f0       0x30 ./out/src/arch/x86/asm/irq.o
 .debug_aranges
                0x0000000000000220       0x30 ./out/src/boot/multiboot.o

.debug_line     0x0000000000000000     0x171d
 .debug_line    0x0000000000000000       0xcb ./out/src/arch/x86/interupts/gdt.o
 .debug_line    0x00000000000000cb      0x4f2 ./out/src/arch/x86/interupts/idt.o
 .debug_line    0x00000000000005bd      0x196 ./out/src/arch/x86/interupts/interupts.o
 .debug_line    0x0000000000000753        0x0 ./out/src/arch/x86/interupts/control/apic.o
 .debug_line    0x0000000000000753      0x109 ./out/src/arch/x86/interupts/control/pic.o
 .debug_line    0x000000000000085c      0x1e7 ./out/src/arch/x86/dev/debug/serial.o
 .debug_line    0x0000000000000a43        0x0 ./out/src/arch/x86/mem/mmu.o
 .debug_line    0x0000000000000a43        0x0 ./out/src/arch/x86/mem/kmalloc.o
 .debug_line    0x0000000000000a43      0x276 ./out/src/arch/x86/multiboot.o
 .debug_line    0x0000000000000cb9      0x1fa ./out/src/arch/x86/kmain.o
 .debug_line    0x0000000000000eb3       0xbf ./out/libraries/libc/io.o
 .debug_line    0x0000000000000f72      0x65f ./out/libraries/libc/string.o
 .debug_line    0x00000000000015d1       0x54 ./out/src/arch/x86/asm/gdt.o
 .debug_line    0x0000000000001625       0xa2 ./out/src/arch/x86/asm/irq.o
 .debug_line    0x00000000000016c7       0x56 ./out/src/boot/multiboot.o

.debug_str      0x0000000000000000      0x723
 .debug_str     0x0000000000000000      0x24e ./out/src/arch/x86/interupts/gdt.o
                                        0x288 (size before relaxing)
 .debug_str     0x000000000000024e       0xc0 ./out/src/arch/x86/interupts/idt.o
                                        0x2cf (size before relaxing)
 .debug_str     0x000000000000030e       0xc9 ./out/src/arch/x86/interupts/interupts.o
                                        0x2c0 (size before relaxing)
 .debug_str     0x00000000000003d7       0x26 ./out/src/arch/x86/interupts/control/apic.o
                                        0x158 (size before relaxing)
 .debug_str     0x00000000000003fd       0x3f ./out/src/arch/x86/interupts/control/pic.o
                                        0x1fd (size before relaxing)
 .debug_str     0x000000000000043c       0x3f ./out/src/arch/x86/dev/debug/serial.o
                                        0x213 (size before relaxing)
 .debug_str     0x000000000000047b       0x17 ./out/src/arch/x86/mem/mmu.o
                                        0x149 (size before relaxing)
 .debug_str     0x0000000000000492       0x1b ./out/src/arch/x86/mem/kmalloc.o
                                        0x14d (size before relaxing)
 .debug_str     0x00000000000004ad       0xe7 ./out/src/arch/x86/multiboot.o
                                        0x2ea (size before relaxing)
 .debug_str     0x0000000000000594       0x8f ./out/src/arch/x86/kmain.o
                                        0x2cb (size before relaxing)
 .debug_str     0x0000000000000623       0x3d ./out/libraries/libc/io.o
                                        0x211 (size before relaxing)
 .debug_str     0x0000000000000660       0xc3 ./out/libraries/libc/string.o
                                        0x29c (size before relaxing)

.comment        0x0000000000000000       0x12
 .comment       0x0000000000000000       0x12 ./out/src/arch/x86/interupts/gdt.o
                                         0x13 (size before relaxing)
 .comment       0x0000000000000012       0x13 ./out/src/arch/x86/interupts/idt.o
 .comment       0x0000000000000012       0x13 ./out/src/arch/x86/interupts/interupts.o
 .comment       0x0000000000000012       0x13 ./out/src/arch/x86/interupts/control/apic.o
 .comment       0x0000000000000012       0x13 ./out/src/arch/x86/interupts/control/pic.o
 .comment       0x0000000000000012       0x13 ./out/src/arch/x86/dev/debug/serial.o
 .comment       0x0000000000000012       0x13 ./out/src/arch/x86/mem/mmu.o
 .comment       0x0000000000000012       0x13 ./out/src/arch/x86/mem/kmalloc.o
 .comment       0x0000000000000012       0x13 ./out/src/arch/x86/multiboot.o
 .comment       0x0000000000000012       0x13 ./out/src/arch/x86/kmain.o
 .comment       0x0000000000000012       0x13 ./out/libraries/libc/io.o
 .comment       0x0000000000000012       0x13 ./out/libraries/libc/string.o

.debug_loc      0x0000000000000000     0x2a2f
 .debug_loc     0x0000000000000000      0xcdb ./out/src/arch/x86/interupts/idt.o
 .debug_loc     0x0000000000000cdb      0x2ee ./out/src/arch/x86/interupts/interupts.o
 .debug_loc     0x0000000000000fc9       0xa9 ./out/src/arch/x86/interupts/control/pic.o
 .debug_loc     0x0000000000001072      0x1e9 ./out/src/arch/x86/dev/debug/serial.o
 .debug_loc     0x000000000000125b      0x444 ./out/src/arch/x86/multiboot.o
 .debug_loc     0x000000000000169f       0xd6 ./out/src/arch/x86/kmain.o
 .debug_loc     0x0000000000001775       0xac ./out/libraries/libc/io.o
 .debug_loc     0x0000000000001821     0x120e ./out/libraries/libc/string.o
 .debug_loc     0x0000000000002a2f        0x0 ./out/src/arch/x86/asm/gdt.o
 .debug_loc     0x0000000000002a2f        0x0 ./out/src/arch/x86/asm/irq.o
 .debug_loc     0x0000000000002a2f        0x0 ./out/src/boot/multiboot.o

.debug_ranges   0x0000000000000000      0x9f0
 .debug_ranges  0x0000000000000000      0x580 ./out/src/arch/x86/interupts/idt.o
 .debug_ranges  0x0000000000000580       0x30 ./out/src/arch/x86/interupts/interupts.o
 .debug_ranges  0x00000000000005b0       0x20 ./out/src/arch/x86/interupts/control/pic.o
 .debug_ranges  0x00000000000005d0      0x100 ./out/src/arch/x86/dev/debug/serial.o
 .debug_ranges  0x00000000000006d0       0xc0 ./out/src/arch/x86/multiboot.o
 .debug_ranges  0x0000000000000790       0x30 ./out/src/arch/x86/kmain.o
 .debug_ranges  0x00000000000007c0      0x230 ./out/libraries/libc/string.o

.debug_pubnames
                0x0000000000000000        0x0
 .debug_pubnames
                0x0000000000000000        0x0 ./out/src/arch/x86/asm/gdt.o
 .debug_pubnames
                0x0000000000000000        0x0 ./out/src/arch/x86/asm/irq.o
 .debug_pubnames
                0x0000000000000000        0x0 ./out/src/boot/multiboot.o

.debug_frame    0x0000000000000000        0x0
 .debug_frame   0x0000000000000000        0x0 ./out/src/arch/x86/asm/gdt.o
 .debug_frame   0x0000000000000000        0x0 ./out/src/arch/x86/asm/irq.o
 .debug_frame   0x0000000000000000        0x0 ./out/src/boot/multiboot.o
