
Memory Configuration

Name             Origin             Length             Attributes
*default*        0x0000000000000000 0xffffffffffffffff

Linker script and memory map

                0x0000000000100000                . = 0x100000
                0x0000000000100000                _kernel_start = .
                0xffffffff80000000                _kern_virtual_offset = 0xffffffff80000000

.multiboot_header
                0x0000000000100000       0x18
 *(.multiboot_header)
 .multiboot_header
                0x0000000000100000       0x18 ./out/src/boot/multiboot.o

.pre_text       0x0000000000100018       0xa8
 *(.pre_text)
 .pre_text      0x0000000000100018       0xa8 ./out/src/boot/multiboot.o
                0x0000000000100018                start
                0xffffffff801000c0                . = (. + _kern_virtual_offset)

.text           0xffffffff80101000      0xc98 load address 0x0000000000101000
 *(.text*)
 .text          0xffffffff80101000      0x22e ./out/src/arch/x86/dev/debug/serial.o
                0xffffffff80101000                in8
                0xffffffff80101010                in16
                0xffffffff80101020                out8
                0xffffffff80101030                out16
                0xffffffff80101040                delay
                0xffffffff80101060                init_serial
                0xffffffff801010b0                putch
                0xffffffff80101100                print
                0xffffffff80101170                println
 *fill*         0xffffffff8010122e        0x2 
 .text          0xffffffff80101230      0x166 ./out/src/arch/x86/multiboot.o
                0xffffffff80101230                mb_initialize
                0xffffffff80101320                next_mb2_tag
                0xffffffff80101360                get_mb2_tag
 *fill*         0xffffffff80101396        0xa 
 .text          0xffffffff801013a0       0x81 ./out/src/arch/x86/kmain.o
                0xffffffff801013a0                _start
 *fill*         0xffffffff80101421        0xf 
 .text.startup  0xffffffff80101430        0xc ./out/src/arch/x86/kmain.o
                0xffffffff80101430                test
 *fill*         0xffffffff8010143c        0x4 
 .text          0xffffffff80101440      0x81a ./out/libraries/libc/string.o
                0xffffffff80101440                strlen
                0xffffffff80101470                strcmp
                0xffffffff801014b0                strcpy
                0xffffffff801014e0                memcpy
                0xffffffff80101700                memcmp
                0xffffffff80101730                memset
                0xffffffff801018c0                memchr
                0xffffffff801018f0                string_from_dec
                0xffffffff80101bd0                string_from_hex
 *fill*         0xffffffff80101c5a        0x6 
 .text          0xffffffff80101c60       0x38 ./out/src/boot/multiboot.o

.iplt           0xffffffff80101c98        0x0 load address 0x0000000000101c98
 .iplt          0xffffffff80101c98        0x0 ./out/src/arch/x86/dev/debug/serial.o

.rodata         0xffffffff80102000       0xcc load address 0x0000000000102000
                0xffffffff80102000                start_ctors = .
 *(.ctors)
 .ctors         0xffffffff80102000        0x8 ./out/src/arch/x86/kmain.o
 *(.init_array)
                0xffffffff80102008                end_ctors = .
 *(.rodata*)
 .rodata.str1.1
                0xffffffff80102008       0x39 ./out/src/arch/x86/multiboot.o
 .rodata.str1.1
                0xffffffff80102041       0x4c ./out/src/arch/x86/kmain.o
 *fill*         0xffffffff8010208d        0x3 
 .rodata.cst16  0xffffffff80102090       0x10 ./out/libraries/libc/string.o
 .rodata        0xffffffff801020a0       0x2c ./out/src/boot/multiboot.o

.eh_frame       0xffffffff801020d0      0x240 load address 0x00000000001020d0
 .eh_frame      0xffffffff801020d0       0xd0 ./out/src/arch/x86/dev/debug/serial.o
 .eh_frame      0xffffffff801021a0       0x58 ./out/src/arch/x86/multiboot.o
                                         0x70 (size before relaxing)
 .eh_frame      0xffffffff801021f8       0x48 ./out/src/arch/x86/kmain.o
                                         0x60 (size before relaxing)
 .eh_frame      0xffffffff80102240       0xd0 ./out/libraries/libc/string.o
                                         0xe8 (size before relaxing)

.rela.dyn       0xffffffff80102310        0x0 load address 0x0000000000102310
 .rela.got      0xffffffff80102310        0x0 ./out/src/arch/x86/dev/debug/serial.o
 .rela.iplt     0xffffffff80102310        0x0 ./out/src/arch/x86/dev/debug/serial.o
 .rela.text     0xffffffff80102310        0x0 ./out/src/arch/x86/dev/debug/serial.o

.data           0xffffffff80103000        0x0 load address 0x0000000000103000
 *(.data*)
 .data          0xffffffff80103000        0x0 ./out/src/arch/x86/dev/debug/serial.o
 .data          0xffffffff80103000        0x0 ./out/src/arch/x86/multiboot.o
 .data          0xffffffff80103000        0x0 ./out/src/arch/x86/kmain.o
 .data          0xffffffff80103000        0x0 ./out/libraries/libc/string.o

.got            0xffffffff80102310        0x0 load address 0x0000000000102310
 .got           0xffffffff80102310        0x0 ./out/src/arch/x86/dev/debug/serial.o

.got.plt        0xffffffff80102310        0x0 load address 0x0000000000102310
 .got.plt       0xffffffff80102310        0x0 ./out/src/arch/x86/dev/debug/serial.o

.igot.plt       0xffffffff80102310        0x0 load address 0x0000000000102310
 .igot.plt      0xffffffff80102310        0x0 ./out/src/arch/x86/dev/debug/serial.o

.bss            0xffffffff80103000     0x9009 load address 0x0000000000103000
 *(COMMON)
 *(.bss*)
 .bss           0xffffffff80103000        0x4 ./out/src/arch/x86/dev/debug/serial.o
 *fill*         0xffffffff80103004        0x4 
 .bss           0xffffffff80103008        0x8 ./out/src/arch/x86/multiboot.o
 .bss           0xffffffff80103010        0x0 ./out/src/arch/x86/kmain.o
 .bss           0xffffffff80103010        0x0 ./out/libraries/libc/string.o
 *fill*         0xffffffff80103010      0xff0 
 .bss           0xffffffff80104000     0x8009 ./out/src/boot/multiboot.o
                0xffffffff80108000                end_of_mapped_memory
                0xffffffff8010c009                _kernel_end = .
                0x000000000010c009                _kernel_physical_end = (. - _kern_virtual_offset)
LOAD ./out/src/arch/x86/dev/debug/serial.o
LOAD ./out/src/arch/x86/multiboot.o
LOAD ./out/src/arch/x86/kmain.o
LOAD ./out/libraries/libc/string.o
LOAD ./out/src/boot/multiboot.o
OUTPUT(lightos.elf elf64-x86-64)

.debug_info     0x0000000000000000     0x1456
 .debug_info    0x0000000000000000      0x819 ./out/src/arch/x86/dev/debug/serial.o
 .debug_info    0x0000000000000819      0x46f ./out/src/arch/x86/multiboot.o
 .debug_info    0x0000000000000c88      0x24e ./out/src/arch/x86/kmain.o
 .debug_info    0x0000000000000ed6      0x528 ./out/libraries/libc/string.o
 .debug_info    0x00000000000013fe       0x58 ./out/src/boot/multiboot.o

.debug_abbrev   0x0000000000000000      0x689
 .debug_abbrev  0x0000000000000000      0x22b ./out/src/arch/x86/dev/debug/serial.o
 .debug_abbrev  0x000000000000022b      0x1d1 ./out/src/arch/x86/multiboot.o
 .debug_abbrev  0x00000000000003fc      0x161 ./out/src/arch/x86/kmain.o
 .debug_abbrev  0x000000000000055d      0x111 ./out/libraries/libc/string.o
 .debug_abbrev  0x000000000000066e       0x1b ./out/src/boot/multiboot.o

.debug_loc      0x0000000000000000     0x25f8
 .debug_loc     0x0000000000000000      0x74e ./out/src/arch/x86/dev/debug/serial.o
 .debug_loc     0x000000000000074e      0x444 ./out/src/arch/x86/multiboot.o
 .debug_loc     0x0000000000000b92      0x108 ./out/src/arch/x86/kmain.o
 .debug_loc     0x0000000000000c9a     0x195e ./out/libraries/libc/string.o
 .debug_loc     0x00000000000025f8        0x0 ./out/src/boot/multiboot.o

.debug_aranges  0x0000000000000000      0x100
 .debug_aranges
                0x0000000000000000       0x30 ./out/src/arch/x86/dev/debug/serial.o
 .debug_aranges
                0x0000000000000030       0x30 ./out/src/arch/x86/multiboot.o
 .debug_aranges
                0x0000000000000060       0x40 ./out/src/arch/x86/kmain.o
 .debug_aranges
                0x00000000000000a0       0x30 ./out/libraries/libc/string.o
 .debug_aranges
                0x00000000000000d0       0x30 ./out/src/boot/multiboot.o

.debug_ranges   0x0000000000000000      0x540
 .debug_ranges  0x0000000000000000      0x1a0 ./out/src/arch/x86/dev/debug/serial.o
 .debug_ranges  0x00000000000001a0       0xc0 ./out/src/arch/x86/multiboot.o
 .debug_ranges  0x0000000000000260       0x30 ./out/src/arch/x86/kmain.o
 .debug_ranges  0x0000000000000290      0x2b0 ./out/libraries/libc/string.o

.debug_line     0x0000000000000000     0x1176
 .debug_line    0x0000000000000000      0x377 ./out/src/arch/x86/dev/debug/serial.o
 .debug_line    0x0000000000000377      0x276 ./out/src/arch/x86/multiboot.o
 .debug_line    0x00000000000005ed      0x146 ./out/src/arch/x86/kmain.o
 .debug_line    0x0000000000000733      0x9ed ./out/libraries/libc/string.o
 .debug_line    0x0000000000001120       0x56 ./out/src/boot/multiboot.o

.debug_str      0x0000000000000000      0x453
 .debug_str     0x0000000000000000      0x20f ./out/src/arch/x86/dev/debug/serial.o
                                        0x244 (size before relaxing)
 .debug_str     0x000000000000020f       0xfe ./out/src/arch/x86/multiboot.o
                                        0x2e1 (size before relaxing)
 .debug_str     0x000000000000030d       0x76 ./out/src/arch/x86/kmain.o
                                        0x266 (size before relaxing)
 .debug_str     0x0000000000000383       0xd0 ./out/libraries/libc/string.o
                                        0x2a6 (size before relaxing)

.comment        0x0000000000000000       0x12
 .comment       0x0000000000000000       0x12 ./out/src/arch/x86/dev/debug/serial.o
                                         0x13 (size before relaxing)
 .comment       0x0000000000000012       0x13 ./out/src/arch/x86/multiboot.o
 .comment       0x0000000000000012       0x13 ./out/src/arch/x86/kmain.o
 .comment       0x0000000000000012       0x13 ./out/libraries/libc/string.o

.debug_pubnames
                0x0000000000000000        0x0
 .debug_pubnames
                0x0000000000000000        0x0 ./out/src/boot/multiboot.o

.debug_frame    0x0000000000000000        0x0
 .debug_frame   0x0000000000000000        0x0 ./out/src/boot/multiboot.o
